Component: ARM Compiler 5.06 update 7 (build 960) Tool: armlink [4d3601]

==============================================================================

Section Cross References

    main.o(i.advertising_init) refers to memseta.o(.text) for __aeabi_memclr4
    main.o(i.advertising_init) refers to ble_advertising.o(i.ble_advertising_init) for ble_advertising_init
    main.o(i.advertising_init) refers to app_error.o(i.app_error_handler_bare) for app_error_handler_bare
    main.o(i.advertising_init) refers to ble_advertising.o(i.ble_advertising_conn_cfg_tag_set) for ble_advertising_conn_cfg_tag_set
    main.o(i.advertising_init) refers to main.o(.data) for m_adv_uuids
    main.o(i.advertising_init) refers to main.o(i.on_adv_evt) for on_adv_evt
    main.o(i.advertising_init) refers to main.o(.bss) for m_advertising
    main.o(i.advertising_start) refers to main.o(i.delete_bonds) for delete_bonds
    main.o(i.advertising_start) refers to ble_advertising.o(i.ble_advertising_start) for ble_advertising_start
    main.o(i.advertising_start) refers to app_error.o(i.app_error_handler_bare) for app_error_handler_bare
    main.o(i.advertising_start) refers to main.o(.bss) for m_advertising
    main.o(i.assert_nrf_callback) refers to app_error_handler_keil.o(.emb_text) for app_error_handler
    main.o(i.ble_evt_handler) refers to nrf_log_frontend.o(i.nrf_log_frontend_std_0) for nrf_log_frontend_std_0
    main.o(i.ble_evt_handler) refers to bsp.o(i.bsp_indication_set) for bsp_indication_set
    main.o(i.ble_evt_handler) refers to app_error.o(i.app_error_handler_bare) for app_error_handler_bare
    main.o(i.ble_evt_handler) refers to nrf_ble_qwr.o(i.nrf_ble_qwr_conn_handle_assign) for nrf_ble_qwr_conn_handle_assign
    main.o(i.ble_evt_handler) refers to nrf_log_frontend.o(log_const_data) for m_nrf_log_app_logs_data_const
    main.o(i.ble_evt_handler) refers to main.o(.data) for m_conn_handle
    main.o(i.ble_evt_handler) refers to main.o(.bss) for m_qwr
    main.o(i.ble_stack_init) refers to nrf_sdh.o(i.nrf_sdh_enable_request) for nrf_sdh_enable_request
    main.o(i.ble_stack_init) refers to app_error.o(i.app_error_handler_bare) for app_error_handler_bare
    main.o(i.ble_stack_init) refers to nrf_sdh_ble.o(i.nrf_sdh_ble_default_cfg_set) for nrf_sdh_ble_default_cfg_set
    main.o(i.ble_stack_init) refers to nrf_sdh_ble.o(i.nrf_sdh_ble_enable) for nrf_sdh_ble_enable
    main.o(i.bsp_event_handler) refers to main.o(i.sleep_mode_enter) for sleep_mode_enter
    main.o(i.bsp_event_handler) refers to app_error.o(i.app_error_handler_bare) for app_error_handler_bare
    main.o(i.bsp_event_handler) refers to ble_advertising.o(i.ble_advertising_restart_without_whitelist) for ble_advertising_restart_without_whitelist
    main.o(i.bsp_event_handler) refers to main.o(.data) for m_conn_handle
    main.o(i.bsp_event_handler) refers to main.o(.bss) for m_advertising
    main.o(i.buttons_leds_init) refers to bsp.o(i.bsp_init) for bsp_init
    main.o(i.buttons_leds_init) refers to app_error.o(i.app_error_handler_bare) for app_error_handler_bare
    main.o(i.buttons_leds_init) refers to bsp_btn_ble.o(i.bsp_btn_ble_init) for bsp_btn_ble_init
    main.o(i.buttons_leds_init) refers to main.o(i.bsp_event_handler) for bsp_event_handler
    main.o(i.conn_params_error_handler) refers to app_error.o(i.app_error_handler_bare) for app_error_handler_bare
    main.o(i.conn_params_init) refers to memseta.o(.text) for __aeabi_memclr4
    main.o(i.conn_params_init) refers to ble_conn_params.o(i.ble_conn_params_init) for ble_conn_params_init
    main.o(i.conn_params_init) refers to app_error.o(i.app_error_handler_bare) for app_error_handler_bare
    main.o(i.conn_params_init) refers to main.o(i.on_conn_params_evt) for on_conn_params_evt
    main.o(i.conn_params_init) refers to main.o(i.conn_params_error_handler) for conn_params_error_handler
    main.o(i.delete_bonds) refers to nrf_log_frontend.o(i.nrf_log_frontend_std_0) for nrf_log_frontend_std_0
    main.o(i.delete_bonds) refers to peer_manager.o(i.pm_peers_delete) for pm_peers_delete
    main.o(i.delete_bonds) refers to app_error.o(i.app_error_handler_bare) for app_error_handler_bare
    main.o(i.delete_bonds) refers to nrf_log_frontend.o(log_const_data) for m_nrf_log_app_logs_data_const
    main.o(i.disconnect_handler) refers to app_timer2.o(i.app_timer_stop) for app_timer_stop
    main.o(i.disconnect_handler) refers to main.o(i.saadc_timer_disable) for saadc_timer_disable
    main.o(i.disconnect_handler) refers to main.o(.bss) for ts
    main.o(i.disconnect_handler) refers to main.o(.constdata) for our_test_id
    main.o(i.disconnect_handler) refers to main.o(.data) for sampling_flag
    main.o(i.gap_params_init) refers to app_error.o(i.app_error_handler_bare) for app_error_handler_bare
    main.o(i.gatt_init) refers to nrf_ble_gatt.o(i.nrf_ble_gatt_init) for nrf_ble_gatt_init
    main.o(i.gatt_init) refers to app_error.o(i.app_error_handler_bare) for app_error_handler_bare
[...]
    0x0002c494   0x0002c494   0x0000001c   Code   RO         1871    i.gscm_db_change_notification_done  gatts_cache_manager.o
    0x0002c4b0   0x0002c4b0   0x00000014   Code   RO         1872    i.gscm_init         gatts_cache_manager.o
    0x0002c4c4   0x0002c4c4   0x000000b8   Code   RO         1874    i.gscm_local_db_cache_apply  gatts_cache_manager.o
    0x0002c57c   0x0002c57c   0x00000190   Code   RO         1875    i.gscm_local_db_cache_update  gatts_cache_manager.o
    0x0002c70c   0x0002c70c   0x0000001c   Code   RO         1876    i.gscm_pdb_evt_handler  gatts_cache_manager.o
    0x0002c728   0x0002c728   0x00000028   Code   RO         1877    i.gscm_service_changed_ind_needed  gatts_cache_manager.o
    0x0002c750   0x0002c750   0x00000074   Code   RO         1878    i.gscm_service_changed_ind_send  gatts_cache_manager.o
    0x0002c7c4   0x0002c7c4   0x00000030   Code   RO         6370    i.header_check      fds.o
    0x0002c7f4   0x0002c7f4   0x00000016   Code   RO         6371    i.header_has_next   fds.o
    0x0002c80a   0x0002c80a   0x0000000e   Code   RO         6372    i.header_jump       fds.o
    0x0002c818   0x0002c818   0x0000000e   Code   RO           19    i.idle_state_handle  main.o
    0x0002c826   0x0002c826   0x0000004c   Code   RO         1971    i.im_address_resolve  id_manager.o
    0x0002c872   0x0002c872   0x00000002   PAD
    0x0002c874   0x0002c874   0x00000038   Code   RO         1972    i.im_ble_addr_get   id_manager.o
    0x0002c8ac   0x0002c8ac   0x000000ec   Code   RO         1973    i.im_ble_evt_handler  id_manager.o
    0x0002c998   0x0002c998   0x00000040   Code   RO         1974    i.im_conn_handle_get  id_manager.o
    0x0002c9d8   0x0002c9d8   0x00000038   Code   RO         1976    i.im_find_duplicate_bonding_data  id_manager.o
    0x0002ca10   0x0002ca10   0x00000090   Code   RO         1979    i.im_is_duplicate_bonding_data  id_manager.o
    0x0002caa0   0x0002caa0   0x00000022   Code   RO         1980    i.im_master_id_is_valid  id_manager.o
    0x0002cac2   0x0002cac2   0x00000032   Code   RO         1981    i.im_master_ids_compare  id_manager.o
    0x0002caf4   0x0002caf4   0x00000014   Code   RO         1982    i.im_new_peer_id    id_manager.o
    0x0002cb08   0x0002cb08   0x00000030   Code   RO         1983    i.im_peer_free      id_manager.o
    0x0002cb38   0x0002cb38   0x00000028   Code   RO         1984    i.im_peer_id_get_by_conn_handle  id_manager.o
    0x0002cb60   0x0002cb60   0x00000040   Code   RO         1985    i.im_peer_id_get_by_master_id  id_manager.o
    0x0002cba0   0x0002cba0   0x0000003c   Code   RO         7324    i.init              nrf_fstorage_sd.o
    0x0002cbdc   0x0002cbdc   0x00000128   Code   RO         6373    i.init_execute      fds.o
    0x0002cd04   0x0002cd04   0x0000002c   Code   RO         1322    i.instance_get      ble_conn_params.o
    0x0002cd30   0x0002cd30   0x000000be   Code   RO         7185    i.int_print         nrf_fprintf_format.o
    0x0002cdee   0x0002cdee   0x00000002   PAD
    0x0002cdf0   0x0002cdf0   0x0000000c   Code   RO         1691    i.internal_state_reset  gatt_cache_manager.o
    0x0002cdfc   0x0002cdfc   0x00000018   Code   RO         1879    i.internal_state_reset  gatts_cache_manager.o
    0x0002ce14   0x0002ce14   0x00000020   Code   RO         2499    i.internal_state_reset  peer_database.o
    0x0002ce34   0x0002ce34   0x0000000e   Code   RO         2654    i.internal_state_reset  peer_id.o
    0x0002ce42   0x0002ce42   0x00000002   PAD
    0x0002ce44   0x0002ce44   0x00000018   Code   RO         2750    i.internal_state_reset  peer_manager.o
    0x0002ce5c   0x0002ce5c   0x00000094   Code   RO         4576    i.interrupts_enable  nrfx_uart.o
    0x0002cef0   0x0002cef0   0x000000b4   Code   RO         4826    i.interrupts_enable  nrfx_uarte.o
    0x0002cfa4   0x0002cfa4   0x00000046   Code   RO         8194    i.invalid_packets_omit  nrf_log_frontend.o
    0x0002cfea   0x0002cfea   0x0000005c   Code   RO         5376    i.irq_handler       nrfx_timer.o
    0x0002d046   0x0002d046   0x00000002   PAD
    0x0002d048   0x0002d048   0x00000020   Code   RO         5213    i.is_allocated_channel  nrfx_ppi.o
    0x0002d068   0x0002d068   0x00000012   Code   RO         5215    i.is_app_channel    nrfx_ppi.o
    0x0002d07a   0x0002d07a   0x00000002   PAD
    0x0002d07c   0x0002d07c   0x00000014   Code   RO         7325    i.is_busy           nrf_fstorage_sd.o
    0x0002d090   0x0002d090   0x00000064   Code   RO         2751    i.is_conn_handle_excluded  peer_manager.o
    0x0002d0f4   0x0002d0f4   0x00000072   Code   RO         1323    i.is_conn_params_ok  ble_conn_params.o
    0x0002d166   0x0002d166   0x00000018   Code   RO         5217    i.is_programmable_app_channel  nrfx_ppi.o
    0x0002d17e   0x0002d17e   0x00000018   Code   RO         1990    i.is_valid_irk      id_manager.o
    0x0002d196   0x0002d196   0x00000010   Code   RO         6374    i.is_word_aligned   fds.o
    0x0002d1a6   0x0002d1a6   0x0000000c   Code   RO         3621    i.item_dequeue      nrf_drv_clock.o
    0x0002d1b2   0x0002d1b2   0x00000026   Code   RO         3432    i.key_is_lesc       security_manager.o
    0x0002d1d8   0x0002d1d8   0x00000026   Code   RO         4150    i.latch_pending_read_and_check  nrfx_gpiote.o
    0x0002d1fe   0x0002d1fe   0x00000002   PAD
    0x0002d200   0x0002d200   0x000000bc   Code   RO           20    i.led_write_handler  main.o
    0x0002d2bc   0x0002d2bc   0x00000028   Code   RO          794    i.leds_off          bsp.o
    0x0002d2e4   0x0002d2e4   0x00000020   Code   RO          795    i.leds_timer_handler  bsp.o
    0x0002d304   0x0002d304   0x00000018   Code   RO         3623    i.lfclk_stop        nrf_drv_clock.o
    0x0002d31c   0x0002d31c   0x00000016   Code   RO         2144    i.link_init         nrf_ble_gatt.o
    0x0002d332   0x0002d332   0x00000002   PAD
    0x0002d334   0x0002d334   0x000000e8   Code   RO         3433    i.link_secure       security_manager.o
    0x0002d41c   0x0002d41c   0x00000018   Code   RO         3246    i.link_secure_authenticate  security_dispatcher.o
    0x0002d434   0x0002d434   0x0000003c   Code   RO         3247    i.link_secure_failure  security_dispatcher.o
    0x0002d470   0x0002d470   0x0000003c   Code   RO         3434    i.link_secure_pending_handle  security_manager.o
    0x0002d4ac   0x0002d4ac   0x00000018   Code   RO         3248    i.link_secure_peripheral  security_dispatcher.o
    0x0002d4c4   0x0002d4c4   0x000000c4   Code   RO         1692    i.local_db_apply_in_evt  gatt_cache_manager.o
    0x0002d588   0x0002d588   0x00000018   Code   RO         1693    i.local_db_update   gatt_cache_manager.o
    0x0002d5a0   0x0002d5a0   0x00000128   Code   RO         1694    i.local_db_update_in_evt  gatt_cache_manager.o
    0x0002d6c8   0x0002d6c8   0x00000026   Code   RO           21    i.log_init          main.o
    0x0002d6ee   0x0002d6ee   0x00000002   Code   RO         8195    i.log_pending_hook  nrf_log_frontend.o
    0x0002d6f0   0x0002d6f0   0x000000cc   Code   RO         8196    i.log_skip          nrf_log_frontend.o
    0x0002d7bc   0x0002d7bc   0x0000009c   Code   RO           22    i.main              main.o
    0x0002d858   0x0002d858   0x00000076   Code   RO         1050    i.manuf_specific_data_encode  ble_advdata.o
    0x0002d8ce   0x0002d8ce   0x000000ca   Code   RO         7456    i.memobj_op         nrf_memobj.o
    0x0002d998   0x0002d998   0x00000038   Code   RO         8197    i.module_idx_get    nrf_log_frontend.o
    0x0002d9d0   0x0002d9d0   0x00000026   Code   RO         3179    i.mutex_lock        pm_buffer.o
    0x0002d9f6   0x0002d9f6   0x00000020   Code   RO         3180    i.mutex_lock_status_get  pm_buffer.o
    0x0002da16   0x0002da16   0x00000020   Code   RO         3181    i.mutex_unlock      pm_buffer.o
    0x0002da36   0x0002da36   0x000000c8   Code   RO         1051    i.name_encode       ble_advdata.o
    0x0002dafe   0x0002dafe   0x00000002   PAD
    0x0002db00   0x0002db00   0x00000020   Code   RO         3435    i.new_context_get   security_manager.o
    0x0002db20   0x0002db20   0x00000032   Code   RO         3436    i.new_evt           security_manager.o
    0x0002db52   0x0002db52   0x00000034   Code   RO         2655    i.next_id_get       peer_id.o
    0x0002db86   0x0002db86   0x00000002   Code   RO           23    i.notify_handler    main.o
    0x0002db88   0x0002db88   0x00000044   Code   RO         9080    i.nrf52_errata_103  system_nrf52.o
    0x0002dbcc   0x0002dbcc   0x00000044   Code   RO         9091    i.nrf52_errata_115  system_nrf52.o
    0x0002dc10   0x0002dc10   0x00000044   Code   RO         9097    i.nrf52_errata_120  system_nrf52.o
    0x0002dc54   0x0002dc54   0x00000044   Code   RO         9107    i.nrf52_errata_136  system_nrf52.o
    0x0002dc98   0x0002dc98   0x00000044   Code   RO         9195    i.nrf52_errata_249  system_nrf52.o
    0x0002dcdc   0x0002dcdc   0x00000044   Code   RO         9210    i.nrf52_errata_36   system_nrf52.o
    0x0002dd20   0x0002dd20   0x00000044   Code   RO         9233    i.nrf52_errata_66   system_nrf52.o
    0x0002dd64   0x0002dd64   0x00000044   Code   RO         9260    i.nrf52_errata_98   system_nrf52.o
    0x0002dda8   0x0002dda8   0x00000016   Code   RO         6822    i.nrf_atfifo_clear  nrf_atfifo.o
    0x0002ddbe   0x0002ddbe   0x00000028   Code   RO         6824    i.nrf_atfifo_init   nrf_atfifo.o
    0x0002dde6   0x0002dde6   0x0000001c   Code   RO         6825    i.nrf_atfifo_item_alloc  nrf_atfifo.o
    0x0002de02   0x0002de02   0x0000001c   Code   RO         6826    i.nrf_atfifo_item_free  nrf_atfifo.o
    0x0002de1e   0x0002de1e   0x0000001c   Code   RO         6827    i.nrf_atfifo_item_get  nrf_atfifo.o
    0x0002de3a   0x0002de3a   0x0000001c   Code   RO         6828    i.nrf_atfifo_item_put  nrf_atfifo.o
    0x0002de56   0x0002de56   0x0000001e   Code   RO         6893    i.nrf_atflags_clear  nrf_atflags.o
    0x0002de74   0x0002de74   0x0000002e   Code   RO         6895    i.nrf_atflags_fetch_set  nrf_atflags.o
    0x0002dea2   0x0002dea2   0x00000060   Code   RO         6897    i.nrf_atflags_find_and_set_flag  nrf_atflags.o
    0x0002df02   0x0002df02   0x0000001e   Code   RO         6898    i.nrf_atflags_get   nrf_atflags.o
    0x0002df20   0x0002df20   0x0000001e   Code   RO         6900    i.nrf_atflags_set   nrf_atflags.o
    0x0002df3e   0x0002df3e   0x0000000e   Code   RO         6961    i.nrf_atomic_flag_clear_fetch  nrf_atomic.o
    0x0002df4c   0x0002df4c   0x0000000e   Code   RO         6962    i.nrf_atomic_flag_set  nrf_atomic.o
    0x0002df5a   0x0002df5a   0x0000000e   Code   RO         6963    i.nrf_atomic_flag_set_fetch  nrf_atomic.o
    0x0002df68   0x0002df68   0x00000016   Code   RO         6964    i.nrf_atomic_u32_add  nrf_atomic.o
    0x0002df7e   0x0002df7e   0x00000016   Code   RO         6965    i.nrf_atomic_u32_and  nrf_atomic.o
    0x0002df94   0x0002df94   0x00000016   Code   RO         6967    i.nrf_atomic_u32_fetch_add  nrf_atomic.o
    0x0002dfaa   0x0002dfaa   0x00000016   Code   RO         6968    i.nrf_atomic_u32_fetch_and  nrf_atomic.o
    0x0002dfc0   0x0002dfc0   0x00000016   Code   RO         6969    i.nrf_atomic_u32_fetch_or  nrf_atomic.o
    0x0002dfd6   0x0002dfd6   0x00000016   Code   RO         6970    i.nrf_atomic_u32_fetch_store  nrf_atomic.o
    0x0002dfec   0x0002dfec   0x00000016   Code   RO         6974    i.nrf_atomic_u32_or  nrf_atomic.o
    0x0002e002   0x0002e002   0x00000016   Code   RO         6976    i.nrf_atomic_u32_sub  nrf_atomic.o
    0x0002e018   0x0002e018   0x00000052   Code   RO         7098    i.nrf_balloc_alloc  nrf_balloc.o
    0x0002e06a   0x0002e06a   0x00000010   Code   RO         7099    i.nrf_balloc_block2idx  nrf_balloc.o
    0x0002e07a   0x0002e07a   0x00000030   Code   RO         7100    i.nrf_balloc_free   nrf_balloc.o
    0x0002e0aa   0x0002e0aa   0x0000000c   Code   RO         7101    i.nrf_balloc_idx2block  nrf_balloc.o
    0x0002e0b6   0x0002e0b6   0x0000003c   Code   RO         7102    i.nrf_balloc_init   nrf_balloc.o
    0x0002e0f2   0x0002e0f2   0x00000016   Code   RO         4151    i.nrf_bitmask_bit_is_set  nrfx_gpiote.o
    0x0002e108   0x0002e108   0x00000034   Code   RO         2150    i.nrf_ble_gatt_init  nrf_ble_gatt.o
    0x0002e13c   0x0002e13c   0x00000108   Code   RO         2151    i.nrf_ble_gatt_on_ble_evt  nrf_ble_gatt.o
    0x0002e244   0x0002e244   0x00000020   Code   RO         2265    i.nrf_ble_qwr_conn_handle_assign  nrf_ble_qwr.o
    0x0002e264   0x0002e264   0x00000032   Code   RO         2266    i.nrf_ble_qwr_init  nrf_ble_qwr.o
    0x0002e296   0x0002e296   0x0000007c   Code   RO         2267    i.nrf_ble_qwr_on_ble_evt  nrf_ble_qwr.o
    0x0002e312   0x0002e312   0x00000012   Code   RO         3983    i.nrf_clock_event_check  nrfx_clock.o
    0x0002e324   0x0002e324   0x00000012   Code   RO         3984    i.nrf_clock_event_clear  nrfx_clock.o
    0x0002e336   0x0002e336   0x00000002   PAD
    0x0002e338   0x0002e338   0x0000000c   Code   RO         3985    i.nrf_clock_int_disable  nrfx_clock.o
    0x0002e344   0x0002e344   0x00000008   Code   RO         3987    i.nrf_clock_task_trigger  nrfx_clock.o
    0x0002e34c   0x0002e34c   0x0000004c   Code   RO         3629    i.nrf_drv_clock_init  nrf_drv_clock.o
    0x0002e398   0x0002e398   0x00000030   Code   RO         3633    i.nrf_drv_clock_lfclk_release  nrf_drv_clock.o
    0x0002e3c8   0x0002e3c8   0x0000001c   Code   RO         5554    i.nrf_drv_ppi_init  nrf_drv_ppi.o
    0x0002e3e4   0x0002e3e4   0x0000008c   Code   RO         3788    i.nrf_drv_uart_init  nrf_drv_uart.o
    0x0002e470   0x0002e470   0x00000044   Code   RO         7834    i.nrf_drv_uart_rx   app_uart_fifo.o
    0x0002e4b4   0x0002e4b4   0x00000044   Code   RO         7835    i.nrf_drv_uart_tx   app_uart_fifo.o
    0x0002e4f8   0x0002e4f8   0x0000002a   Code   RO         7145    i.nrf_fprintf       nrf_fprintf.o
    0x0002e522   0x0002e522   0x0000001c   Code   RO         7146    i.nrf_fprintf_buffer_flush  nrf_fprintf.o
    0x0002e53e   0x0002e53e   0x000001f0   Code   RO         7186    i.nrf_fprintf_fmt   nrf_fprintf_format.o
    0x0002e72e   0x0002e72e   0x00000002   PAD
    0x0002e730   0x0002e730   0x00000170   Code   RO         7232    i.nrf_fstorage_erase  nrf_fstorage.o
    0x0002e8a0   0x0002e8a0   0x000000ac   Code   RO         7233    i.nrf_fstorage_init  nrf_fstorage.o
    0x0002e94c   0x0002e94c   0x0000001c   Code   RO         7326    i.nrf_fstorage_sdh_req_handler  nrf_fstorage_sd.o
    0x0002e968   0x0002e968   0x0000002c   Code   RO         7327    i.nrf_fstorage_sdh_state_handler  nrf_fstorage_sd.o
    0x0002e994   0x0002e994   0x0000008c   Code   RO         7328    i.nrf_fstorage_sys_evt_handler  nrf_fstorage_sd.o
    0x0002ea20   0x0002ea20   0x00000264   Code   RO         7239    i.nrf_fstorage_write  nrf_fstorage.o
    0x0002ec84   0x0002ec84   0x00000034   Code   RO          630    i.nrf_gpio_cfg      boards.o
    0x0002ecb8   0x0002ecb8   0x00000034   Code   RO         4152    i.nrf_gpio_cfg      nrfx_gpiote.o
    0x0002ecec   0x0002ecec   0x00000034   Code   RO         4577    i.nrf_gpio_cfg      nrfx_uart.o
    0x0002ed20   0x0002ed20   0x00000034   Code   RO         4827    i.nrf_gpio_cfg      nrfx_uarte.o
    0x0002ed54   0x0002ed54   0x0000001a   Code   RO          631    i.nrf_gpio_cfg_input  boards.o
    0x0002ed6e   0x0002ed6e   0x0000001a   Code   RO         4579    i.nrf_gpio_cfg_input  nrfx_uart.o
    0x0002ed88   0x0002ed88   0x0000001a   Code   RO         4829    i.nrf_gpio_cfg_input  nrfx_uarte.o
    0x0002eda2   0x0002eda2   0x00000018   Code   RO         4580    i.nrf_gpio_cfg_output  nrfx_uart.o
    0x0002edba   0x0002edba   0x00000018   Code   RO         4830    i.nrf_gpio_cfg_output  nrfx_uarte.o
    0x0002edd2   0x0002edd2   0x0000003a   Code   RO         4154    i.nrf_gpio_cfg_sense_set  nrfx_gpiote.o
    0x0002ee0c   0x0002ee0c   0x00000034   Code   RO         4155    i.nrf_gpio_latches_read_and_clear  nrfx_gpiote.o
    0x0002ee40   0x0002ee40   0x00000020   Code   RO          632    i.nrf_gpio_pin_port_decode  boards.o
    0x0002ee60   0x0002ee60   0x00000020   Code   RO         4157    i.nrf_gpio_pin_port_decode  nrfx_gpiote.o
    0x0002ee80   0x0002ee80   0x00000020   Code   RO         4581    i.nrf_gpio_pin_port_decode  nrfx_uart.o
    0x0002eea0   0x0002eea0   0x00000020   Code   RO         4831    i.nrf_gpio_pin_port_decode  nrfx_uarte.o
    0x0002eec0   0x0002eec0   0x00000030   Code   RO         4158    i.nrf_gpio_pin_present_check  nrfx_gpiote.o
    0x0002eef0   0x0002eef0   0x0000001a   Code   RO          633    i.nrf_gpio_pin_read  boards.o
    0x0002ef0a   0x0002ef0a   0x0000001a   Code   RO         4159    i.nrf_gpio_pin_read  nrfx_gpiote.o
    0x0002ef24   0x0002ef24   0x0000001a   Code   RO         4582    i.nrf_gpio_pin_set  nrfx_uart.o
    0x0002ef3e   0x0002ef3e   0x0000001a   Code   RO         4832    i.nrf_gpio_pin_set  nrfx_uarte.o
    0x0002ef58   0x0002ef58   0x00000042   Code   RO          634    i.nrf_gpio_pin_write  boards.o
    0x0002ef9a   0x0002ef9a   0x00000002   PAD
    0x0002ef9c   0x0002ef9c   0x0000000c   Code   RO         4161    i.nrf_gpiote_event_addr_get  nrfx_gpiote.o
    0x0002efa8   0x0002efa8   0x0000001c   Code   RO         4162    i.nrf_gpiote_event_clear  nrfx_gpiote.o
    0x0002efc4   0x0002efc4   0x00000016   Code   RO         4163    i.nrf_gpiote_event_is_set  nrfx_gpiote.o
    0x0002efda   0x0002efda   0x00000002   PAD
    0x0002efdc   0x0002efdc   0x0000000c   Code   RO         4164    i.nrf_gpiote_int_enable  nrfx_gpiote.o
    0x0002efe8   0x0002efe8   0x00000054   Code   RO         8198    i.nrf_log_backend_add  nrf_log_frontend.o
    0x0002f03c   0x0002f03c   0x00000002   Code   RO         8030    i.nrf_log_backend_rtt_flush  nrf_log_backend_rtt.o
    0x0002f03e   0x0002f03e   0x00000008   Code   RO         8031    i.nrf_log_backend_rtt_init  nrf_log_backend_rtt.o
    0x0002f046   0x0002f046   0x00000002   Code   RO         8032    i.nrf_log_backend_rtt_panic_set  nrf_log_backend_rtt.o
    0x0002f048   0x0002f048   0x00000020   Code   RO         8033    i.nrf_log_backend_rtt_put  nrf_log_backend_rtt.o
    0x0002f068   0x0002f068   0x000000f2   Code   RO         8101    i.nrf_log_backend_serial_put  nrf_log_backend_serial.o
    0x0002f15a   0x0002f15a   0x00000002   PAD
    0x0002f15c   0x0002f15c   0x00000038   Code   RO         8200    i.nrf_log_color_id_get  nrf_log_frontend.o
    0x0002f194   0x0002f194   0x00000028   Code   RO         8153    i.nrf_log_default_backends_init  nrf_log_default_backends.o
    0x0002f1bc   0x0002f1bc   0x0000031c   Code   RO         8201    i.nrf_log_frontend_dequeue  nrf_log_frontend.o
    0x0002f4d8   0x0002f4d8   0x00000014   Code   RO         8203    i.nrf_log_frontend_std_0  nrf_log_frontend.o
    0x0002f4ec   0x0002f4ec   0x00000018   Code   RO         8204    i.nrf_log_frontend_std_1  nrf_log_frontend.o
    0x0002f504   0x0002f504   0x00000020   Code   RO         8205    i.nrf_log_frontend_std_2  nrf_log_frontend.o
    0x0002f524   0x0002f524   0x00000028   Code   RO         8206    i.nrf_log_frontend_std_3  nrf_log_frontend.o
    0x0002f54c   0x0002f54c   0x0000002c   Code   RO         8207    i.nrf_log_frontend_std_4  nrf_log_frontend.o
    0x0002f578   0x0002f578   0x000000bc   Code   RO         8399    i.nrf_log_hexdump_entry_process  nrf_log_str_formatter.o
    0x0002f634   0x0002f634   0x00000048   Code   RO         8210    i.nrf_log_init      nrf_log_frontend.o
    0x0002f67c   0x0002f67c   0x00000014   Code   RO         8211    i.nrf_log_module_cnt_get  nrf_log_frontend.o
    0x0002f690   0x0002f690   0x00000024   Code   RO         8215    i.nrf_log_module_name_get  nrf_log_frontend.o
    0x0002f6b4   0x0002f6b4   0x00000034   Code   RO         8216    i.nrf_log_panic     nrf_log_frontend.o
    0x0002f6e8   0x0002f6e8   0x000000c8   Code   RO         8400    i.nrf_log_std_entry_process  nrf_log_str_formatter.o
    0x0002f7b0   0x0002f7b0   0x0000007a   Code   RO         7457    i.nrf_memobj_alloc  nrf_memobj.o
    0x0002f82a   0x0002f82a   0x00000040   Code   RO         7458    i.nrf_memobj_free   nrf_memobj.o
    0x0002f86a   0x0002f86a   0x00000010   Code   RO         7459    i.nrf_memobj_get    nrf_memobj.o
    0x0002f87a   0x0002f87a   0x0000000c   Code   RO         7460    i.nrf_memobj_pool_init  nrf_memobj.o
    0x0002f886   0x0002f886   0x0000001e   Code   RO         7461    i.nrf_memobj_put    nrf_memobj.o
    0x0002f8a4   0x0002f8a4   0x00000022   Code   RO         7462    i.nrf_memobj_read   nrf_memobj.o
    0x0002f8c6   0x0002f8c6   0x00000022   Code   RO         7463    i.nrf_memobj_write  nrf_memobj.o
    0x0002f8e8   0x0002f8e8   0x00000016   Code   RO         1695    i.nrf_mtx_unlock    gatt_cache_manager.o
    0x0002f8fe   0x0002f8fe   0x00000002   PAD
    0x0002f900   0x0002f900   0x00000040   Code   RO         7536    i.nrf_pwr_mgmt_init  nrf_pwr_mgmt.o
    0x0002f940   0x0002f940   0x0000006c   Code   RO         7537    i.nrf_pwr_mgmt_run  nrf_pwr_mgmt.o
    0x0002f9ac   0x0002f9ac   0x00000010   Code   RO           24    i.nrf_qwr_error_handler  main.o
    0x0002f9bc   0x0002f9bc   0x0000001c   Code   RO         7616    i.nrf_ringbuf_init  nrf_ringbuf.o
    0x0002f9d8   0x0002f9d8   0x0000000c   Code   RO         6135    i.nrf_rtc_cc_get    drv_rtc.o
    0x0002f9e4   0x0002f9e4   0x0000000a   Code   RO         6136    i.nrf_rtc_cc_set    drv_rtc.o
    0x0002f9ee   0x0002f9ee   0x00000008   Code   RO         6137    i.nrf_rtc_counter_get  drv_rtc.o
    0x0002f9f6   0x0002f9f6   0x0000000e   Code   RO         6138    i.nrf_rtc_event_clear  drv_rtc.o
    0x0002fa04   0x0002fa04   0x00000006   Code   RO         6139    i.nrf_rtc_event_disable  drv_rtc.o
    0x0002fa0a   0x0002fa0a   0x00000006   Code   RO         6140    i.nrf_rtc_event_enable  drv_rtc.o
    0x0002fa10   0x0002fa10   0x00000006   Code   RO         6141    i.nrf_rtc_int_disable  drv_rtc.o
    0x0002fa16   0x0002fa16   0x00000006   Code   RO         6142    i.nrf_rtc_int_enable  drv_rtc.o
    0x0002fa1c   0x0002fa1c   0x00000006   Code   RO         6143    i.nrf_rtc_task_trigger  drv_rtc.o
    0x0002fa22   0x0002fa22   0x00000002   PAD
    0x0002fa24   0x0002fa24   0x00000010   Code   RO         5052    i.nrf_saadc_buffer_init  nrfx_saadc.o
    0x0002fa34   0x0002fa34   0x00000018   Code   RO         5053    i.nrf_saadc_channel_input_set  nrfx_saadc.o
    0x0002fa4c   0x0002fa4c   0x00000014   Code   RO         5054    i.nrf_saadc_event_check  nrfx_saadc.o
    0x0002fa60   0x0002fa60   0x00000018   Code   RO         5055    i.nrf_saadc_event_clear  nrfx_saadc.o
    0x0002fa78   0x0002fa78   0x0000000c   Code   RO         5056    i.nrf_saadc_int_disable  nrfx_saadc.o
    0x0002fa84   0x0002fa84   0x0000000c   Code   RO         5057    i.nrf_saadc_int_enable  nrfx_saadc.o
    0x0002fa90   0x0002fa90   0x0000000c   Code   RO         5059    i.nrf_saadc_task_trigger  nrfx_saadc.o
    0x0002fa9c   0x0002fa9c   0x00000018   Code   RO         8846    i.nrf_sdh_ble_app_ram_start_get  nrf_sdh_ble.o
    0x0002fab4   0x0002fab4   0x000001a0   Code   RO         8847    i.nrf_sdh_ble_default_cfg_set  nrf_sdh_ble.o
    0x0002fc54   0x0002fc54   0x0000014c   Code   RO         8848    i.nrf_sdh_ble_enable  nrf_sdh_ble.o
    0x0002fda0   0x0002fda0   0x00000074   Code   RO         8849    i.nrf_sdh_ble_evts_poll  nrf_sdh_ble.o
    0x0002fe14   0x0002fe14   0x00000064   Code   RO         8717    i.nrf_sdh_disable_request  nrf_sdh.o
    0x0002fe78   0x0002fe78   0x00000084   Code   RO         8718    i.nrf_sdh_enable_request  nrf_sdh.o
    0x0002fefc   0x0002fefc   0x00000030   Code   RO         8719    i.nrf_sdh_evts_poll  nrf_sdh.o
    0x0002ff2c   0x0002ff2c   0x0000000c   Code   RO         8720    i.nrf_sdh_is_enabled  nrf_sdh.o
    0x0002ff38   0x0002ff38   0x00000028   Code   RO         8722    i.nrf_sdh_request_continue  nrf_sdh.o
    0x0002ff60   0x0002ff60   0x00000054   Code   RO         8905    i.nrf_sdh_soc_evts_poll  nrf_sdh_soc.o
    0x0002ffb4   0x0002ffb4   0x00000006   Code   RO         8725    i.nrf_section_iter_get  nrf_sdh.o
    0x0002ffba   0x0002ffba   0x00000014   Code   RO         7674    i.nrf_section_iter_init  nrf_section_iter.o
    0x0002ffce   0x0002ffce   0x0000002e   Code   RO         7675    i.nrf_section_iter_item_set  nrf_section_iter.o
    0x0002fffc   0x0002fffc   0x0000002e   Code   RO         7676    i.nrf_section_iter_next  nrf_section_iter.o
    0x0003002a   0x0003002a   0x00000028   Code   RO         7709    i.nrf_sortlist_add  nrf_sortlist.o
    0x00030052   0x00030052   0x00000008   Code   RO         7711    i.nrf_sortlist_peek  nrf_sortlist.o
    0x0003005a   0x0003005a   0x00000018   Code   RO         7712    i.nrf_sortlist_pop  nrf_sortlist.o
    0x00030072   0x00030072   0x00000026   Code   RO         7713    i.nrf_sortlist_remove  nrf_sortlist.o
    0x00030098   0x00030098   0x00000040   Code   RO         7765    i.nrf_strerror_find  nrf_strerror.o
    0x000300d8   0x000300d8   0x0000001c   Code   RO         7766    i.nrf_strerror_get  nrf_strerror.o
    0x000300f4   0x000300f4   0x0000000e   Code   RO         5377    i.nrf_timer_compare_event_get  nrfx_timer.o
    0x00030102   0x00030102   0x0000000a   Code   RO         5378    i.nrf_timer_compare_int_get  nrfx_timer.o
    0x0003010c   0x0003010c   0x0000000e   Code   RO         5379    i.nrf_timer_event_clear  nrfx_timer.o
    0x0003011a   0x0003011a   0x00000006   Code   RO         5380    i.nrf_timer_int_disable  nrfx_timer.o
    0x00030120   0x00030120   0x00000006   Code   RO         5381    i.nrf_timer_int_enable  nrfx_timer.o
    0x00030126   0x00030126   0x0000000c   Code   RO         5382    i.nrf_timer_shorts_disable  nrfx_timer.o
    0x00030132   0x00030132   0x00000006   Code   RO         5383    i.nrf_timer_task_trigger  nrfx_timer.o
    0x00030138   0x00030138   0x0000000c   Code   RO         4583    i.nrf_uart_errorsrc_get_and_clear  nrfx_uart.o
    0x00030144   0x00030144   0x0000000e   Code   RO         4584    i.nrf_uart_event_check  nrfx_uart.o
    0x00030152   0x00030152   0x0000000e   Code   RO         4585    i.nrf_uart_event_clear  nrfx_uart.o
    0x00030160   0x00030160   0x0000000c   Code   RO         4586    i.nrf_uart_hwfc_pins_set  nrfx_uart.o
    0x0003016c   0x0003016c   0x00000006   Code   RO         4587    i.nrf_uart_int_disable  nrfx_uart.o
    0x00030172   0x00030172   0x00000006   Code   RO         4588    i.nrf_uart_int_enable  nrfx_uart.o
    0x00030178   0x00030178   0x00000012   Code   RO         4589    i.nrf_uart_int_enable_check  nrfx_uart.o
    0x0003018a   0x0003018a   0x00000006   Code   RO         4590    i.nrf_uart_task_trigger  nrfx_uart.o
    0x00030190   0x00030190   0x0000000e   Code   RO         4591    i.nrf_uart_txrx_pins_set  nrfx_uart.o
    0x0003019e   0x0003019e   0x0000000c   Code   RO         4833    i.nrf_uarte_errorsrc_get_and_clear  nrfx_uarte.o
    0x000301aa   0x000301aa   0x0000000e   Code   RO         4834    i.nrf_uarte_event_check  nrfx_uarte.o
    0x000301b8   0x000301b8   0x0000000e   Code   RO         4835    i.nrf_uarte_event_clear  nrfx_uarte.o
    0x000301c6   0x000301c6   0x0000000c   Code   RO         4836    i.nrf_uarte_hwfc_pins_set  nrfx_uarte.o
    0x000301d2   0x000301d2   0x00000006   Code   RO         4837    i.nrf_uarte_int_disable  nrfx_uarte.o
    0x000301d8   0x000301d8   0x00000006   Code   RO         4838    i.nrf_uarte_int_enable  nrfx_uarte.o
    0x000301de   0x000301de   0x0000000a   Code   RO         4839    i.nrf_uarte_rx_amount_get  nrfx_uarte.o
    0x000301e8   0x000301e8   0x0000000c   Code   RO         4840    i.nrf_uarte_shorts_disable  nrfx_uarte.o
    0x000301f4   0x000301f4   0x00000006   Code   RO         4841    i.nrf_uarte_task_trigger  nrfx_uarte.o
    0x000301fa   0x000301fa   0x0000000a   Code   RO         4842    i.nrf_uarte_tx_amount_get  nrfx_uarte.o
    0x00030204   0x00030204   0x0000000e   Code   RO         4843    i.nrf_uarte_txrx_pins_set  nrfx_uarte.o
    0x00030212   0x00030212   0x00000002   PAD
    0x00030214   0x00030214   0x00000014   Code   RO         3636    i.nrf_wdt_started   nrf_drv_clock.o
    0x00030228   0x00030228   0x00000014   Code   RO         3992    i.nrfx_clock_enable  nrfx_clock.o
    0x0003023c   0x0003023c   0x00000024   Code   RO         3995    i.nrfx_clock_init   nrfx_clock.o
    0x00030260   0x00030260   0x0000002c   Code   RO         3998    i.nrfx_clock_lfclk_stop  nrfx_clock.o
    0x0003028c   0x0003028c   0x00000018   Code   RO         6144    i.nrfx_coredep_delay_us  drv_rtc.o
    0x000302a4   0x000302a4   0x00000008   Code   RO         4000    i.nrfx_get_irq_number  nrfx_clock.o
    0x000302ac   0x000302ac   0x00000008   Code   RO         4167    i.nrfx_get_irq_number  nrfx_gpiote.o
    0x000302b4   0x000302b4   0x00000008   Code   RO         4592    i.nrfx_get_irq_number  nrfx_uart.o
    0x000302bc   0x000302bc   0x00000008   Code   RO         4844    i.nrfx_get_irq_number  nrfx_uarte.o
    0x000302c4   0x000302c4   0x00000008   Code   RO         5384    i.nrfx_get_irq_number  nrfx_timer.o
    0x000302cc   0x000302cc   0x000000ac   Code   RO         4173    i.nrfx_gpiote_in_event_enable  nrfx_gpiote.o
    0x00030378   0x00030378   0x000000f8   Code   RO         4175    i.nrfx_gpiote_in_init  nrfx_gpiote.o
    0x00030470   0x00030470   0x00000014   Code   RO         4176    i.nrfx_gpiote_in_is_set  nrfx_gpiote.o
    0x00030484   0x00030484   0x000000d8   Code   RO         4178    i.nrfx_gpiote_init  nrfx_gpiote.o
    0x0003055c   0x0003055c   0x00000014   Code   RO         4179    i.nrfx_gpiote_is_init  nrfx_gpiote.o
    0x00030570   0x00030570   0x00000014   Code   RO         4845    i.nrfx_is_in_ram    nrfx_uarte.o
    0x00030584   0x00030584   0x000000b0   Code   RO         4001    i.nrfx_power_clock_irq_init  nrfx_clock.o
    0x00030634   0x00030634   0x00000070   Code   RO         5220    i.nrfx_ppi_channel_alloc  nrfx_ppi.o
    0x000306a4   0x000306a4   0x00000048   Code   RO         5221    i.nrfx_ppi_channel_assign  nrfx_ppi.o
    0x000306ec   0x000306ec   0x0000003c   Code   RO         5223    i.nrfx_ppi_channel_enable  nrfx_ppi.o
    0x00030728   0x00030728   0x00000008   Code   RO         5226    i.nrfx_ppi_channel_to_mask  nrfx_ppi.o
    0x00030730   0x00030730   0x0000004e   Code   RO         4521    i.nrfx_prs_acquire  nrfx_prs.o
    0x0003077e   0x0003077e   0x00000002   PAD
    0x00030780   0x00030780   0x000000c0   Code   RO         5062    i.nrfx_saadc_buffer_convert  nrfx_saadc.o
    0x00030840   0x00030840   0x000000ac   Code   RO         5064    i.nrfx_saadc_channel_init  nrfx_saadc.o
    0x000308ec   0x000308ec   0x000000f8   Code   RO         5066    i.nrfx_saadc_init   nrfx_saadc.o
    0x000309e4   0x000309e4   0x00000020   Code   RO         5071    i.nrfx_saadc_sample_task_get  nrfx_saadc.o
    0x00030a04   0x00030a04   0x00000048   Code   RO         5387    i.nrfx_timer_compare  nrfx_timer.o
    0x00030a4c   0x00030a4c   0x00000024   Code   RO         5390    i.nrfx_timer_disable  nrfx_timer.o
    0x00030a70   0x00030a70   0x00000024   Code   RO         5391    i.nrfx_timer_enable  nrfx_timer.o
    0x00030a94   0x00030a94   0x00000042   Code   RO         5392    i.nrfx_timer_extended_compare  nrfx_timer.o
    0x00030ad6   0x00030ad6   0x00000002   PAD
    0x00030ad8   0x00030ad8   0x000000fc   Code   RO         5394    i.nrfx_timer_init   nrfx_timer.o
    0x00030bd4   0x00030bd4   0x00000030   Code   RO           25    i.nrfx_timer_ms_to_ticks  main.o
    0x00030c04   0x00030c04   0x00000014   Code   RO         4593    i.nrfx_uart_0_irq_handler  nrfx_uart.o
    0x00030c18   0x00030c18   0x00000088   Code   RO         4595    i.nrfx_uart_init    nrfx_uart.o
    0x00030ca0   0x00030ca0   0x00000124   Code   RO         4596    i.nrfx_uart_rx      nrfx_uart.o
    0x00030dc4   0x00030dc4   0x0000008c   Code   RO         4601    i.nrfx_uart_tx      nrfx_uart.o
    0x00030e50   0x00030e50   0x00000024   Code   RO         4603    i.nrfx_uart_tx_in_progress  nrfx_uart.o
    0x00030e74   0x00030e74   0x00000014   Code   RO         4846    i.nrfx_uarte_0_irq_handler  nrfx_uarte.o
    0x00030e88   0x00030e88   0x00000080   Code   RO         4848    i.nrfx_uarte_init   nrfx_uarte.o
    0x00030f08   0x00030f08   0x00000138   Code   RO         4849    i.nrfx_uarte_rx     nrfx_uarte.o
    0x00031040   0x00031040   0x000000c0   Code   RO         4852    i.nrfx_uarte_tx     nrfx_uarte.o
    0x00031100   0x00031100   0x00000020   Code   RO         4854    i.nrfx_uarte_tx_in_progress  nrfx_uarte.o
    0x00031120   0x00031120   0x00000014   Code   RO         9379    i.nvmc_config       system_nrf52.o
    0x00031134   0x00031134   0x00000010   Code   RO         9380    i.nvmc_wait         system_nrf52.o
    0x00031144   0x00031144   0x00000064   Code   RO           26    i.on_adv_evt        main.o
    0x000311a8   0x000311a8   0x00000014   Code   RO         5862    i.on_compare1_evt   app_timer2.o
    0x000311bc   0x000311bc   0x00000020   Code   RO         5863    i.on_compare_evt    app_timer2.o
    0x000311dc   0x000311dc   0x0000002c   Code   RO           27    i.on_conn_params_evt  main.o
    0x00031208   0x00031208   0x00000030   Code   RO         1324    i.on_conn_params_update  ble_conn_params.o
    0x00031238   0x00031238   0x00000070   Code   RO         1325    i.on_connect        ble_conn_params.o
    0x000312a8   0x000312a8   0x0000000e   Code   RO         1180    i.on_connected      ble_advertising.o
    0x000312b6   0x000312b6   0x00000002   PAD
    0x000312b8   0x000312b8   0x000000c4   Code   RO         2152    i.on_connected_evt  nrf_ble_gatt.o
    0x0003137c   0x0003137c   0x00000054   Code   RO         2153    i.on_data_length_update_evt  nrf_ble_gatt.o
    0x000313d0   0x000313d0   0x00000030   Code   RO         2154    i.on_data_length_update_request_evt  nrf_ble_gatt.o
    0x00031400   0x00031400   0x00000032   Code   RO         1326    i.on_disconnect     ble_conn_params.o
    0x00031432   0x00031432   0x00000014   Code   RO         8942    i.on_disconnect     notification_test.o
    0x00031446   0x00031446   0x00000032   Code   RO         1181    i.on_disconnected   ble_advertising.o
    0x00031478   0x00031478   0x00000014   Code   RO         2155    i.on_disconnected_evt  nrf_ble_gatt.o
    0x0003148c   0x0003148c   0x000000c8   Code   RO         2156    i.on_exchange_mtu_request_evt  nrf_ble_gatt.o
    0x00031554   0x00031554   0x00000064   Code   RO         2157    i.on_exchange_mtu_rsp_evt  nrf_ble_gatt.o
    0x000315b8   0x000315b8   0x00000024   Code   RO         7329    i.on_operation_failure  nrf_fstorage_sd.o
    0x000315dc   0x000315dc   0x00000060   Code   RO         7330    i.on_operation_success  nrf_fstorage_sd.o
    0x0003163c   0x0003163c   0x0000001c   Code   RO         5864    i.on_overflow_evt   app_timer2.o
    0x00031658   0x00031658   0x0000006a   Code   RO         2268    i.on_rw_authorize_request  nrf_ble_qwr.o
    0x000316c2   0x000316c2   0x00000040   Code   RO         1182    i.on_terminated     ble_advertising.o
    0x00031702   0x00031702   0x00000002   Code   RO         2269    i.on_user_mem_release  nrf_ble_qwr.o
    0x00031704   0x00031704   0x00000020   Code   RO         2270    i.on_user_mem_request  nrf_ble_qwr.o
    0x00031724   0x00031724   0x00000058   Code   RO         1327    i.on_write          ble_conn_params.o
    0x0003177c   0x0003177c   0x00000010   Code   RO         8943    i.on_write          notification_test.o
    0x0003178c   0x0003178c   0x00000034   Code   RO         6375    i.page_can_tag      fds.o
    0x000317c0   0x000317c0   0x00000048   Code   RO         6376    i.page_from_record  fds.o
    0x00031808   0x00031808   0x00000034   Code   RO         6377    i.page_has_space    fds.o
    0x0003183c   0x0003183c   0x00000030   Code   RO         6378    i.page_identify     fds.o
    0x0003186c   0x0003186c   0x0000001c   Code   RO         6379    i.page_offsets_update  fds.o
    0x00031888   0x00031888   0x00000078   Code   RO         6380    i.page_scan         fds.o
    0x00031900   0x00031900   0x00000020   Code   RO         6381    i.page_tag_write_data  fds.o
    0x00031920   0x00031920   0x00000024   Code   RO         6382    i.page_tag_write_swap  fds.o
    0x00031944   0x00031944   0x00000170   Code   RO         6383    i.pages_init        fds.o
    0x00031ab4   0x00031ab4   0x00000014   Code   RO         3249    i.pairing           security_dispatcher.o
    0x00031ac8   0x00031ac8   0x00000080   Code   RO         3250    i.pairing_failure   security_dispatcher.o
    0x00031b48   0x00031b48   0x00000034   Code   RO         3251    i.pairing_success_evt_send  security_dispatcher.o
    0x00031b7c   0x00031b7c   0x00000010   Code   RO         3437    i.params_reply_pending_handle  security_manager.o
    0x00031b8c   0x00031b8c   0x00000022   Code   RO         3438    i.params_req_send   security_manager.o
    0x00031bae   0x00031bae   0x00000002   PAD
    0x00031bb0   0x00031bb0   0x00000020   Code   RO         2500    i.pdb_evt_send      peer_database.o
    0x00031bd0   0x00031bd0   0x00000088   Code   RO         2501    i.pdb_init          peer_database.o
    0x00031c58   0x00031c58   0x0000006c   Code   RO         2502    i.pdb_pds_evt_handler  peer_database.o
    0x00031cc4   0x00031cc4   0x00000016   Code   RO         2503    i.pdb_peer_data_ptr_get  peer_database.o
    0x00031cda   0x00031cda   0x00000002   PAD
    0x00031cdc   0x00031cdc   0x000000ac   Code   RO         2504    i.pdb_peer_free     peer_database.o
    0x00031d88   0x00031d88   0x000000f0   Code   RO         2505    i.pdb_write_buf_get  peer_database.o
    0x00031e78   0x00031e78   0x00000020   Code   RO         2506    i.pdb_write_buf_release  peer_database.o
    0x00031e98   0x00031e98   0x00000044   Code   RO         2507    i.pdb_write_buf_store  peer_database.o
    0x00031edc   0x00031edc   0x00000024   Code   RO         2324    i.pds_evt_send      peer_data_storage.o
    0x00031f00   0x00031f00   0x000000b0   Code   RO         2325    i.pds_init          peer_data_storage.o
    0x00031fb0   0x00031fb0   0x0000000c   Code   RO         2326    i.pds_next_deleted_peer_id_get  peer_data_storage.o
    0x00031fbc   0x00031fbc   0x0000000c   Code   RO         2327    i.pds_next_peer_id_get  peer_data_storage.o
    0x00031fc8   0x00031fc8   0x0000006c   Code   RO         2330    i.pds_peer_data_iterate  peer_data_storage.o
    0x00032034   0x00032034   0x00000010   Code   RO         2331    i.pds_peer_data_iterate_prepare  peer_data_storage.o
    0x00032044   0x00032044   0x0000009a   Code   RO         2332    i.pds_peer_data_read  peer_data_storage.o
    0x000320de   0x000320de   0x00000002   PAD
    0x000320e0   0x000320e0   0x000000d4   Code   RO         2333    i.pds_peer_data_store  peer_data_storage.o
    0x000321b4   0x000321b4   0x0000000c   Code   RO         2334    i.pds_peer_id_allocate  peer_data_storage.o
    0x000321c0   0x000321c0   0x0000001e   Code   RO         2335    i.pds_peer_id_free  peer_data_storage.o
    0x000321de   0x000321de   0x0000000c   Code   RO         2336    i.pds_peer_id_is_allocated  peer_data_storage.o
    0x000321ea   0x000321ea   0x0000001c   Code   RO         2508    i.peer_data_const_point_to_buffer  peer_database.o
    0x00032206   0x00032206   0x00000002   PAD
    0x00032208   0x00032208   0x000000a8   Code   RO         2338    i.peer_data_delete_process  peer_data_storage.o
    0x000322b0   0x000322b0   0x00000040   Code   RO         2339    i.peer_data_find    peer_data_storage.o
    0x000322f0   0x000322f0   0x00000026   Code   RO         2340    i.peer_data_id_is_valid  peer_data_storage.o
    0x00032316   0x00032316   0x0000000a   Code   RO         2341    i.peer_data_id_to_record_key  peer_data_storage.o
    0x00032320   0x00032320   0x0000001a   Code   RO         2509    i.peer_data_point_to_buffer  peer_database.o
    0x0003233a   0x0003233a   0x00000002   PAD
    0x0003233c   0x0003233c   0x00000014   Code   RO         2656    i.peer_id_allocate  peer_id.o
    0x00032350   0x00032350   0x0000002c   Code   RO         2657    i.peer_id_delete    peer_id.o
    0x0003237c   0x0003237c   0x0000001c   Code   RO         2658    i.peer_id_free      peer_id.o
    0x00032398   0x00032398   0x00000014   Code   RO         2659    i.peer_id_get_next_deleted  peer_id.o
    0x000323ac   0x000323ac   0x00000038   Code   RO         2660    i.peer_id_get_next_used  peer_id.o
    0x000323e4   0x000323e4   0x00000010   Code   RO         2661    i.peer_id_init      peer_id.o
    0x000323f4   0x000323f4   0x0000001c   Code   RO         2662    i.peer_id_is_allocated  peer_id.o
    0x00032410   0x00032410   0x0000001c   Code   RO         2663    i.peer_id_is_deleted  peer_id.o
    0x0003242c   0x0003242c   0x0000000a   Code   RO         2342    i.peer_id_to_file_id  peer_data_storage.o
    0x00032436   0x00032436   0x00000046   Code   RO         2343    i.peer_ids_load     peer_data_storage.o
    0x0003247c   0x0003247c   0x000000ec   Code   RO           28    i.peer_manager_init  main.o
    0x00032568   0x00032568   0x0000001c   Code   RO         1183    i.phy_is_valid      ble_advertising.o
    0x00032584   0x00032584   0x00000020   Code   RO         4197    i.pin_configured_set  nrfx_gpiote.o
    0x000325a4   0x000325a4   0x0000001c   Code   RO         4198    i.pin_in_use_by_gpiote  nrfx_gpiote.o
    0x000325c0   0x000325c0   0x00000018   Code   RO         4199    i.pin_in_use_by_port  nrfx_gpiote.o
    0x000325d8   0x000325d8   0x00000020   Code   RO         4200    i.pin_in_use_by_te  nrfx_gpiote.o
    0x000325f8   0x000325f8   0x0000000c   Code   RO         4201    i.pin_in_use_clear  nrfx_gpiote.o
    0x00032604   0x00032604   0x00000062   Code   RO         3182    i.pm_buffer_block_acquire  pm_buffer.o
    0x00032666   0x00032666   0x0000002a   Code   RO         3183    i.pm_buffer_init    pm_buffer.o
    0x00032690   0x00032690   0x00000030   Code   RO         3184    i.pm_buffer_ptr_get  pm_buffer.o
    0x000326c0   0x000326c0   0x00000028   Code   RO         3185    i.pm_buffer_release  pm_buffer.o
    0x000326e8   0x000326e8   0x00000024   Code   RO         2758    i.pm_conn_sec_status_get  peer_manager.o
    0x0003270c   0x0003270c   0x0000002c   Code   RO         2759    i.pm_conn_secure    peer_manager.o
    0x00032738   0x00032738   0x0000002a   Code   RO           29    i.pm_evt_handler    main.o
    0x00032762   0x00032762   0x0000000c   Code   RO         2761    i.pm_gcm_evt_handler  peer_manager.o
    0x0003276e   0x0003276e   0x0000000c   Code   RO         2762    i.pm_gscm_evt_handler  peer_manager.o
    0x0003277a   0x0003277a   0x00000002   PAD
    0x0003277c   0x0003277c   0x00000070   Code   RO         3084    i.pm_handler_disconnect_on_sec_failure  peer_manager_handler.o
    0x000327ec   0x000327ec   0x00000318   Code   RO         3085    i.pm_handler_flash_clean  peer_manager_handler.o
    0x00032b04   0x00032b04   0x0000001c   Code   RO         3086    i.pm_handler_flash_clean_on_return  peer_manager_handler.o
    0x00032b20   0x00032b20   0x0000005c   Code   RO         3087    i.pm_handler_on_pm_evt  peer_manager_handler.o
    0x00032b7c   0x00032b7c   0x000003d8   Code   RO         3088    i.pm_handler_pm_evt_log  peer_manager_handler.o
    0x00032f54   0x00032f54   0x0000000c   Code   RO         2765    i.pm_im_evt_handler  peer_manager.o
    0x00032f60   0x00032f60   0x00000248   Code   RO         2766    i.pm_init           peer_manager.o
    0x000331a8   0x000331a8   0x0000017c   Code   RO         2770    i.pm_pdb_evt_handler  peer_manager.o
    0x00033324   0x00033324   0x00000020   Code   RO         2781    i.pm_peer_delete    peer_manager.o
    0x00033344   0x00033344   0x00000144   Code   RO         2785    i.pm_peer_rank_highest  peer_manager.o
    0x00033488   0x00033488   0x00000114   Code   RO         2786    i.pm_peer_ranks_get  peer_manager.o
    0x0003359c   0x0003359c   0x000000b4   Code   RO         2787    i.pm_peers_delete   peer_manager.o
    0x00033650   0x00033650   0x00000040   Code   RO         2790    i.pm_register       peer_manager.o
    0x00033690   0x00033690   0x00000024   Code   RO         2792    i.pm_sec_params_set  peer_manager.o
    0x000336b4   0x000336b4   0x00000016   Code   RO         2793    i.pm_sm_evt_handler  peer_manager.o
    0x000336ca   0x000336ca   0x00000002   PAD
    0x000336cc   0x000336cc   0x000000c4   Code   RO         4202    i.port_event_handle  nrfx_gpiote.o
    0x00033790   0x00033790   0x00000010   Code   RO         4203    i.port_handler_pin_get  nrfx_gpiote.o
    0x000337a0   0x000337a0   0x00000010   Code   RO         4204    i.port_handler_polarity_get  nrfx_gpiote.o
    0x000337b0   0x000337b0   0x00000048   Code   RO         8402    i.postfix_process   nrf_log_str_formatter.o
    0x000337f8   0x000337f8   0x0000001c   Code   RO           30    i.power_management_init  main.o
    0x00033814   0x00033814   0x000000a4   Code   RO         8403    i.prefix_process    nrf_log_str_formatter.o
    0x000338b8   0x000338b8   0x00000018   Code   RO         4523    i.prs_box_get       nrfx_prs.o
    0x000338d0   0x000338d0   0x00000020   Code   RO         6384    i.queue_buf_get     fds.o
    0x000338f0   0x000338f0   0x00000014   Code   RO         6385    i.queue_buf_store   fds.o
    0x00033904   0x00033904   0x00000014   Code   RO         6386    i.queue_free        fds.o
    0x00033918   0x00033918   0x00000018   Code   RO         7331    i.queue_free        nrf_fstorage_sd.o
    0x00033930   0x00033930   0x00000018   Code   RO         6387    i.queue_has_next    fds.o
    0x00033948   0x00033948   0x0000001c   Code   RO         6388    i.queue_init        fds.o
    0x00033964   0x00033964   0x00000014   Code   RO         6389    i.queue_load        fds.o
    0x00033978   0x00033978   0x0000002c   Code   RO         7332    i.queue_load_next   nrf_fstorage_sd.o
    0x000339a4   0x000339a4   0x000000c4   Code   RO         6390    i.queue_process     fds.o
    0x00033a68   0x00033a68   0x00000090   Code   RO         7333    i.queue_process     nrf_fstorage_sd.o
    0x00033af8   0x00033af8   0x00000018   Code   RO         6391    i.queue_start       fds.o
    0x00033b10   0x00033b10   0x0000001c   Code   RO         7334    i.queue_start       nrf_fstorage_sd.o
    0x00033b2c   0x00033b2c   0x0000003c   Code   RO           31    i.r_timeout         main.o
    0x00033b68   0x00033b68   0x00000010   Code   RO           33    i.r_timer_enable    main.o
    0x00033b78   0x00033b78   0x00000010   Code   RO         8850    i.ram_end_address_get  nrf_sdh_ble.o
    0x00033b88   0x00033b88   0x0000001c   Code   RO         3091    i.rank_highest      peer_manager_handler.o
    0x00033ba4   0x00033ba4   0x00000008   Code   RO         2796    i.rank_init         peer_manager.o
    0x00033bac   0x00033bac   0x00000040   Code   RO         2797    i.rank_vars_update  peer_manager.o
    0x00033bec   0x00033bec   0x0000001c   Code   RO         7335    i.read              nrf_fstorage_sd.o
    0x00033c08   0x00033c08   0x00000078   Code   RO         2510    i.reattempt_previous_operations  peer_database.o
    0x00033c80   0x00033c80   0x00000028   Code   RO         1437    i.record_activate   ble_conn_state.o
    0x00033ca8   0x00033ca8   0x00000094   Code   RO         6392    i.record_find       fds.o
    0x00033d3c   0x00033d3c   0x0000003c   Code   RO         6393    i.record_find_and_delete  fds.o
    0x00033d78   0x00033d78   0x0000007c   Code   RO         6394    i.record_find_by_desc  fds.o
    0x00033df4   0x00033df4   0x00000078   Code   RO         6395    i.record_find_next  fds.o
    0x00033e6c   0x00033e6c   0x00000040   Code   RO         6396    i.record_header_flag_dirty  fds.o
    0x00033eac   0x00033eac   0x0000002c   Code   RO         6397    i.record_header_write_begin  fds.o
    0x00033ed8   0x00033ed8   0x00000038   Code   RO         6398    i.record_header_write_finalize  fds.o
    0x00033f10   0x00033f10   0x00000038   Code   RO         6399    i.record_header_write_id  fds.o
    0x00033f48   0x00033f48   0x00000010   Code   RO         6400    i.record_id_new     fds.o
    0x00033f58   0x00033f58   0x00000020   Code   RO         1438    i.record_invalidate  ble_conn_state.o
    0x00033f78   0x00033f78   0x00000006   Code   RO         2344    i.record_key_to_peer_data_id  peer_data_storage.o
    0x00033f7e   0x00033f7e   0x00000018   Code   RO         2345    i.record_key_within_pm_range  peer_data_storage.o
    0x00033f96   0x00033f96   0x00000002   PAD
    0x00033f98   0x00033f98   0x00000048   Code   RO         1439    i.record_purge_disconnected  ble_conn_state.o
    0x00033fe0   0x00033fe0   0x00000014   Code   RO         1440    i.record_set_disconnected  ble_conn_state.o
    0x00033ff4   0x00033ff4   0x00000030   Code   RO         6401    i.record_write_data  fds.o
    0x00034024   0x00034024   0x000000a4   Code   RO         6402    i.records_stat      fds.o
    0x000340c8   0x000340c8   0x00000014   Code   RO         2665    i.release           peer_id.o
    0x000340dc   0x000340dc   0x00000006   Code   RO         7336    i.rmap              nrf_fstorage_sd.o
    0x000340e2   0x000340e2   0x0000003e   Code   RO         5865    i.rtc_irq           app_timer2.o
    0x00034120   0x00034120   0x00000084   Code   RO         5866    i.rtc_schedule      app_timer2.o
    0x000341a4   0x000341a4   0x000000c0   Code   RO         5867    i.rtc_update        app_timer2.o
    0x00034264   0x00034264   0x0000003e   Code   RO         4606    i.rx_byte           nrfx_uart.o
    0x000342a2   0x000342a2   0x0000001c   Code   RO         4607    i.rx_done_event     nrfx_uart.o
    0x000342be   0x000342be   0x0000001c   Code   RO         4857    i.rx_done_event     nrfx_uarte.o
    0x000342da   0x000342da   0x00000022   Code   RO         4608    i.rx_enable         nrfx_uart.o
    0x000342fc   0x000342fc   0x0000005c   Code   RO           34    i.saadc_callback    main.o
    0x00034358   0x00034358   0x0000017c   Code   RO           35    i.saadc_init        main.o
    0x000344d4   0x000344d4   0x00000024   Code   RO           37    i.saadc_sampling_event_enable  main.o
    0x000344f8   0x000344f8   0x00000120   Code   RO           38    i.saadc_sampling_event_init  main.o
    0x00034618   0x00034618   0x00000002   Code   RO           39    i.saadc_timeout     main.o
    0x0003461a   0x0003461a   0x00000002   PAD
    0x0003461c   0x0003461c   0x00000010   Code   RO           40    i.saadc_timer_disable  main.o
    0x0003462c   0x0003462c   0x00000010   Code   RO           41    i.saadc_timer_enable  main.o
    0x0003463c   0x0003463c   0x00000020   Code   RO         1696    i.sc_send_pending_handle  gatt_cache_manager.o
    0x0003465c   0x0003465c   0x0000007c   Code   RO         8726    i.sd_nvic_DisableIRQ  nrf_sdh.o
    0x000346d8   0x000346d8   0x000000a4   Code   RO         8727    i.sd_nvic_EnableIRQ  nrf_sdh.o
    0x0003477c   0x0003477c   0x00000068   Code   RO         6015    i.sd_nvic_critical_region_enter  app_util_platform.o
    0x000347e4   0x000347e4   0x00000090   Code   RO         3637    i.sd_state_evt_handler  nrf_drv_clock.o
    0x00034874   0x00034874   0x0000003c   Code   RO         8728    i.sdh_request_observer_notify  nrf_sdh.o
    0x000348b0   0x000348b0   0x00000034   Code   RO         8729    i.sdh_state_observer_notify  nrf_sdh.o
    0x000348e4   0x000348e4   0x000000f8   Code   RO         3252    i.sec_info_request_process  security_dispatcher.o
    0x000349dc   0x000349dc   0x00000110   Code   RO         3253    i.sec_keyset_fill   security_dispatcher.o
    0x00034aec   0x00034aec   0x00000030   Code   RO         3254    i.sec_params_request_process  security_dispatcher.o
    0x00034b1c   0x00034b1c   0x000000e8   Code   RO         3439    i.sec_params_verify  security_manager.o
    0x00034c04   0x00034c04   0x00000058   Code   RO         3255    i.sec_proc_start    security_dispatcher.o
    0x00034c5c   0x00034c5c   0x00000068   Code   RO         3440    i.sec_req_process   security_manager.o
    0x00034cc4   0x00034cc4   0x00000028   Code   RO         3256    i.sec_start_send    security_dispatcher.o
    0x00034cec   0x00034cec   0x00000022   Code   RO         3257    i.send_config_req   security_dispatcher.o
    0x00034d0e   0x00034d0e   0x00000002   PAD
    0x00034d10   0x00034d10   0x00000018   Code   RO         1328    i.send_error_evt    ble_conn_params.o
    0x00034d28   0x00034d28   0x00000028   Code   RO         3258    i.send_params_req   security_dispatcher.o
    0x00034d50   0x00034d50   0x00000024   Code   RO         3259    i.send_storage_full_evt  security_dispatcher.o
    0x00034d74   0x00034d74   0x00000028   Code   RO         1697    i.send_unexpected_error  gatt_cache_manager.o
    0x00034d9c   0x00034d9c   0x00000028   Code   RO         2346    i.send_unexpected_error  peer_data_storage.o
    0x00034dc4   0x00034dc4   0x00000028   Code   RO         3260    i.send_unexpected_error  security_dispatcher.o
    0x00034dec   0x00034dec   0x0000001e   Code   RO         3441    i.send_unexpected_error  security_manager.o
    0x00034e0a   0x00034e0a   0x00000024   Code   RO         1329    i.send_update_request  ble_conn_params.o
    0x00034e2e   0x00034e2e   0x00000002   PAD
    0x00034e30   0x00034e30   0x00000084   Code   RO         8034    i.serial_tx         nrf_log_backend_rtt.o
    0x00034eb4   0x00034eb4   0x00000074   Code   RO         1698    i.service_changed_cccd  gatt_cache_manager.o
    0x00034f28   0x00034f28   0x00000020   Code   RO         1699    i.service_changed_needed  gatt_cache_manager.o
    0x00034f48   0x00034f48   0x00000018   Code   RO         1700    i.service_changed_pending_flags_check  gatt_cache_manager.o
    0x00034f60   0x00034f60   0x000000a8   Code   RO         1880    i.service_changed_pending_set  gatts_cache_manager.o
    0x00035008   0x00035008   0x00000124   Code   RO         1701    i.service_changed_send_in_evt  gatt_cache_manager.o
    0x0003512c   0x0003512c   0x00000096   Code   RO         1052    i.service_data_encode  ble_advdata.o
    0x000351c2   0x000351c2   0x00000002   PAD
    0x000351c4   0x000351c4   0x00000070   Code   RO           42    i.services_init     main.o
    0x00035234   0x00035234   0x00000030   Code   RO         1184    i.set_adv_mode_directed  ble_advertising.o
    0x00035264   0x00035264   0x00000024   Code   RO         1185    i.set_adv_mode_directed_high_duty  ble_advertising.o
    0x00035288   0x00035288   0x0000005c   Code   RO         1186    i.set_adv_mode_fast  ble_advertising.o
    0x000352e4   0x000352e4   0x0000005c   Code   RO         1187    i.set_adv_mode_slow  ble_advertising.o
    0x00035340   0x00035340   0x000000be   Code   RO         1614    i.set_security_req  ble_srv_common.o
    0x000353fe   0x000353fe   0x0000004c   Code   RO           43    i.sleep_mode_enter  main.o
    0x0003544a   0x0003544a   0x00000002   PAD
    0x0003544c   0x0003544c   0x00000034   Code   RO         3442    i.sm_ble_evt_handler  security_manager.o
    0x00035480   0x00035480   0x0000009a   Code   RO         3444    i.sm_conn_sec_status_get  security_manager.o
    0x0003551a   0x0003551a   0x00000002   PAD
    0x0003551c   0x0003551c   0x00000064   Code   RO         3445    i.sm_init           security_manager.o
    0x00035580   0x00035580   0x00000018   Code   RO         3447    i.sm_link_secure    security_manager.o
    0x00035598   0x00035598   0x00000058   Code   RO         3448    i.sm_pdb_evt_handler  security_manager.o
    0x000355f0   0x000355f0   0x00000030   Code   RO         3449    i.sm_sec_is_sufficient  security_manager.o
    0x00035620   0x00035620   0x00000048   Code   RO         3451    i.sm_sec_params_set  security_manager.o
    0x00035668   0x00035668   0x00000032   Code   RO         3452    i.sm_smd_evt_handler  security_manager.o
    0x0003569a   0x0003569a   0x0000004c   Code   RO         3261    i.smd_ble_evt_handler  security_dispatcher.o
    0x000356e6   0x000356e6   0x00000002   PAD
    0x000356e8   0x000356e8   0x0000007c   Code   RO         3263    i.smd_init          security_dispatcher.o
    0x00035764   0x00035764   0x00000028   Code   RO         3264    i.smd_link_secure   security_dispatcher.o
    0x0003578c   0x0003578c   0x000000c0   Code   RO         3265    i.smd_params_reply  security_dispatcher.o
    0x0003584c   0x0003584c   0x00000040   Code   RO         3453    i.smd_params_reply_perform  security_manager.o
    0x0003588c   0x0003588c   0x0000001c   Code   RO         3638    i.soc_evt_handler   nrf_drv_clock.o
    0x000358a8   0x000358a8   0x0000001e   Code   RO         8730    i.softdevice_evt_irq_disable  nrf_sdh.o
    0x000358c6   0x000358c6   0x0000001e   Code   RO         8731    i.softdevices_evt_irq_enable  nrf_sdh.o
    0x000358e4   0x000358e4   0x00000018   Code   RO         5868    i.sorted_list_stop_all  app_timer2.o
    0x000358fc   0x000358fc   0x00000018   Code   RO         5869    i.sortlist_pop      app_timer2.o
    0x00035914   0x00035914   0x00000026   Code   RO          906    i.startup_event_extract  bsp_btn_ble.o
    0x0003593a   0x0003593a   0x00000002   PAD
    0x0003593c   0x0003593c   0x00000020   Code   RO         5597    i.state_get         app_button.o
    0x0003595c   0x0003595c   0x00000048   Code   RO         5598    i.state_set         app_button.o
    0x000359a4   0x000359a4   0x00000064   Code   RO         8218    i.std_header_set    nrf_log_frontend.o
    0x00035a08   0x00035a08   0x00000074   Code   RO         8219    i.std_n             nrf_log_frontend.o
    0x00035a7c   0x00035a7c   0x00000078   Code   RO         1702    i.store_car_value   gatt_cache_manager.o
    0x00035af4   0x00035af4   0x00000074   Code   RO         7187    i.string_print      nrf_fprintf_format.o
    0x00035b68   0x00035b68   0x0000000a   Code   RO         6145    i.ticks_sub         drv_rtc.o
    0x00035b72   0x00035b72   0x00000002   PAD
    0x00035b74   0x00035b74   0x00000024   Code   RO           45    i.timeout_test      main.o
    0x00035b98   0x00035b98   0x000000b4   Code   RO         5870    i.timer_expire      app_timer2.o
    0x00035c4c   0x00035c4c   0x00000098   Code   RO         5871    i.timer_req_process  app_timer2.o
    0x00035ce4   0x00035ce4   0x00000040   Code   RO         5872    i.timer_req_schedule  app_timer2.o
    0x00035d24   0x00035d24   0x00000020   Code   RO         5599    i.timer_start       app_button.o
    0x00035d44   0x00035d44   0x00000044   Code   RO           46    i.timers_init       main.o
    0x00035d88   0x00035d88   0x00000002   Code   RO         8404    i.timestamp_print   nrf_log_str_formatter.o
    0x00035d8a   0x00035d8a   0x00000036   Code   RO         4609    i.tx_blocking       nrfx_uart.o
    0x00035dc0   0x00035dc0   0x00000026   Code   RO         4610    i.tx_byte           nrfx_uart.o
    0x00035de6   0x00035de6   0x00000020   Code   RO         4611    i.tx_done_event     nrfx_uart.o
    0x00035e06   0x00035e06   0x00000020   Code   RO         4858    i.tx_done_event     nrfx_uarte.o
    0x00035e26   0x00035e26   0x00000036   Code   RO         1053    i.tx_power_level_encode  ble_advdata.o
    0x00035e5c   0x00035e5c   0x00000026   Code   RO           47    i.uart_error_handle  main.o
    0x00035e82   0x00035e82   0x00000002   PAD
    0x00035e84   0x00035e84   0x000000e4   Code   RO         7836    i.uart_event_handler  app_uart_fifo.o
    0x00035f68   0x00035f68   0x00000038   Code   RO         3789    i.uart_evt_handler  nrf_drv_uart.o
    0x00035fa0   0x00035fa0   0x0000005c   Code   RO           48    i.uart_init         main.o
    0x00035ffc   0x00035ffc   0x0000014e   Code   RO         4612    i.uart_irq_handler  nrfx_uart.o
    0x0003614a   0x0003614a   0x00000002   PAD
    0x0003614c   0x0003614c   0x00000038   Code   RO         3790    i.uarte_evt_handler  nrf_drv_uart.o
    0x00036184   0x00036184   0x00000134   Code   RO         4859    i.uarte_irq_handler  nrfx_uarte.o
    0x000362b8   0x000362b8   0x0000000c   Code   RO         1615    i.uint16_decode     ble_srv_common.o
    0x000362c4   0x000362c4   0x0000000c   Code   RO         1054    i.uint16_encode     ble_advdata.o
    0x000362d0   0x000362d0   0x00000024   Code   RO         7337    i.uninit            nrf_fstorage_sd.o
    0x000362f4   0x000362f4   0x000000b8   Code   RO         7188    i.unsigned_print    nrf_fprintf_format.o
    0x000363ac   0x000363ac   0x00000034   Code   RO         1703    i.update_pending_flags_check  gatt_cache_manager.o
    0x000363e0   0x000363e0   0x00000074   Code   RO         1330    i.update_timeout_handler  ble_conn_params.o
    0x00036454   0x00036454   0x0000001e   Code   RO         1188    i.use_whitelist     ble_advertising.o
    0x00036472   0x00036472   0x00000002   PAD
    0x00036474   0x00036474   0x00000014   Code   RO         1441    i.user_flag_is_acquired  ble_conn_state.o
    0x00036488   0x00036488   0x0000002c   Code   RO         2271    i.user_mem_reply    nrf_ble_qwr.o
    0x000364b4   0x000364b4   0x0000001e   Code   RO         5600    i.usr_event         app_button.o
    0x000364d2   0x000364d2   0x0000004e   Code   RO         1055    i.uuid_list_encode  ble_advdata.o
    0x00036520   0x00036520   0x000000d6   Code   RO         1056    i.uuid_list_sized_encode  ble_advdata.o
    0x000365f6   0x000365f6   0x00000002   PAD
    0x000365f8   0x000365f8   0x00000068   Code   RO          796    i.wakeup_button_cfg  bsp.o
    0x00036660   0x00036660   0x00000008   Code   RO         1189    i.whitelist_has_entries  ble_advertising.o
    0x00036668   0x00036668   0x00000006   Code   RO         7338    i.wmap              nrf_fstorage_sd.o
    0x0003666e   0x0003666e   0x00000002   PAD
    0x00036670   0x00036670   0x00000054   Code   RO         7339    i.write             nrf_fstorage_sd.o
    0x000366c4   0x000366c4   0x00000038   Code   RO         2511    i.write_buf_length_words_set  peer_database.o
    0x000366fc   0x000366fc   0x00000160   Code   RO         2512    i.write_buf_store   peer_database.o
    0x0003685c   0x0003685c   0x00000070   Code   RO         2513    i.write_buf_store_in_event  peer_database.o
    0x000368cc   0x000368cc   0x00000024   Code   RO         2514    i.write_buffer_record_acquire  peer_database.o
    0x000368f0   0x000368f0   0x0000004c   Code   RO         2515    i.write_buffer_record_find  peer_database.o
    0x0003693c   0x0003693c   0x00000034   Code   RO         2516    i.write_buffer_record_find_next  peer_database.o
    0x00036970   0x00036970   0x00000030   Code   RO         2517    i.write_buffer_record_find_stored  peer_database.o
    0x000369a0   0x000369a0   0x0000000e   Code   RO         2518    i.write_buffer_record_find_unused  peer_database.o
    0x000369ae   0x000369ae   0x00000024   Code   RO         2519    i.write_buffer_record_invalidate  peer_database.o
    0x000369d2   0x000369d2   0x00000002   PAD
    0x000369d4   0x000369d4   0x00000028   Code   RO         2520    i.write_buffer_record_release  peer_database.o
    0x000369fc   0x000369fc   0x000000e8   Code   RO         6403    i.write_enqueue     fds.o
    0x00036ae4   0x00036ae4   0x000000c8   Code   RO         6404    i.write_execute     fds.o
    0x00036bac   0x00036bac   0x00000058   Code   RO         7340    i.write_execute     nrf_fstorage_sd.o
    0x00036c04   0x00036c04   0x00000024   Code   RO         6405    i.write_space_free  fds.o
    0x00036c28   0x00036c28   0x0000007c   Code   RO         6406    i.write_space_reserve  fds.o
    0x00036ca4   0x00036ca4   0x00000080   Data   RO           50    .constdata          main.o
    0x00036d24   0x00036d24   0x0000000d   Data   RO          635    .constdata          boards.o
    0x00036d31   0x00036d31   0x00000003   PAD
    0x00036d34   0x00036d34   0x0000002c   Data   RO          798    .constdata          bsp.o
    0x00036d60   0x00036d60   0x0000006c   Data   RO         1704    .constdata          gatt_cache_manager.o
    0x00036dcc   0x00036dcc   0x00000018   Data   RO         1881    .constdata          gatts_cache_manager.o
    0x00036de4   0x00036de4   0x00000008   Data   RO         1993    .constdata          id_manager.o
    0x00036dec   0x00036dec   0x00000016   Data   RO         2158    .constdata          nrf_ble_gatt.o
    0x00036e02   0x00036e02   0x00000002   PAD
    0x00036e04   0x00036e04   0x00000018   Data   RO         2347    .constdata          peer_data_storage.o
    0x00036e1c   0x00036e1c   0x00000010   Data   RO         2522    .constdata          peer_database.o
    0x00036e2c   0x00036e2c   0x0000002c   Data   RO         2799    .constdata          peer_manager.o
    0x00036e58   0x00036e58   0x00000034   Data   RO         3094    .constdata          peer_manager_handler.o
    0x00036e8c   0x00036e8c   0x00000078   Data   RO         3267    .constdata          security_dispatcher.o
    0x00036f04   0x00036f04   0x00000005   Data   RO         3454    .constdata          security_manager.o
    0x00036f09   0x00036f09   0x00000003   PAD
    0x00036f0c   0x00036f0c   0x00000042   Data   RO         4206    .constdata          nrfx_gpiote.o
    0x00036f4e   0x00036f4e   0x00000002   PAD
    0x00036f50   0x00036f50   0x0000002e   Data   RO         4614    .constdata          nrfx_uart.o
    0x00036f7e   0x00036f7e   0x00000002   PAD
    0x00036f80   0x00036f80   0x00000030   Data   RO         4861    .constdata          nrfx_uarte.o
    0x00036fb0   0x00036fb0   0x00000007   Data   RO         5602    .constdata          app_button.o
    0x00036fb7   0x00036fb7   0x00000001   PAD
    0x00036fb8   0x00036fb8   0x00000014   Data   RO         5874    .constdata          app_timer2.o
    0x00036fcc   0x00036fcc   0x00000004   PAD
    0x00036fd0   0x00036fd0   0x00000006   Data   RO         6146    .constdata          drv_rtc.o
    0x00036fd6   0x00036fd6   0x00000002   PAD
    0x00036fd8   0x00036fd8   0x00000018   Data   RO         6408    .constdata          fds.o
    0x00036ff0   0x00036ff0   0x00000010   Data   RO         7189    .constdata          nrf_fprintf_format.o
    0x00037000   0x00037000   0x0000005e   Data   RO         7240    .constdata          nrf_fstorage.o
    0x0003705e   0x0003705e   0x00000002   PAD
    0x00037060   0x00037060   0x00000030   Data   RO         7342    .constdata          nrf_fstorage_sd.o
    0x00037090   0x00037090   0x00000024   Data   RO         7541    .constdata          nrf_pwr_mgmt.o
    0x000370b4   0x000370b4   0x0000013c   Data   RO         7767    .constdata          nrf_strerror.o
    0x000371f0   0x000371f0   0x00000020   Data   RO         7838    .constdata          app_uart_fifo.o
    0x00037210   0x00037210   0x00000016   Data   RO         8036    .constdata          nrf_log_backend_rtt.o
    0x00037226   0x00037226   0x00000002   PAD
    0x00037228   0x00037228   0x0000000c   Data   RO         8221    .constdata          nrf_log_frontend.o
    0x00037234   0x00037234   0x00000058   Data   RO         8732    .constdata          nrf_sdh.o
    0x0003728c   0x0003728c   0x00000030   Data   RO         8851    .constdata          nrf_sdh_ble.o
    0x000372bc   0x000372bc   0x0000001c   Data   RO         8906    .constdata          nrf_sdh_soc.o
    0x000372d8   0x000372d8   0x00000014   Data   RO         8944    .constdata          notification_test.o
    0x000372ec   0x000372ec   0x00000081   Data   RO        10977    .constdata          mc_w.l(ctype_o.o)
    0x0003736d   0x0003736d   0x00000003   PAD
    0x00037370   0x00037370   0x00000004   Data   RO        10978    .constdata          mc_w.l(ctype_o.o)
    0x00037374   0x00037374   0x000001a4   Data   RO         1705    .conststring        gatt_cache_manager.o
    0x00037518   0x00037518   0x0000019c   Data   RO         1882    .conststring        gatts_cache_manager.o
    0x000376b4   0x000376b4   0x000000a2   Data   RO         2159    .conststring        nrf_ble_gatt.o
    0x00037756   0x00037756   0x00000002   PAD
    0x00037758   0x00037758   0x000000e8   Data   RO         2348    .conststring        peer_data_storage.o
    0x00037840   0x00037840   0x00000180   Data   RO         2523    .conststring        peer_database.o
    0x000379c0   0x000379c0   0x00000090   Data   RO         2800    .conststring        peer_manager.o
    0x00037a50   0x00037a50   0x0000062b   Data   RO         3095    .conststring        peer_manager_handler.o
    0x0003807b   0x0003807b   0x00000001   PAD
    0x0003807c   0x0003807c   0x000002b2   Data   RO         3268    .conststring        security_dispatcher.o
    0x0003832e   0x0003832e   0x00000002   PAD
    0x00038330   0x00038330   0x0000017b   Data   RO         3455    .conststring        security_manager.o
    0x000384ab   0x000384ab   0x00000001   PAD
    0x000384ac   0x000384ac   0x0000004f   Data   RO         7241    .conststring        nrf_fstorage.o
    0x000384fb   0x000384fb   0x00000001   PAD
    0x000384fc   0x000384fc   0x000003eb   Data   RO         7768    .conststring        nrf_strerror.o
    0x000388e7   0x000388e7   0x00000001   PAD
    0x000388e8   0x000388e8   0x00000066   Data   RO         8405    .conststring        nrf_log_str_formatter.o
    0x0003894e   0x0003894e   0x00000002   PAD
    0x00038950   0x00038950   0x000001cf   Data   RO         8852    .conststring        nrf_sdh_ble.o
    0x00038b1f   0x00038b1f   0x00000001   PAD
    0x00038b20   0x00038b20   0x00000011   Data   RO         1706    .conststrlit        gatt_cache_manager.o
    0x00038b31   0x00038b31   0x00000003   PAD
    0x00038b34   0x00038b34   0x00000012   Data   RO         1883    .conststrlit        gatts_cache_manager.o
    0x00038b46   0x00038b46   0x00000002   PAD
    0x00038b48   0x00038b48   0x00000010   Data   RO         1995    .conststrlit        id_manager.o
    0x00038b58   0x00038b58   0x0000000d   Data   RO         2160    .conststrlit        nrf_ble_gatt.o
    0x00038b65   0x00038b65   0x00000003   PAD
    0x00038b68   0x00038b68   0x00000011   Data   RO         2349    .conststrlit        peer_data_storage.o
    0x00038b79   0x00038b79   0x00000003   PAD
    0x00038b7c   0x00038b7c   0x00000011   Data   RO         2524    .conststrlit        peer_database.o
    0x00038b8d   0x00038b8d   0x00000003   PAD
    0x00038b90   0x00038b90   0x0000000d   Data   RO         2801    .conststrlit        peer_manager.o
    0x00038b9d   0x00038b9d   0x00000003   PAD
    0x00038ba0   0x00038ba0   0x00000015   Data   RO         3096    .conststrlit        peer_manager_handler.o
    0x00038bb5   0x00038bb5   0x00000003   PAD
    0x00038bb8   0x00038bb8   0x00000011   Data   RO         3269    .conststrlit        security_dispatcher.o
    0x00038bc9   0x00038bc9   0x00000003   PAD
    0x00038bcc   0x00038bcc   0x00000010   Data   RO         3456    .conststrlit        security_manager.o
    0x00038bdc   0x00038bdc   0x00000006   Data   RO         3641    .conststrlit        nrf_drv_clock.o
    0x00038be2   0x00038be2   0x00000002   PAD
    0x00038be4   0x00038be4   0x00000006   Data   RO         4003    .conststrlit        nrfx_clock.o
    0x00038bea   0x00038bea   0x00000002   PAD
    0x00038bec   0x00038bec   0x00000007   Data   RO         4207    .conststrlit        nrfx_gpiote.o
    0x00038bf3   0x00038bf3   0x00000001   PAD
    0x00038bf4   0x00038bf4   0x00000004   Data   RO         4525    .conststrlit        nrfx_prs.o
    0x00038bf8   0x00038bf8   0x00000005   Data   RO         4615    .conststrlit        nrfx_uart.o
    0x00038bfd   0x00038bfd   0x00000003   PAD
    0x00038c00   0x00038c00   0x00000006   Data   RO         4862    .conststrlit        nrfx_uarte.o
    0x00038c06   0x00038c06   0x00000002   PAD
    0x00038c08   0x00038c08   0x00000006   Data   RO         5075    .conststrlit        nrfx_saadc.o
    0x00038c0e   0x00038c0e   0x00000002   PAD
    0x00038c10   0x00038c10   0x00000004   Data   RO         5235    .conststrlit        nrfx_ppi.o
    0x00038c14   0x00038c14   0x00000006   Data   RO         5401    .conststrlit        nrfx_timer.o
    0x00038c1a   0x00038c1a   0x00000002   PAD
    0x00038c1c   0x00038c1c   0x0000000b   Data   RO         5603    .conststrlit        app_button.o
    0x00038c27   0x00038c27   0x00000001   PAD
    0x00038c28   0x00038c28   0x0000000a   Data   RO         5875    .conststrlit        app_timer2.o
    0x00038c32   0x00038c32   0x00000002   PAD
    0x00038c34   0x00038c34   0x0000000d   Data   RO         7242    .conststrlit        nrf_fstorage.o
    0x00038c41   0x00038c41   0x00000003   PAD
    0x00038c44   0x00038c44   0x00000009   Data   RO         7542    .conststrlit        nrf_pwr_mgmt.o
    0x00038c4d   0x00038c4d   0x00000003   PAD
    0x00038c50   0x00038c50   0x00000009   Data   RO         7714    .conststrlit        nrf_sortlist.o
    0x00038c59   0x00038c59   0x00000003   PAD
    0x00038c5c   0x00038c5c   0x00000010   Data   RO         8154    .conststrlit        nrf_log_default_backends.o
    0x00038c6c   0x00038c6c   0x00000004   Data   RO         8222    .conststrlit        nrf_log_frontend.o
    0x00038c70   0x00038c70   0x00000008   Data   RO         8733    .conststrlit        nrf_sdh.o
    0x00038c78   0x00038c78   0x0000000c   Data   RO         8853    .conststrlit        nrf_sdh_ble.o
    0x00038c84   0x00038c84   0x0000000c   Data   RO         8907    .conststrlit        nrf_sdh_soc.o
    0x00038c90   0x00038c90   0x00000020   Data   RO        11312    Region$$Table       anon$$obj.o
    0x00038cb0   0x00038cb0   0x00000010   Data   RO         8156    log_backends        nrf_log_default_backends.o
    0x00038cc0   0x00038cc0   0x00000008   Data   RO         1708    log_const_data      gatt_cache_manager.o
    0x00038cc8   0x00038cc8   0x00000008   Data   RO         1885    log_const_data      gatts_cache_manager.o
    0x00038cd0   0x00038cd0   0x00000008   Data   RO         1997    log_const_data      id_manager.o
    0x00038cd8   0x00038cd8   0x00000008   Data   RO         2161    log_const_data      nrf_ble_gatt.o
    0x00038ce0   0x00038ce0   0x00000008   Data   RO         2351    log_const_data      peer_data_storage.o
    0x00038ce8   0x00038ce8   0x00000008   Data   RO         2526    log_const_data      peer_database.o
    0x00038cf0   0x00038cf0   0x00000008   Data   RO         2803    log_const_data      peer_manager.o
    0x00038cf8   0x00038cf8   0x00000008   Data   RO         3098    log_const_data      peer_manager_handler.o
    0x00038d00   0x00038d00   0x00000008   Data   RO         3271    log_const_data      security_dispatcher.o
    0x00038d08   0x00038d08   0x00000008   Data   RO         3458    log_const_data      security_manager.o
    0x00038d10   0x00038d10   0x00000008   Data   RO         3642    log_const_data      nrf_drv_clock.o
    0x00038d18   0x00038d18   0x00000008   Data   RO         4005    log_const_data      nrfx_clock.o
    0x00038d20   0x00038d20   0x00000008   Data   RO         4208    log_const_data      nrfx_gpiote.o
    0x00038d28   0x00038d28   0x00000008   Data   RO         4527    log_const_data      nrfx_prs.o
    0x00038d30   0x00038d30   0x00000008   Data   RO         4616    log_const_data      nrfx_uart.o
    0x00038d38   0x00038d38   0x00000008   Data   RO         4863    log_const_data      nrfx_uarte.o
    0x00038d40   0x00038d40   0x00000008   Data   RO         5076    log_const_data      nrfx_saadc.o
    0x00038d48   0x00038d48   0x00000008   Data   RO         5237    log_const_data      nrfx_ppi.o
    0x00038d50   0x00038d50   0x00000008   Data   RO         5402    log_const_data      nrfx_timer.o
    0x00038d58   0x00038d58   0x00000008   Data   RO         5605    log_const_data      app_button.o
    0x00038d60   0x00038d60   0x00000008   Data   RO         5877    log_const_data      app_timer2.o
    0x00038d68   0x00038d68   0x00000008   Data   RO         7243    log_const_data      nrf_fstorage.o
    0x00038d70   0x00038d70   0x00000008   Data   RO         7544    log_const_data      nrf_pwr_mgmt.o
    0x00038d78   0x00038d78   0x00000008   Data   RO         7715    log_const_data      nrf_sortlist.o
    0x00038d80   0x00038d80   0x00000008   Data   RO         8224    log_const_data      nrf_log_frontend.o
    0x00038d88   0x00038d88   0x00000008   Data   RO         8735    log_const_data      nrf_sdh.o
    0x00038d90   0x00038d90   0x00000008   Data   RO         8855    log_const_data      nrf_sdh_ble.o
    0x00038d98   0x00038d98   0x00000008   Data   RO         8908    log_const_data      nrf_sdh_soc.o
    0x00038da0   0x00038da0   0x00000014   Data   RO         8225    nrf_balloc          nrf_log_frontend.o
    0x00038db4   0x00038db4   0x00000008   Data   RO         1443    sdh_ble_observers0  ble_conn_state.o
    0x00038dbc   0x00038dbc   0x00000010   Data   RO           52    sdh_ble_observers1  main.o
    0x00038dcc   0x00038dcc   0x00000008   Data   RO          908    sdh_ble_observers1  bsp_btn_ble.o
    0x00038dd4   0x00038dd4   0x00000008   Data   RO         1333    sdh_ble_observers1  ble_conn_params.o
    0x00038ddc   0x00038ddc   0x00000008   Data   RO         2804    sdh_ble_observers1  peer_manager.o
    0x00038de4   0x00038de4   0x00000010   Data   RO           53    sdh_ble_observers2  main.o
    0x00038df4   0x00038df4   0x00000008   Data   RO           54    sdh_ble_observers3  main.o
    0x00038dfc   0x00038dfc   0x00000008   Data   RO         7344    sdh_req_observers0  nrf_fstorage_sd.o
    0x00038e04   0x00038e04   0x00000008   Data   RO         3643    sdh_soc_observers0  nrf_drv_clock.o
    0x00038e0c   0x00038e0c   0x00000008   Data   RO         7345    sdh_soc_observers0  nrf_fstorage_sd.o
    0x00038e14   0x00038e14   0x00000008   Data   RO         8856    sdh_stack_observers0  nrf_sdh_ble.o
    0x00038e1c   0x00038e1c   0x00000008   Data   RO         8909    sdh_stack_observers0  nrf_sdh_soc.o
    0x00038e24   0x00038e24   0x00000008   Data   RO         3644    sdh_state_observers0  nrf_drv_clock.o
    0x00038e2c   0x00038e2c   0x00000008   Data   RO         7346    sdh_state_observers0  nrf_fstorage_sd.o


    Execution Region RW_IRAM1 (Exec base: 0x20010000, Load base: 0x00038e34, Size: 0x00003c68, Max: 0x00030000, ABSOLUTE, COMPRESSED[0x00000100])

    Exec Addr    Load Addr    Size         Type   Attr      Idx    E Section Name        Object

    0x20010000   COMPRESSED   0x0000003e   Data   RW           51    .data               main.o
    0x2001003e   COMPRESSED   0x00000002   PAD
    0x20010040   COMPRESSED   0x0000007d   Data   RW          799    .data               bsp.o
    0x200100bd   COMPRESSED   0x00000003   PAD
    0x200100c0   COMPRESSED   0x00000008   Data   RW          907    .data               bsp_btn_ble.o
    0x200100c8   COMPRESSED   0x00000008   Data   RW         1332    .data               ble_conn_params.o
    0x200100d0   COMPRESSED   0x00000013   Data   RW         1707    .data               gatt_cache_manager.o
    0x200100e3   COMPRESSED   0x00000001   PAD
    0x200100e4   COMPRESSED   0x0000000a   Data   RW         1884    .data               gatts_cache_manager.o
    0x200100ee   COMPRESSED   0x00000002   PAD
    0x200100f0   COMPRESSED   0x0000000c   Data   RW         2350    .data               peer_data_storage.o
    0x200100fc   COMPRESSED   0x00000008   Data   RW         2525    .data               peer_database.o
    0x20010104   COMPRESSED   0x00000010   Data   RW         2802    .data               peer_manager.o
    0x20010114   COMPRESSED   0x000000b8   Data   RW         3097    .data               peer_manager_handler.o
    0x200101cc   COMPRESSED   0x00000005   Data   RW         3270    .data               security_dispatcher.o
    0x200101d1   COMPRESSED   0x00000003   PAD
    0x200101d4   COMPRESSED   0x00000018   Data   RW         3457    .data               security_manager.o
    0x200101ec   COMPRESSED   0x00000012   Data   RW         3791    .data               nrf_drv_uart.o
    0x200101fe   COMPRESSED   0x00000002   PAD
    0x20010200   COMPRESSED   0x00000008   Data   RW         4004    .data               nrfx_clock.o
    0x20010208   COMPRESSED   0x00000008   Data   RW         4526    .data               nrfx_prs.o
    0x20010210   COMPRESSED   0x00000005   Data   RW         5236    .data               nrfx_ppi.o
    0x20010215   COMPRESSED   0x00000001   Data   RW         5556    .data               nrf_drv_ppi.o
    0x20010216   COMPRESSED   0x00000002   PAD
    0x20010218   COMPRESSED   0x00000038   Data   RW         5604    .data               app_button.o
    0x20010250   COMPRESSED   0x00000024   Data   RW         5876    .data               app_timer2.o
    0x20010274   COMPRESSED   0x0000000c   Data   RW         6147    .data               drv_rtc.o
    0x20010280   COMPRESSED   0x00000030   Data   RW         6409    .data               fds.o
    0x200102b0   COMPRESSED   0x00000008   Data   RW         7343    .data               nrf_fstorage_sd.o
    0x200102b8   COMPRESSED   0x00000009   Data   RW         7543    .data               nrf_pwr_mgmt.o
    0x200102c1   COMPRESSED   0x00000003   PAD
    0x200102c4   COMPRESSED   0x0000001b   Data   RW         7839    .data               app_uart_fifo.o
    0x200102df   COMPRESSED   0x00000001   PAD
    0x200102e0   COMPRESSED   0x00000008   Data   RW         7915    .data               retarget.o
    0x200102e8   COMPRESSED   0x00000001   Data   RW         8037    .data               nrf_log_backend_rtt.o
    0x200102e9   COMPRESSED   0x00000003   PAD
    0x200102ec   COMPRESSED   0x00000008   Data   RW         8155    .data               nrf_log_default_backends.o
    0x200102f4   COMPRESSED   0x00000014   Data   RW         8223    .data               nrf_log_frontend.o
    0x20010308   COMPRESSED   0x00000040   Data   RW         8406    .data               nrf_log_str_formatter.o
    0x20010348   COMPRESSED   0x00000003   Data   RW         8734    .data               nrf_sdh.o
    0x2001034b   COMPRESSED   0x00000001   Data   RW         8854    .data               nrf_sdh_ble.o
    0x2001034c   COMPRESSED   0x00000004   Data   RW         9381    .data               system_nrf52.o
    0x20010350   COMPRESSED   0x00000014   Data   RW         6410    fs_data             fds.o
    0x20010364        -       0x0000097e   Zero   RW           49    .bss                main.o
    0x20010ce2        -       0x0000000c   Zero   RW          797    .bss                bsp.o
    0x20010cee   COMPRESSED   0x00000002   PAD
    0x20010cf0        -       0x00000050   Zero   RW         1331    .bss                ble_conn_params.o
    0x20010d40        -       0x0000007c   Zero   RW         1442    .bss                ble_conn_state.o
    0x20010dbc        -       0x000000d8   Zero   RW         1992    .bss                id_manager.o
    0x20010e94        -       0x00000180   Zero   RW         2521    .bss                peer_database.o
    0x20011014        -       0x00000040   Zero   RW         2666    .bss                peer_id.o
    0x20011054        -       0x0000000c   Zero   RW         2798    .bss                peer_manager.o
    0x20011060        -       0x00000040   Zero   RW         3266    .bss                security_dispatcher.o
    0x200110a0        -       0x00000014   Zero   RW         3639    .bss                nrf_drv_clock.o
    0x200110b4        -       0x0000006c   Zero   RW         4205    .bss                nrfx_gpiote.o
    0x20011120        -       0x0000002c   Zero   RW         4613    .bss                nrfx_uart.o
    0x2001114c        -       0x00000024   Zero   RW         4860    .bss                nrfx_uarte.o
    0x20011170        -       0x00000030   Zero   RW         5073    .bss                nrfx_saadc.o
    0x200111a0        -       0x00000024   Zero   RW         5399    .bss                nrfx_timer.o
    0x200111c4        -       0x00000020   Zero   RW         5601    .bss                app_button.o
    0x200111e4        -       0x00000068   Zero   RW         5873    .bss                app_timer2.o
    0x2001124c        -       0x0000000c   Zero   RW         6016    .bss                app_util_platform.o
    0x20011258        -       0x000000f0   Zero   RW         6407    .bss                fds.o
    0x20011348        -       0x000000b0   Zero   RW         7341    .bss                nrf_fstorage_sd.o
    0x200113f8        -       0x0000000c   Zero   RW         7540    .bss                nrf_pwr_mgmt.o
    0x20011404        -       0x00000020   Zero   RW         7837    .bss                app_uart_fifo.o
    0x20011424        -       0x00000040   Zero   RW         8035    .bss                nrf_log_backend_rtt.o
    0x20011464        -       0x00000578   Zero   RW         8220    .bss                nrf_log_frontend.o
    0x200119dc        -       0x00000288   Zero   RW         8486    .bss                segger_rtt.o
    0x20011c64   COMPRESSED   0x00000004   PAD
    0x20011c68        -       0x00002000   Zero   RW         8986    STACK               arm_startup_nrf52840.o


==============================================================================

Image component sizes


      Code (inc. data)   RO Data    RW Data    ZI Data      Debug   Object Name

       838        104         26         56         32      16826   app_button.o
        28          0          0          0          0       2353   app_error.o
       192         46          0          0          0      33993   app_error_weak.o
       170          0          0          0          0       4906   app_fifo.o
         0          0          0          0          0      37058   app_scheduler.o
      1336        120         38         36        104      17617   app_timer2.o
       702         90         32         27         32      15163   app_uart_fifo.o
       200         24          0          0         12      10902   app_util_platform.o
        36          8        512          0       8192        876   arm_startup_nrf52840.o
      1770          0          0          0          0      54388   ble_advdata.o
      1454          6          0          0          0      15955   ble_advertising.o
       936         56          8          8         80      10855   ble_conn_params.o
       876         82          8          0        124      15582   ble_conn_state.o
       676          6          0          0          0      40729   ble_srv_common.o
       572         46         13          0          0      15443   boards.o
      1632        128         44        125         12      14663   bsp.o
       420         16          8          8          0       5416   bsp_btn_ble.o
      1010         98          6         12          0      50929   drv_rtc.o
      5240        482         24         68        240      56390   fds.o
      2614        620        553         19          0      33871   gatt_cache_manager.o
      1048        146        462         10          0      16043   gatts_cache_manager.o
      1080         34         32          0        216      15798   id_manager.o
      3366        380        168         62       2430     239279   main.o
       446          6         20          0          0       5767   notification_test.o
       374          0          0          0          0       6100   nrf_atfifo.o
       232          0          0          0          0       4492   nrf_atflags.o
       444          0          0          0          0       9328   nrf_atomic.o
       218          0          0          0          0       3443   nrf_balloc.o
      1218        278        205          0          0      37979   nrf_ble_gatt.o
       390          0          0          0          0       5569   nrf_ble_qwr.o
       440         52         30          0         20      43524   nrf_drv_clock.o
        28          6          0          1          0        787   nrf_drv_ppi.o
       252         42          0         18          0      16948   nrf_drv_uart.o
        70          0          0          0          0       3245   nrf_fprintf.o
      1030          6         16          0          0       6702   nrf_fprintf_format.o
      1216        430        194          0          0       7372   nrf_fstorage.o
      1118        118         72          8        176      17359   nrf_fstorage_sd.o
       176         16         22          1         64       6173   nrf_log_backend_rtt.o
       242          0          0          0          0      10613   nrf_log_backend_serial.o
        40          6         32          8          0       3061   nrf_log_default_backends.o
      2164        148         44         20       1400      31575   nrf_log_frontend.o
       626        112        102         64          0       5444   nrf_log_str_formatter.o
       514          0          0          0          0       8971   nrf_memobj.o
       172         22         53          9         12      41118   nrf_pwr_mgmt.o
        28          0          0          0          0       2079   nrf_ringbuf.o
       862         86        104          3          0      43922   nrf_sdh.o
       904        240        539          1          0       5959   nrf_sdh_ble.o
        84          4         56          0          0       2420   nrf_sdh_soc.o
       112          0          0          0          0       2492   nrf_section_iter.o
       110          0         17          0          0       3557   nrf_sortlist.o
        92         10       1319          0          0       2431   nrf_strerror.o
       424         32         14          8          0      47676   nrfx_clock.o
      1822        130         81          0        108      68814   nrfx_gpiote.o
       342         24         12          5          0      11213   nrfx_ppi.o
       118         14         12          8          0       3413   nrfx_prs.o
      1224         82         14          0         48      18994   nrfx_saadc.o
       702         56         14          0         36      19312   nrfx_timer.o
      1748         52         59          0         44      33005   nrfx_uart.o
      1660         52         62          0         36      28739   nrfx_uarte.o
      1488        150        281         12          0      20082   peer_data_storage.o
      1838        276        425          8        384      20826   peer_database.o
       402         46          0          0         64       8667   peer_id.o
      2306        524        217         16         12      19599   peer_manager.o
      2452        904       1660        184          0       8619   peer_manager_handler.o
       330          0          0          0          0       5851   pm_buffer.o
        16          0          0          8          0       2638   retarget.o
      2368        290        835          5         64      29495   security_dispatcher.o
      1778        164        408         24          0      53730   security_manager.o
       470         44          0          0        648       7793   segger_rtt.o
      1140        170          0          4          0       8965   system_nrf52.o

    ----------------------------------------------------------------------
     62542       7084       8968        868      14596    1480896   Object Totals
         0          0         32          0          0          0   (incl. Generated)
       116          0         83         22          6          0   (incl. Padding)

    ----------------------------------------------------------------------

      Code (inc. data)   RO Data    RW Data    ZI Data      Debug   Library Member Name

        86          0          0          0          0          0   __dczerorl2.o
         8          4        133          0          0         68   ctype_o.o
         0          0          0          0          0          0   entry.o
         0          0          0          0          0          0   entry10a.o
         0          0          0          0          0          0   entry11a.o
         4          0          0          0          0          0   entry12b.o
         8          4          0          0          0          0   entry2.o
         4          0          0          0          0          0   entry5.o
         0          0          0          0          0          0   entry7b.o
         0          0          0          0          0          0   entry8b.o
         8          4          0          0          0          0   entry9a.o
        30          0          0          0          0          0   handlers.o
        36          8          0          0          0         68   init.o
        30          0          0          0          0         68   llshl.o
        32          0          0          0          0         68   llushr.o
        26          0          0          0          0         80   memcmp.o
        36          0          0          0          0         68   memcpya.o
        36          0          0          0          0        108   memseta.o
      1142         54          0          0          0        352   printf8.o
        18          0          0          0          0         68   strcpy.o
        14          0          0          0          0         68   strlen.o
        98          0          0          0          0         92   uldiv.o

    ----------------------------------------------------------------------
      1622         74        136          0          0       1108   Library Totals
         6          0          3          0          0          0   (incl. Padding)

    ----------------------------------------------------------------------

      Code (inc. data)   RO Data    RW Data    ZI Data      Debug   Library Name

      1616         74        133          0          0       1108   mc_w.l

    ----------------------------------------------------------------------
      1622         74        136          0          0       1108   Library Totals

    ----------------------------------------------------------------------

==============================================================================


      Code (inc. data)   RO Data    RW Data    ZI Data      Debug   

     64164       7158       9104        868      14596    1401120   Grand Totals
     64164       7158       9104        256      14596    1401120   ELF Image Totals (compressed)
     64164       7158       9104        256          0          0   ROM Totals

==============================================================================

    Total RO  Size (Code + RO Data)                73268 (  71.55kB)
    Total RW  Size (RW Data + ZI Data)             15464 (  15.10kB)
    Total ROM Size (Code + RO Data + RW Data)      73524 (  71.80kB)

==============================================================================

