<html>
<body>
<pre>
<h1>µVision Build Log</h1>
<h2>Tool Versions:</h2>
IDE-Version: ¦ÌVision V5.38.0.0
Copyright (C) 2022 ARM Ltd and ARM Germany GmbH. All rights reserved.
License Information: zhilong sun, *, LIC=KRMW3-AXLBV-Z90G9-4EPNP-E0BQE-U8NHD
 
Tool Versions:
Toolchain:       MDK-ARM Plus  Version: 5.38.0.0
Toolchain Path:  D:\Keil_v5\ARM\ARMCC\Bin
C Compiler:      Armcc.exe V5.06 update 7 (build 960)
Assembler:       Armasm.exe V5.06 update 7 (build 960)
Linker/Locator:  ArmLink.exe V5.06 update 7 (build 960)
Library Manager: ArmAr.exe V5.06 update 7 (build 960)
Hex Converter:   FromElf.exe V5.06 update 7 (build 960)
CPU DLL:         
Dialog DLL:      
Target DLL:      Segger\JL2CM3.dll V2.99.42.0
Dialog DLL:      TCM.DLL V1.56.4.0
 
<h2>Project:</h2>
D:\Keil_projects\nrf52_ble_saadc\examples\arm5_no_packs\ble_app_template_pca10056_s140.uvprojx
Project File Date:  08/31/2023

<h2>Output:</h2>
*** Using Compiler 'V5.06 update 7 (build 960)', folder: 'D:\Keil_v5\ARM\ARMCC\Bin'
Rebuild target 'nrf52840_xxaa'
compiling utf.c...
compiling auth_status_tracker.c...
compiling ble_srv_common.c...
compiling nrf_ble_qwr.c...
compiling ble_conn_state.c...
compiling nrf_ble_gatt.c...
compiling ble_advdata.c...
compiling ble_conn_params.c...
compiling bsp_btn_ble.c...
compiling boards.c...
compiling ble_advertising.c...
compiling gatt_cache_manager.c...
compiling id_manager.c...
compiling bsp.c...
compiling gatts_cache_manager.c...
compiling pm_buffer.c...
compiling peer_database.c...
compiling peer_id.c...
compiling nrfx_atomic.c...
compiling peer_data_storage.c...
compiling peer_manager_handler.c...
compiling nrf_drv_uart.c...
compiling main.c...
compiling peer_manager.c...
compiling nrfx_clock.c...
compiling security_manager.c...
compiling nrfx_prs.c...
compiling security_dispatcher.c...
compiling nrf_drv_clock.c...
compiling nrfx_gpiote.c...
compiling app_error.c...
compiling app_util_platform.c...
compiling crc16.c...
compiling app_error_handler_keil.c...
compiling app_scheduler.c...
compiling app_error_weak.c...
compiling nrfx_saadc.c...
compiling nrf_drv_ppi.c...
compiling nrfx_uart.c...
compiling nrfx_timer.c...
compiling nrf_assert.c...
compiling nrfx_uarte.c...
compiling fds.c...
compiling nrfx_ppi.c...
compiling hardfault_implementation.c...
compiling app_timer2.c...
compiling drv_rtc.c...
compiling app_button.c...
compiling sensorsim.c...
compiling nrf_atfifo.c...
compiling nrf_strerror.c...
compiling nrf_atflags.c...
compiling nrf_section_iter.c...
compiling nrf_fprintf_format.c...
compiling nrf_atomic.c...
compiling nrf_fprintf.c...
compiling nrf_sortlist.c...
compiling nrf_ringbuf.c...
compiling nrf_fstorage.c...
compiling nrf_memobj.c...
compiling nrf_fstorage_sd.c...
compiling nrf_balloc.c...
compiling SEGGER_RTT_Syscalls_KEIL.c...
compiling app_uart_fifo.c...
compiling nrf_pwr_mgmt.c...
assembling arm_startup_nrf52840.s...
compiling SEGGER_RTT.c...
compiling app_fifo.c...
compiling nrf_log_backend_uart.c...
compiling retarget.c...
compiling SEGGER_RTT_printf.c...
compiling nrf_log_str_formatter.c...
compiling nrf_sdh_soc.c...
compiling nrf_log_backend_serial.c...
compiling nrf_sdh.c...
compiling nrf_log_frontend.c...
compiling nrf_log_default_backends.c...
compiling nrf_sdh_ble.c...
compiling notification_test.c...
compiling nrf_log_backend_rtt.c...
compiling system_nrf52.c...
linking...
Program Size: Code=63564 RO-data=9272 RW-data=828 ZI-data=14580  
FromELF: creating hex file...
".\_build\nrf52840_xxaa.axf" - 0 Error(s), 0 Warning(s).

<h2>Software Packages used:</h2>

Package Vendor: ARM
                http://www.keil.com/pack/ARM.CMSIS.5.6.0.pack
                ARM.CMSIS.5.6.0
                CMSIS (Cortex Microcontroller Software Interface Standard)
   * Component: CORE Version: 5.3.0

Package Vendor: NordicSemiconductor
                http://developer.nordicsemi.com/nRF5_SDK/pieces/nRF_DeviceFamilyPack/NordicSemiconductor.nRF_DeviceFamilyPack.8.40.3.pack
                NordicSemiconductor.nRF_DeviceFamilyPack.8.40.3
                Nordic Semiconductor nRF ARM devices Device Family Pack with BSD license.
   * Component: Startup Version: 8.40.3

<h2>Collection of Component include folders:</h2>
  ./RTE/_nrf52840_xxaa
  D:/Keil_v5_packs/ARM/CMSIS/5.6.0/CMSIS/Core/Include
  D:/Keil_v5_packs/NordicSemiconductor/nRF_DeviceFamilyPack/8.40.3/Device/Include

<h2>Collection of Component Files used:</h2>

   * Component: ARM::CMSIS:CORE:5.3.0

   * Component: NordicSemiconductor::Device:Startup:8.40.3
      Source file:   Device/Source/arm/arm_startup_nrf52840.s
      Include file:  Device/Include/system_nrf52840.h
      Include file:  Device/Include/system_nrf.h
      Source file:   Device/Source/system_nrf52.c
Build Time Elapsed:  00:00:16
</pre>
</body>
</html>
