Component: ARM Compiler 5.06 update 7 (build 960) Tool: armlink [4d3601]

==============================================================================

Section Cross References

    main.o(i.advertising_init) refers to memseta.o(.text) for __aeabi_memclr4
    main.o(i.advertising_init) refers to ble_advertising.o(i.ble_advertising_init) for ble_advertising_init
    main.o(i.advertising_init) refers to app_error.o(i.app_error_handler_bare) for app_error_handler_bare
    main.o(i.advertising_init) refers to ble_advertising.o(i.ble_advertising_conn_cfg_tag_set) for ble_advertising_conn_cfg_tag_set
    main.o(i.advertising_init) refers to main.o(.data) for m_adv_uuids
    main.o(i.advertising_init) refers to main.o(i.on_adv_evt) for on_adv_evt
    main.o(i.advertising_init) refers to main.o(.bss) for m_advertising
    main.o(i.advertising_start) refers to main.o(i.delete_bonds) for delete_bonds
    main.o(i.advertising_start) refers to ble_advertising.o(i.ble_advertising_start) for ble_advertising_start
    main.o(i.advertising_start) refers to app_error.o(i.app_error_handler_bare) for app_error_handler_bare
    main.o(i.advertising_start) refers to main.o(.bss) for m_advertising
    main.o(i.assert_nrf_callback) refers to app_error_handler_keil.o(.emb_text) for app_error_handler
    main.o(i.ble_evt_handler) refers to nrf_log_frontend.o(i.nrf_log_frontend_std_0) for nrf_log_frontend_std_0
    main.o(i.ble_evt_handler) refers to bsp.o(i.bsp_indication_set) for bsp_indication_set
    main.o(i.ble_evt_handler) refers to app_error.o(i.app_error_handler_bare) for app_error_handler_bare
    main.o(i.ble_evt_handler) refers to nrf_ble_qwr.o(i.nrf_ble_qwr_conn_handle_assign) for nrf_ble_qwr_conn_handle_assign
    main.o(i.ble_evt_handler) refers to nrf_log_frontend.o(log_const_data) for m_nrf_log_app_logs_data_const
    main.o(i.ble_evt_handler) refers to main.o(.data) for m_conn_handle
    main.o(i.ble_evt_handler) refers to main.o(.bss) for m_qwr
    main.o(i.ble_stack_init) refers to nrf_sdh.o(i.nrf_sdh_enable_request) for nrf_sdh_enable_request
    main.o(i.ble_stack_init) refers to app_error.o(i.app_error_handler_bare) for app_error_handler_bare
    main.o(i.ble_stack_init) refers to nrf_sdh_ble.o(i.nrf_sdh_ble_default_cfg_set) for nrf_sdh_ble_default_cfg_set
    main.o(i.ble_stack_init) refers to nrf_sdh_ble.o(i.nrf_sdh_ble_enable) for nrf_sdh_ble_enable
    main.o(i.bsp_event_handler) refers to main.o(i.sleep_mode_enter) for sleep_mode_enter
    main.o(i.bsp_event_handler) refers to app_error.o(i.app_error_handler_bare) for app_error_handler_bare
    main.o(i.bsp_event_handler) refers to ble_advertising.o(i.ble_advertising_restart_without_whitelist) for ble_advertising_restart_without_whitelist
    main.o(i.bsp_event_handler) refers to main.o(.data) for m_conn_handle
    main.o(i.bsp_event_handler) refers to main.o(.bss) for m_advertising
    main.o(i.buttons_leds_init) refers to bsp.o(i.bsp_init) for bsp_init
    main.o(i.buttons_leds_init) refers to app_error.o(i.app_error_handler_bare) for app_error_handler_bare
    main.o(i.buttons_leds_init) refers to bsp_btn_ble.o(i.bsp_btn_ble_init) for bsp_btn_ble_init
    main.o(i.buttons_leds_init) refers to main.o(i.bsp_event_handler) for bsp_event_handler
    main.o(i.conn_params_error_handler) refers to app_error.o(i.app_error_handler_bare) for app_error_handler_bare
    main.o(i.conn_params_init) refers to memseta.o(.text) for __aeabi_memclr4
    main.o(i.conn_params_init) refers to ble_conn_params.o(i.ble_conn_params_init) for ble_conn_params_init
    main.o(i.conn_params_init) refers to app_error.o(i.app_error_handler_bare) for app_error_handler_bare
    main.o(i.conn_params_init) refers to main.o(i.on_conn_params_evt) for on_conn_params_evt
    main.o(i.conn_params_init) refers to main.o(i.conn_params_error_handler) for conn_params_error_handler
    main.o(i.delete_bonds) refers to nrf_log_frontend.o(i.nrf_log_frontend_std_0) for nrf_log_frontend_std_0
    main.o(i.delete_bonds) refers to peer_manager.o(i.pm_peers_delete) for pm_peers_delete
    main.o(i.delete_bonds) refers to app_error.o(i.app_error_handler_bare) for app_error_handler_bare
    main.o(i.delete_bonds) refers to nrf_log_frontend.o(log_const_data) for m_nrf_log_app_logs_data_const
    main.o(i.disconnect_handler) refers to main.o(i.saadc_timer_disable) for saadc_timer_disable
    main.o(i.disconnect_handler) refers to main.o(.data) for sampling_flag
    main.o(i.gap_params_init) refers to app_error.o(i.app_error_handler_bare) for app_error_handler_bare
    main.o(i.gatt_init) refers to nrf_ble_gatt.o(i.nrf_ble_gatt_init) for nrf_ble_gatt_init
    main.o(i.gatt_init) refers to app_error.o(i.app_error_handler_bare) for app_error_handler_bare
    main.o(i.gatt_init) refers to main.o(.bss) for m_gatt
    main.o(i.idle_state_handle) refers to nrf_log_frontend.o(i.nrf_log_frontend_dequeue) for nrf_log_frontend_dequeue
[...]
    0x0002bd50   0x0002bd50   0x0000004c   Code   RO         6334    i.gc_page_erase     fds.o
    0x0002bd9c   0x0002bd9c   0x00000050   Code   RO         6335    i.gc_page_next      fds.o
    0x0002bdec   0x0002bdec   0x00000040   Code   RO         6336    i.gc_record_copy    fds.o
    0x0002be2c   0x0002be2c   0x00000024   Code   RO         6337    i.gc_record_find_next  fds.o
    0x0002be50   0x0002be50   0x00000058   Code   RO         6338    i.gc_state_advance  fds.o
    0x0002bea8   0x0002bea8   0x0000002c   Code   RO         6339    i.gc_swap_erase     fds.o
    0x0002bed4   0x0002bed4   0x00000060   Code   RO         6340    i.gc_swap_pages     fds.o
    0x0002bf34   0x0002bf34   0x00000024   Code   RO         6341    i.gc_swap_promote   fds.o
    0x0002bf58   0x0002bf58   0x00000018   Code   RO         6342    i.gc_tag_new_swap   fds.o
    0x0002bf70   0x0002bf70   0x00000020   Code   RO         6343    i.gc_update_swap_offset  fds.o
    0x0002bf90   0x0002bf90   0x00000298   Code   RO         1665    i.gcm_ble_evt_handler  gatt_cache_manager.o
    0x0002c228   0x0002c228   0x00000026   Code   RO         1666    i.gcm_im_evt_handler  gatt_cache_manager.o
    0x0002c24e   0x0002c24e   0x00000002   PAD
    0x0002c250   0x0002c250   0x000000e4   Code   RO         1667    i.gcm_init          gatt_cache_manager.o
    0x0002c334   0x0002c334   0x0000009c   Code   RO         1670    i.gcm_pdb_evt_handler  gatt_cache_manager.o
    0x0002c3d0   0x0002c3d0   0x0000003c   Code   RO         5835    i.get_now           app_timer2.o
    0x0002c40c   0x0002c40c   0x00000048   Code   RO         5570    i.gpiote_event_handler  app_button.o
    0x0002c454   0x0002c454   0x0000001c   Code   RO         1851    i.gscm_db_change_notification_done  gatts_cache_manager.o
    0x0002c470   0x0002c470   0x00000014   Code   RO         1852    i.gscm_init         gatts_cache_manager.o
    0x0002c484   0x0002c484   0x000000b8   Code   RO         1854    i.gscm_local_db_cache_apply  gatts_cache_manager.o
    0x0002c53c   0x0002c53c   0x00000190   Code   RO         1855    i.gscm_local_db_cache_update  gatts_cache_manager.o
    0x0002c6cc   0x0002c6cc   0x0000001c   Code   RO         1856    i.gscm_pdb_evt_handler  gatts_cache_manager.o
    0x0002c6e8   0x0002c6e8   0x00000028   Code   RO         1857    i.gscm_service_changed_ind_needed  gatts_cache_manager.o
    0x0002c710   0x0002c710   0x00000074   Code   RO         1858    i.gscm_service_changed_ind_send  gatts_cache_manager.o
    0x0002c784   0x0002c784   0x00000030   Code   RO         6344    i.header_check      fds.o
    0x0002c7b4   0x0002c7b4   0x00000016   Code   RO         6345    i.header_has_next   fds.o
    0x0002c7ca   0x0002c7ca   0x0000000e   Code   RO         6346    i.header_jump       fds.o
    0x0002c7d8   0x0002c7d8   0x0000000e   Code   RO           19    i.idle_state_handle  main.o
    0x0002c7e6   0x0002c7e6   0x0000004c   Code   RO         1951    i.im_address_resolve  id_manager.o
    0x0002c832   0x0002c832   0x00000002   PAD
    0x0002c834   0x0002c834   0x00000038   Code   RO         1952    i.im_ble_addr_get   id_manager.o
    0x0002c86c   0x0002c86c   0x000000ec   Code   RO         1953    i.im_ble_evt_handler  id_manager.o
    0x0002c958   0x0002c958   0x00000040   Code   RO         1954    i.im_conn_handle_get  id_manager.o
    0x0002c998   0x0002c998   0x00000038   Code   RO         1956    i.im_find_duplicate_bonding_data  id_manager.o
    0x0002c9d0   0x0002c9d0   0x00000090   Code   RO         1959    i.im_is_duplicate_bonding_data  id_manager.o
    0x0002ca60   0x0002ca60   0x00000022   Code   RO         1960    i.im_master_id_is_valid  id_manager.o
    0x0002ca82   0x0002ca82   0x00000032   Code   RO         1961    i.im_master_ids_compare  id_manager.o
    0x0002cab4   0x0002cab4   0x00000014   Code   RO         1962    i.im_new_peer_id    id_manager.o
    0x0002cac8   0x0002cac8   0x00000030   Code   RO         1963    i.im_peer_free      id_manager.o
    0x0002caf8   0x0002caf8   0x00000028   Code   RO         1964    i.im_peer_id_get_by_conn_handle  id_manager.o
    0x0002cb20   0x0002cb20   0x00000040   Code   RO         1965    i.im_peer_id_get_by_master_id  id_manager.o
    0x0002cb60   0x0002cb60   0x0000003c   Code   RO         7298    i.init              nrf_fstorage_sd.o
    0x0002cb9c   0x0002cb9c   0x00000128   Code   RO         6347    i.init_execute      fds.o
    0x0002ccc4   0x0002ccc4   0x0000002c   Code   RO         1302    i.instance_get      ble_conn_params.o
    0x0002ccf0   0x0002ccf0   0x000000be   Code   RO         7159    i.int_print         nrf_fprintf_format.o
    0x0002cdae   0x0002cdae   0x00000002   PAD
    0x0002cdb0   0x0002cdb0   0x0000000c   Code   RO         1671    i.internal_state_reset  gatt_cache_manager.o
    0x0002cdbc   0x0002cdbc   0x00000018   Code   RO         1859    i.internal_state_reset  gatts_cache_manager.o
    0x0002cdd4   0x0002cdd4   0x00000020   Code   RO         2479    i.internal_state_reset  peer_database.o
    0x0002cdf4   0x0002cdf4   0x0000000e   Code   RO         2634    i.internal_state_reset  peer_id.o
    0x0002ce02   0x0002ce02   0x00000002   PAD
    0x0002ce04   0x0002ce04   0x00000018   Code   RO         2730    i.internal_state_reset  peer_manager.o
    0x0002ce1c   0x0002ce1c   0x00000094   Code   RO         4556    i.interrupts_enable  nrfx_uart.o
    0x0002ceb0   0x0002ceb0   0x000000b4   Code   RO         4806    i.interrupts_enable  nrfx_uarte.o
    0x0002cf64   0x0002cf64   0x00000046   Code   RO         8168    i.invalid_packets_omit  nrf_log_frontend.o
    0x0002cfaa   0x0002cfaa   0x0000005c   Code   RO         5355    i.irq_handler       nrfx_timer.o
    0x0002d006   0x0002d006   0x00000002   PAD
    0x0002d008   0x0002d008   0x00000014   Code   RO         7299    i.is_busy           nrf_fstorage_sd.o
    0x0002d01c   0x0002d01c   0x00000064   Code   RO         2731    i.is_conn_handle_excluded  peer_manager.o
    0x0002d080   0x0002d080   0x00000072   Code   RO         1303    i.is_conn_params_ok  ble_conn_params.o
    0x0002d0f2   0x0002d0f2   0x00000018   Code   RO         1970    i.is_valid_irk      id_manager.o
    0x0002d10a   0x0002d10a   0x00000010   Code   RO         6348    i.is_word_aligned   fds.o
    0x0002d11a   0x0002d11a   0x0000000c   Code   RO         3601    i.item_dequeue      nrf_drv_clock.o
    0x0002d126   0x0002d126   0x00000026   Code   RO         3412    i.key_is_lesc       security_manager.o
    0x0002d14c   0x0002d14c   0x00000026   Code   RO         4130    i.latch_pending_read_and_check  nrfx_gpiote.o
    0x0002d172   0x0002d172   0x00000002   PAD
    0x0002d174   0x0002d174   0x00000064   Code   RO           20    i.led_write_handler  main.o
    0x0002d1d8   0x0002d1d8   0x00000028   Code   RO          774    i.leds_off          bsp.o
    0x0002d200   0x0002d200   0x00000020   Code   RO          775    i.leds_timer_handler  bsp.o
    0x0002d220   0x0002d220   0x00000018   Code   RO         3603    i.lfclk_stop        nrf_drv_clock.o
    0x0002d238   0x0002d238   0x00000016   Code   RO         2124    i.link_init         nrf_ble_gatt.o
    0x0002d24e   0x0002d24e   0x00000002   PAD
    0x0002d250   0x0002d250   0x000000e8   Code   RO         3413    i.link_secure       security_manager.o
    0x0002d338   0x0002d338   0x00000018   Code   RO         3226    i.link_secure_authenticate  security_dispatcher.o
    0x0002d350   0x0002d350   0x0000003c   Code   RO         3227    i.link_secure_failure  security_dispatcher.o
    0x0002d38c   0x0002d38c   0x0000003c   Code   RO         3414    i.link_secure_pending_handle  security_manager.o
    0x0002d3c8   0x0002d3c8   0x00000018   Code   RO         3228    i.link_secure_peripheral  security_dispatcher.o
    0x0002d3e0   0x0002d3e0   0x000000c4   Code   RO         1672    i.local_db_apply_in_evt  gatt_cache_manager.o
    0x0002d4a4   0x0002d4a4   0x00000018   Code   RO         1673    i.local_db_update   gatt_cache_manager.o
    0x0002d4bc   0x0002d4bc   0x00000128   Code   RO         1674    i.local_db_update_in_evt  gatt_cache_manager.o
    0x0002d5e4   0x0002d5e4   0x00000026   Code   RO           21    i.log_init          main.o
    0x0002d60a   0x0002d60a   0x00000002   Code   RO         8169    i.log_pending_hook  nrf_log_frontend.o
    0x0002d60c   0x0002d60c   0x000000cc   Code   RO         8170    i.log_skip          nrf_log_frontend.o
    0x0002d6d8   0x0002d6d8   0x000001cc   Code   RO           22    i.main              main.o
    0x0002d8a4   0x0002d8a4   0x00000076   Code   RO         1030    i.manuf_specific_data_encode  ble_advdata.o
    0x0002d91a   0x0002d91a   0x000000ca   Code   RO         7430    i.memobj_op         nrf_memobj.o
    0x0002d9e4   0x0002d9e4   0x00000038   Code   RO         8171    i.module_idx_get    nrf_log_frontend.o
    0x0002da1c   0x0002da1c   0x00000026   Code   RO         3159    i.mutex_lock        pm_buffer.o
    0x0002da42   0x0002da42   0x00000020   Code   RO         3160    i.mutex_lock_status_get  pm_buffer.o
    0x0002da62   0x0002da62   0x00000020   Code   RO         3161    i.mutex_unlock      pm_buffer.o
    0x0002da82   0x0002da82   0x000000c8   Code   RO         1031    i.name_encode       ble_advdata.o
    0x0002db4a   0x0002db4a   0x00000002   PAD
    0x0002db4c   0x0002db4c   0x00000020   Code   RO         3415    i.new_context_get   security_manager.o
    0x0002db6c   0x0002db6c   0x00000032   Code   RO         3416    i.new_evt           security_manager.o
    0x0002db9e   0x0002db9e   0x00000034   Code   RO         2635    i.next_id_get       peer_id.o
    0x0002dbd2   0x0002dbd2   0x00000002   Code   RO           23    i.notify_handler    main.o
    0x0002dbd4   0x0002dbd4   0x00000044   Code   RO         9054    i.nrf52_errata_103  system_nrf52.o
    0x0002dc18   0x0002dc18   0x00000044   Code   RO         9065    i.nrf52_errata_115  system_nrf52.o
    0x0002dc5c   0x0002dc5c   0x00000044   Code   RO         9071    i.nrf52_errata_120  system_nrf52.o
    0x0002dca0   0x0002dca0   0x00000044   Code   RO         9081    i.nrf52_errata_136  system_nrf52.o
    0x0002dce4   0x0002dce4   0x00000044   Code   RO         9169    i.nrf52_errata_249  system_nrf52.o
    0x0002dd28   0x0002dd28   0x00000044   Code   RO         9184    i.nrf52_errata_36   system_nrf52.o
    0x0002dd6c   0x0002dd6c   0x00000044   Code   RO         9207    i.nrf52_errata_66   system_nrf52.o
    0x0002ddb0   0x0002ddb0   0x00000044   Code   RO         9234    i.nrf52_errata_98   system_nrf52.o
    0x0002ddf4   0x0002ddf4   0x00000016   Code   RO         6796    i.nrf_atfifo_clear  nrf_atfifo.o
    0x0002de0a   0x0002de0a   0x00000028   Code   RO         6798    i.nrf_atfifo_init   nrf_atfifo.o
    0x0002de32   0x0002de32   0x0000001c   Code   RO         6799    i.nrf_atfifo_item_alloc  nrf_atfifo.o
    0x0002de4e   0x0002de4e   0x0000001c   Code   RO         6800    i.nrf_atfifo_item_free  nrf_atfifo.o
    0x0002de6a   0x0002de6a   0x0000001c   Code   RO         6801    i.nrf_atfifo_item_get  nrf_atfifo.o
    0x0002de86   0x0002de86   0x0000001c   Code   RO         6802    i.nrf_atfifo_item_put  nrf_atfifo.o
    0x0002dea2   0x0002dea2   0x0000001e   Code   RO         6867    i.nrf_atflags_clear  nrf_atflags.o
    0x0002dec0   0x0002dec0   0x0000002e   Code   RO         6869    i.nrf_atflags_fetch_set  nrf_atflags.o
    0x0002deee   0x0002deee   0x00000060   Code   RO         6871    i.nrf_atflags_find_and_set_flag  nrf_atflags.o
    0x0002df4e   0x0002df4e   0x0000001e   Code   RO         6872    i.nrf_atflags_get   nrf_atflags.o
    0x0002df6c   0x0002df6c   0x0000001e   Code   RO         6874    i.nrf_atflags_set   nrf_atflags.o
    0x0002df8a   0x0002df8a   0x0000000e   Code   RO         6935    i.nrf_atomic_flag_clear_fetch  nrf_atomic.o
    0x0002df98   0x0002df98   0x0000000e   Code   RO         6936    i.nrf_atomic_flag_set  nrf_atomic.o
    0x0002dfa6   0x0002dfa6   0x0000000e   Code   RO         6937    i.nrf_atomic_flag_set_fetch  nrf_atomic.o
    0x0002dfb4   0x0002dfb4   0x00000016   Code   RO         6938    i.nrf_atomic_u32_add  nrf_atomic.o
    0x0002dfca   0x0002dfca   0x00000016   Code   RO         6939    i.nrf_atomic_u32_and  nrf_atomic.o
    0x0002dfe0   0x0002dfe0   0x00000016   Code   RO         6941    i.nrf_atomic_u32_fetch_add  nrf_atomic.o
    0x0002dff6   0x0002dff6   0x00000016   Code   RO         6942    i.nrf_atomic_u32_fetch_and  nrf_atomic.o
    0x0002e00c   0x0002e00c   0x00000016   Code   RO         6943    i.nrf_atomic_u32_fetch_or  nrf_atomic.o
    0x0002e022   0x0002e022   0x00000016   Code   RO         6944    i.nrf_atomic_u32_fetch_store  nrf_atomic.o
    0x0002e038   0x0002e038   0x00000016   Code   RO         6948    i.nrf_atomic_u32_or  nrf_atomic.o
    0x0002e04e   0x0002e04e   0x00000016   Code   RO         6950    i.nrf_atomic_u32_sub  nrf_atomic.o
    0x0002e064   0x0002e064   0x00000052   Code   RO         7072    i.nrf_balloc_alloc  nrf_balloc.o
    0x0002e0b6   0x0002e0b6   0x00000010   Code   RO         7073    i.nrf_balloc_block2idx  nrf_balloc.o
    0x0002e0c6   0x0002e0c6   0x00000030   Code   RO         7074    i.nrf_balloc_free   nrf_balloc.o
    0x0002e0f6   0x0002e0f6   0x0000000c   Code   RO         7075    i.nrf_balloc_idx2block  nrf_balloc.o
    0x0002e102   0x0002e102   0x0000003c   Code   RO         7076    i.nrf_balloc_init   nrf_balloc.o
    0x0002e13e   0x0002e13e   0x00000016   Code   RO         4131    i.nrf_bitmask_bit_is_set  nrfx_gpiote.o
    0x0002e154   0x0002e154   0x00000034   Code   RO         2130    i.nrf_ble_gatt_init  nrf_ble_gatt.o
    0x0002e188   0x0002e188   0x00000108   Code   RO         2131    i.nrf_ble_gatt_on_ble_evt  nrf_ble_gatt.o
    0x0002e290   0x0002e290   0x00000020   Code   RO         2245    i.nrf_ble_qwr_conn_handle_assign  nrf_ble_qwr.o
    0x0002e2b0   0x0002e2b0   0x00000032   Code   RO         2246    i.nrf_ble_qwr_init  nrf_ble_qwr.o
    0x0002e2e2   0x0002e2e2   0x0000007c   Code   RO         2247    i.nrf_ble_qwr_on_ble_evt  nrf_ble_qwr.o
    0x0002e35e   0x0002e35e   0x00000012   Code   RO         3963    i.nrf_clock_event_check  nrfx_clock.o
    0x0002e370   0x0002e370   0x00000012   Code   RO         3964    i.nrf_clock_event_clear  nrfx_clock.o
    0x0002e382   0x0002e382   0x00000002   PAD
    0x0002e384   0x0002e384   0x0000000c   Code   RO         3965    i.nrf_clock_int_disable  nrfx_clock.o
    0x0002e390   0x0002e390   0x00000008   Code   RO         3967    i.nrf_clock_task_trigger  nrfx_clock.o
    0x0002e398   0x0002e398   0x0000004c   Code   RO         3609    i.nrf_drv_clock_init  nrf_drv_clock.o
    0x0002e3e4   0x0002e3e4   0x00000030   Code   RO         3613    i.nrf_drv_clock_lfclk_release  nrf_drv_clock.o
    0x0002e414   0x0002e414   0x0000008c   Code   RO         3768    i.nrf_drv_uart_init  nrf_drv_uart.o
    0x0002e4a0   0x0002e4a0   0x00000044   Code   RO         7808    i.nrf_drv_uart_rx   app_uart_fifo.o
    0x0002e4e4   0x0002e4e4   0x00000044   Code   RO         7809    i.nrf_drv_uart_tx   app_uart_fifo.o
    0x0002e528   0x0002e528   0x0000002a   Code   RO         7119    i.nrf_fprintf       nrf_fprintf.o
    0x0002e552   0x0002e552   0x0000001c   Code   RO         7120    i.nrf_fprintf_buffer_flush  nrf_fprintf.o
    0x0002e56e   0x0002e56e   0x000001f0   Code   RO         7160    i.nrf_fprintf_fmt   nrf_fprintf_format.o
    0x0002e75e   0x0002e75e   0x00000002   PAD
    0x0002e760   0x0002e760   0x00000170   Code   RO         7206    i.nrf_fstorage_erase  nrf_fstorage.o
    0x0002e8d0   0x0002e8d0   0x000000ac   Code   RO         7207    i.nrf_fstorage_init  nrf_fstorage.o
    0x0002e97c   0x0002e97c   0x0000001c   Code   RO         7300    i.nrf_fstorage_sdh_req_handler  nrf_fstorage_sd.o
    0x0002e998   0x0002e998   0x0000002c   Code   RO         7301    i.nrf_fstorage_sdh_state_handler  nrf_fstorage_sd.o
    0x0002e9c4   0x0002e9c4   0x0000008c   Code   RO         7302    i.nrf_fstorage_sys_evt_handler  nrf_fstorage_sd.o
    0x0002ea50   0x0002ea50   0x00000264   Code   RO         7213    i.nrf_fstorage_write  nrf_fstorage.o
    0x0002ecb4   0x0002ecb4   0x00000034   Code   RO          610    i.nrf_gpio_cfg      boards.o
    0x0002ece8   0x0002ece8   0x00000034   Code   RO         4132    i.nrf_gpio_cfg      nrfx_gpiote.o
    0x0002ed1c   0x0002ed1c   0x00000034   Code   RO         4557    i.nrf_gpio_cfg      nrfx_uart.o
    0x0002ed50   0x0002ed50   0x00000034   Code   RO         4807    i.nrf_gpio_cfg      nrfx_uarte.o
    0x0002ed84   0x0002ed84   0x0000001a   Code   RO          611    i.nrf_gpio_cfg_input  boards.o
    0x0002ed9e   0x0002ed9e   0x0000001a   Code   RO         4559    i.nrf_gpio_cfg_input  nrfx_uart.o
    0x0002edb8   0x0002edb8   0x0000001a   Code   RO         4809    i.nrf_gpio_cfg_input  nrfx_uarte.o
    0x0002edd2   0x0002edd2   0x00000018   Code   RO         4560    i.nrf_gpio_cfg_output  nrfx_uart.o
    0x0002edea   0x0002edea   0x00000018   Code   RO         4810    i.nrf_gpio_cfg_output  nrfx_uarte.o
    0x0002ee02   0x0002ee02   0x0000003a   Code   RO         4134    i.nrf_gpio_cfg_sense_set  nrfx_gpiote.o
    0x0002ee3c   0x0002ee3c   0x00000034   Code   RO         4135    i.nrf_gpio_latches_read_and_clear  nrfx_gpiote.o
    0x0002ee70   0x0002ee70   0x00000020   Code   RO          612    i.nrf_gpio_pin_port_decode  boards.o
    0x0002ee90   0x0002ee90   0x00000020   Code   RO         4137    i.nrf_gpio_pin_port_decode  nrfx_gpiote.o
    0x0002eeb0   0x0002eeb0   0x00000020   Code   RO         4561    i.nrf_gpio_pin_port_decode  nrfx_uart.o
    0x0002eed0   0x0002eed0   0x00000020   Code   RO         4811    i.nrf_gpio_pin_port_decode  nrfx_uarte.o
    0x0002eef0   0x0002eef0   0x00000030   Code   RO         4138    i.nrf_gpio_pin_present_check  nrfx_gpiote.o
    0x0002ef20   0x0002ef20   0x0000001a   Code   RO          613    i.nrf_gpio_pin_read  boards.o
    0x0002ef3a   0x0002ef3a   0x0000001a   Code   RO         4139    i.nrf_gpio_pin_read  nrfx_gpiote.o
    0x0002ef54   0x0002ef54   0x0000001a   Code   RO         4562    i.nrf_gpio_pin_set  nrfx_uart.o
    0x0002ef6e   0x0002ef6e   0x0000001a   Code   RO         4812    i.nrf_gpio_pin_set  nrfx_uarte.o
    0x0002ef88   0x0002ef88   0x00000042   Code   RO          614    i.nrf_gpio_pin_write  boards.o
    0x0002efca   0x0002efca   0x00000002   PAD
    0x0002efcc   0x0002efcc   0x0000000c   Code   RO         4141    i.nrf_gpiote_event_addr_get  nrfx_gpiote.o
    0x0002efd8   0x0002efd8   0x0000001c   Code   RO         4142    i.nrf_gpiote_event_clear  nrfx_gpiote.o
    0x0002eff4   0x0002eff4   0x00000016   Code   RO         4143    i.nrf_gpiote_event_is_set  nrfx_gpiote.o
    0x0002f00a   0x0002f00a   0x00000002   PAD
    0x0002f00c   0x0002f00c   0x0000000c   Code   RO         4144    i.nrf_gpiote_int_enable  nrfx_gpiote.o
    0x0002f018   0x0002f018   0x00000054   Code   RO         8172    i.nrf_log_backend_add  nrf_log_frontend.o
    0x0002f06c   0x0002f06c   0x00000002   Code   RO         8004    i.nrf_log_backend_rtt_flush  nrf_log_backend_rtt.o
    0x0002f06e   0x0002f06e   0x00000008   Code   RO         8005    i.nrf_log_backend_rtt_init  nrf_log_backend_rtt.o
    0x0002f076   0x0002f076   0x00000002   Code   RO         8006    i.nrf_log_backend_rtt_panic_set  nrf_log_backend_rtt.o
    0x0002f078   0x0002f078   0x00000020   Code   RO         8007    i.nrf_log_backend_rtt_put  nrf_log_backend_rtt.o
    0x0002f098   0x0002f098   0x000000f2   Code   RO         8075    i.nrf_log_backend_serial_put  nrf_log_backend_serial.o
    0x0002f18a   0x0002f18a   0x00000002   PAD
    0x0002f18c   0x0002f18c   0x00000038   Code   RO         8174    i.nrf_log_color_id_get  nrf_log_frontend.o
    0x0002f1c4   0x0002f1c4   0x00000028   Code   RO         8127    i.nrf_log_default_backends_init  nrf_log_default_backends.o
    0x0002f1ec   0x0002f1ec   0x0000031c   Code   RO         8175    i.nrf_log_frontend_dequeue  nrf_log_frontend.o
    0x0002f508   0x0002f508   0x00000014   Code   RO         8177    i.nrf_log_frontend_std_0  nrf_log_frontend.o
    0x0002f51c   0x0002f51c   0x00000018   Code   RO         8178    i.nrf_log_frontend_std_1  nrf_log_frontend.o
    0x0002f534   0x0002f534   0x00000020   Code   RO         8179    i.nrf_log_frontend_std_2  nrf_log_frontend.o
    0x0002f554   0x0002f554   0x00000028   Code   RO         8180    i.nrf_log_frontend_std_3  nrf_log_frontend.o
    0x0002f57c   0x0002f57c   0x0000002c   Code   RO         8181    i.nrf_log_frontend_std_4  nrf_log_frontend.o
    0x0002f5a8   0x0002f5a8   0x000000bc   Code   RO         8373    i.nrf_log_hexdump_entry_process  nrf_log_str_formatter.o
    0x0002f664   0x0002f664   0x00000048   Code   RO         8184    i.nrf_log_init      nrf_log_frontend.o
    0x0002f6ac   0x0002f6ac   0x00000014   Code   RO         8185    i.nrf_log_module_cnt_get  nrf_log_frontend.o
    0x0002f6c0   0x0002f6c0   0x00000024   Code   RO         8189    i.nrf_log_module_name_get  nrf_log_frontend.o
    0x0002f6e4   0x0002f6e4   0x00000034   Code   RO         8190    i.nrf_log_panic     nrf_log_frontend.o
    0x0002f718   0x0002f718   0x000000c8   Code   RO         8374    i.nrf_log_std_entry_process  nrf_log_str_formatter.o
    0x0002f7e0   0x0002f7e0   0x0000007a   Code   RO         7431    i.nrf_memobj_alloc  nrf_memobj.o
    0x0002f85a   0x0002f85a   0x00000040   Code   RO         7432    i.nrf_memobj_free   nrf_memobj.o
    0x0002f89a   0x0002f89a   0x00000010   Code   RO         7433    i.nrf_memobj_get    nrf_memobj.o
    0x0002f8aa   0x0002f8aa   0x0000000c   Code   RO         7434    i.nrf_memobj_pool_init  nrf_memobj.o
    0x0002f8b6   0x0002f8b6   0x0000001e   Code   RO         7435    i.nrf_memobj_put    nrf_memobj.o
    0x0002f8d4   0x0002f8d4   0x00000022   Code   RO         7436    i.nrf_memobj_read   nrf_memobj.o
    0x0002f8f6   0x0002f8f6   0x00000022   Code   RO         7437    i.nrf_memobj_write  nrf_memobj.o
    0x0002f918   0x0002f918   0x00000016   Code   RO         1675    i.nrf_mtx_unlock    gatt_cache_manager.o
    0x0002f92e   0x0002f92e   0x00000002   PAD
    0x0002f930   0x0002f930   0x00000040   Code   RO         7510    i.nrf_pwr_mgmt_init  nrf_pwr_mgmt.o
    0x0002f970   0x0002f970   0x0000006c   Code   RO         7511    i.nrf_pwr_mgmt_run  nrf_pwr_mgmt.o
    0x0002f9dc   0x0002f9dc   0x00000010   Code   RO           24    i.nrf_qwr_error_handler  main.o
    0x0002f9ec   0x0002f9ec   0x0000001c   Code   RO         7590    i.nrf_ringbuf_init  nrf_ringbuf.o
    0x0002fa08   0x0002fa08   0x0000000c   Code   RO         6109    i.nrf_rtc_cc_get    drv_rtc.o
    0x0002fa14   0x0002fa14   0x0000000a   Code   RO         6110    i.nrf_rtc_cc_set    drv_rtc.o
    0x0002fa1e   0x0002fa1e   0x00000008   Code   RO         6111    i.nrf_rtc_counter_get  drv_rtc.o
    0x0002fa26   0x0002fa26   0x0000000e   Code   RO         6112    i.nrf_rtc_event_clear  drv_rtc.o
    0x0002fa34   0x0002fa34   0x00000006   Code   RO         6113    i.nrf_rtc_event_disable  drv_rtc.o
    0x0002fa3a   0x0002fa3a   0x00000006   Code   RO         6114    i.nrf_rtc_event_enable  drv_rtc.o
    0x0002fa40   0x0002fa40   0x00000006   Code   RO         6115    i.nrf_rtc_int_disable  drv_rtc.o
    0x0002fa46   0x0002fa46   0x00000006   Code   RO         6116    i.nrf_rtc_int_enable  drv_rtc.o
    0x0002fa4c   0x0002fa4c   0x00000006   Code   RO         6117    i.nrf_rtc_task_trigger  drv_rtc.o
    0x0002fa52   0x0002fa52   0x00000002   PAD
    0x0002fa54   0x0002fa54   0x00000010   Code   RO         5032    i.nrf_saadc_buffer_init  nrfx_saadc.o
    0x0002fa64   0x0002fa64   0x00000018   Code   RO         5033    i.nrf_saadc_channel_input_set  nrfx_saadc.o
    0x0002fa7c   0x0002fa7c   0x00000014   Code   RO         5034    i.nrf_saadc_event_check  nrfx_saadc.o
    0x0002fa90   0x0002fa90   0x00000018   Code   RO         5035    i.nrf_saadc_event_clear  nrfx_saadc.o
    0x0002faa8   0x0002faa8   0x0000000c   Code   RO         5036    i.nrf_saadc_int_disable  nrfx_saadc.o
    0x0002fab4   0x0002fab4   0x0000000c   Code   RO         5037    i.nrf_saadc_int_enable  nrfx_saadc.o
    0x0002fac0   0x0002fac0   0x0000000c   Code   RO         5039    i.nrf_saadc_task_trigger  nrfx_saadc.o
    0x0002facc   0x0002facc   0x00000018   Code   RO         8820    i.nrf_sdh_ble_app_ram_start_get  nrf_sdh_ble.o
    0x0002fae4   0x0002fae4   0x000001a0   Code   RO         8821    i.nrf_sdh_ble_default_cfg_set  nrf_sdh_ble.o
    0x0002fc84   0x0002fc84   0x0000014c   Code   RO         8822    i.nrf_sdh_ble_enable  nrf_sdh_ble.o
    0x0002fdd0   0x0002fdd0   0x00000074   Code   RO         8823    i.nrf_sdh_ble_evts_poll  nrf_sdh_ble.o
    0x0002fe44   0x0002fe44   0x00000064   Code   RO         8691    i.nrf_sdh_disable_request  nrf_sdh.o
    0x0002fea8   0x0002fea8   0x00000084   Code   RO         8692    i.nrf_sdh_enable_request  nrf_sdh.o
    0x0002ff2c   0x0002ff2c   0x00000030   Code   RO         8693    i.nrf_sdh_evts_poll  nrf_sdh.o
    0x0002ff5c   0x0002ff5c   0x0000000c   Code   RO         8694    i.nrf_sdh_is_enabled  nrf_sdh.o
    0x0002ff68   0x0002ff68   0x00000028   Code   RO         8696    i.nrf_sdh_request_continue  nrf_sdh.o
    0x0002ff90   0x0002ff90   0x00000054   Code   RO         8879    i.nrf_sdh_soc_evts_poll  nrf_sdh_soc.o
    0x0002ffe4   0x0002ffe4   0x00000006   Code   RO         8699    i.nrf_section_iter_get  nrf_sdh.o
    0x0002ffea   0x0002ffea   0x00000014   Code   RO         7648    i.nrf_section_iter_init  nrf_section_iter.o
    0x0002fffe   0x0002fffe   0x0000002e   Code   RO         7649    i.nrf_section_iter_item_set  nrf_section_iter.o
    0x0003002c   0x0003002c   0x0000002e   Code   RO         7650    i.nrf_section_iter_next  nrf_section_iter.o
    0x0003005a   0x0003005a   0x00000028   Code   RO         7683    i.nrf_sortlist_add  nrf_sortlist.o
    0x00030082   0x00030082   0x00000008   Code   RO         7685    i.nrf_sortlist_peek  nrf_sortlist.o
    0x0003008a   0x0003008a   0x00000018   Code   RO         7686    i.nrf_sortlist_pop  nrf_sortlist.o
    0x000300a2   0x000300a2   0x00000026   Code   RO         7687    i.nrf_sortlist_remove  nrf_sortlist.o
    0x000300c8   0x000300c8   0x00000040   Code   RO         7739    i.nrf_strerror_find  nrf_strerror.o
    0x00030108   0x00030108   0x0000001c   Code   RO         7740    i.nrf_strerror_get  nrf_strerror.o
    0x00030124   0x00030124   0x0000000e   Code   RO         5356    i.nrf_timer_compare_event_get  nrfx_timer.o
    0x00030132   0x00030132   0x0000000a   Code   RO         5357    i.nrf_timer_compare_int_get  nrfx_timer.o
    0x0003013c   0x0003013c   0x0000000e   Code   RO         5358    i.nrf_timer_event_clear  nrfx_timer.o
    0x0003014a   0x0003014a   0x00000006   Code   RO         5359    i.nrf_timer_int_disable  nrfx_timer.o
    0x00030150   0x00030150   0x00000006   Code   RO         5360    i.nrf_timer_int_enable  nrfx_timer.o
    0x00030156   0x00030156   0x0000000c   Code   RO         5361    i.nrf_timer_shorts_disable  nrfx_timer.o
    0x00030162   0x00030162   0x00000006   Code   RO         5362    i.nrf_timer_task_trigger  nrfx_timer.o
    0x00030168   0x00030168   0x0000000c   Code   RO         4563    i.nrf_uart_errorsrc_get_and_clear  nrfx_uart.o
    0x00030174   0x00030174   0x0000000e   Code   RO         4564    i.nrf_uart_event_check  nrfx_uart.o
    0x00030182   0x00030182   0x0000000e   Code   RO         4565    i.nrf_uart_event_clear  nrfx_uart.o
    0x00030190   0x00030190   0x0000000c   Code   RO         4566    i.nrf_uart_hwfc_pins_set  nrfx_uart.o
    0x0003019c   0x0003019c   0x00000006   Code   RO         4567    i.nrf_uart_int_disable  nrfx_uart.o
    0x000301a2   0x000301a2   0x00000006   Code   RO         4568    i.nrf_uart_int_enable  nrfx_uart.o
    0x000301a8   0x000301a8   0x00000012   Code   RO         4569    i.nrf_uart_int_enable_check  nrfx_uart.o
    0x000301ba   0x000301ba   0x00000006   Code   RO         4570    i.nrf_uart_task_trigger  nrfx_uart.o
    0x000301c0   0x000301c0   0x0000000e   Code   RO         4571    i.nrf_uart_txrx_pins_set  nrfx_uart.o
    0x000301ce   0x000301ce   0x0000000c   Code   RO         4813    i.nrf_uarte_errorsrc_get_and_clear  nrfx_uarte.o
    0x000301da   0x000301da   0x0000000e   Code   RO         4814    i.nrf_uarte_event_check  nrfx_uarte.o
    0x000301e8   0x000301e8   0x0000000e   Code   RO         4815    i.nrf_uarte_event_clear  nrfx_uarte.o
    0x000301f6   0x000301f6   0x0000000c   Code   RO         4816    i.nrf_uarte_hwfc_pins_set  nrfx_uarte.o
    0x00030202   0x00030202   0x00000006   Code   RO         4817    i.nrf_uarte_int_disable  nrfx_uarte.o
    0x00030208   0x00030208   0x00000006   Code   RO         4818    i.nrf_uarte_int_enable  nrfx_uarte.o
    0x0003020e   0x0003020e   0x0000000a   Code   RO         4819    i.nrf_uarte_rx_amount_get  nrfx_uarte.o
    0x00030218   0x00030218   0x0000000c   Code   RO         4820    i.nrf_uarte_shorts_disable  nrfx_uarte.o
    0x00030224   0x00030224   0x00000006   Code   RO         4821    i.nrf_uarte_task_trigger  nrfx_uarte.o
    0x0003022a   0x0003022a   0x0000000a   Code   RO         4822    i.nrf_uarte_tx_amount_get  nrfx_uarte.o
    0x00030234   0x00030234   0x0000000e   Code   RO         4823    i.nrf_uarte_txrx_pins_set  nrfx_uarte.o
    0x00030242   0x00030242   0x00000002   PAD
    0x00030244   0x00030244   0x00000014   Code   RO         3616    i.nrf_wdt_started   nrf_drv_clock.o
    0x00030258   0x00030258   0x00000014   Code   RO         3972    i.nrfx_clock_enable  nrfx_clock.o
    0x0003026c   0x0003026c   0x00000024   Code   RO         3975    i.nrfx_clock_init   nrfx_clock.o
    0x00030290   0x00030290   0x0000002c   Code   RO         3978    i.nrfx_clock_lfclk_stop  nrfx_clock.o
    0x000302bc   0x000302bc   0x00000018   Code   RO         5040    i.nrfx_coredep_delay_us  nrfx_saadc.o
    0x000302d4   0x000302d4   0x00000018   Code   RO         6118    i.nrfx_coredep_delay_us  drv_rtc.o
    0x000302ec   0x000302ec   0x00000008   Code   RO         3980    i.nrfx_get_irq_number  nrfx_clock.o
    0x000302f4   0x000302f4   0x00000008   Code   RO         4147    i.nrfx_get_irq_number  nrfx_gpiote.o
    0x000302fc   0x000302fc   0x00000008   Code   RO         4572    i.nrfx_get_irq_number  nrfx_uart.o
    0x00030304   0x00030304   0x00000008   Code   RO         4824    i.nrfx_get_irq_number  nrfx_uarte.o
    0x0003030c   0x0003030c   0x00000008   Code   RO         5363    i.nrfx_get_irq_number  nrfx_timer.o
    0x00030314   0x00030314   0x000000ac   Code   RO         4153    i.nrfx_gpiote_in_event_enable  nrfx_gpiote.o
    0x000303c0   0x000303c0   0x000000f8   Code   RO         4155    i.nrfx_gpiote_in_init  nrfx_gpiote.o
    0x000304b8   0x000304b8   0x00000014   Code   RO         4156    i.nrfx_gpiote_in_is_set  nrfx_gpiote.o
    0x000304cc   0x000304cc   0x000000d8   Code   RO         4158    i.nrfx_gpiote_init  nrfx_gpiote.o
    0x000305a4   0x000305a4   0x00000014   Code   RO         4159    i.nrfx_gpiote_is_init  nrfx_gpiote.o
    0x000305b8   0x000305b8   0x00000014   Code   RO         4825    i.nrfx_is_in_ram    nrfx_uarte.o
    0x000305cc   0x000305cc   0x000000b0   Code   RO         3981    i.nrfx_power_clock_irq_init  nrfx_clock.o
    0x0003067c   0x0003067c   0x0000004e   Code   RO         4501    i.nrfx_prs_acquire  nrfx_prs.o
    0x000306ca   0x000306ca   0x00000002   PAD
    0x000306cc   0x000306cc   0x000000ac   Code   RO         5044    i.nrfx_saadc_channel_init  nrfx_saadc.o
    0x00030778   0x00030778   0x000000f8   Code   RO         5046    i.nrfx_saadc_init   nrfx_saadc.o
    0x00030870   0x00030870   0x000000fc   Code   RO         5050    i.nrfx_saadc_sample_convert  nrfx_saadc.o
    0x0003096c   0x0003096c   0x00000048   Code   RO         5366    i.nrfx_timer_compare  nrfx_timer.o
    0x000309b4   0x000309b4   0x00000024   Code   RO         5369    i.nrfx_timer_disable  nrfx_timer.o
    0x000309d8   0x000309d8   0x00000024   Code   RO         5370    i.nrfx_timer_enable  nrfx_timer.o
    0x000309fc   0x000309fc   0x00000042   Code   RO         5371    i.nrfx_timer_extended_compare  nrfx_timer.o
    0x00030a3e   0x00030a3e   0x00000002   PAD
    0x00030a40   0x00030a40   0x000000fc   Code   RO         5373    i.nrfx_timer_init   nrfx_timer.o
    0x00030b3c   0x00030b3c   0x00000014   Code   RO         4573    i.nrfx_uart_0_irq_handler  nrfx_uart.o
    0x00030b50   0x00030b50   0x00000088   Code   RO         4575    i.nrfx_uart_init    nrfx_uart.o
    0x00030bd8   0x00030bd8   0x00000124   Code   RO         4576    i.nrfx_uart_rx      nrfx_uart.o
    0x00030cfc   0x00030cfc   0x0000008c   Code   RO         4581    i.nrfx_uart_tx      nrfx_uart.o
    0x00030d88   0x00030d88   0x00000024   Code   RO         4583    i.nrfx_uart_tx_in_progress  nrfx_uart.o
    0x00030dac   0x00030dac   0x00000014   Code   RO         4826    i.nrfx_uarte_0_irq_handler  nrfx_uarte.o
    0x00030dc0   0x00030dc0   0x00000080   Code   RO         4828    i.nrfx_uarte_init   nrfx_uarte.o
    0x00030e40   0x00030e40   0x00000138   Code   RO         4829    i.nrfx_uarte_rx     nrfx_uarte.o
    0x00030f78   0x00030f78   0x000000c0   Code   RO         4832    i.nrfx_uarte_tx     nrfx_uarte.o
    0x00031038   0x00031038   0x00000020   Code   RO         4834    i.nrfx_uarte_tx_in_progress  nrfx_uarte.o
    0x00031058   0x00031058   0x00000014   Code   RO         9353    i.nvmc_config       system_nrf52.o
    0x0003106c   0x0003106c   0x00000010   Code   RO         9354    i.nvmc_wait         system_nrf52.o
    0x0003107c   0x0003107c   0x00000064   Code   RO           25    i.on_adv_evt        main.o
    0x000310e0   0x000310e0   0x00000014   Code   RO         5836    i.on_compare1_evt   app_timer2.o
    0x000310f4   0x000310f4   0x00000020   Code   RO         5837    i.on_compare_evt    app_timer2.o
    0x00031114   0x00031114   0x0000002c   Code   RO           26    i.on_conn_params_evt  main.o
    0x00031140   0x00031140   0x00000030   Code   RO         1304    i.on_conn_params_update  ble_conn_params.o
    0x00031170   0x00031170   0x00000070   Code   RO         1305    i.on_connect        ble_conn_params.o
    0x000311e0   0x000311e0   0x0000000e   Code   RO         1160    i.on_connected      ble_advertising.o
    0x000311ee   0x000311ee   0x00000002   PAD
    0x000311f0   0x000311f0   0x000000c4   Code   RO         2132    i.on_connected_evt  nrf_ble_gatt.o
    0x000312b4   0x000312b4   0x00000054   Code   RO         2133    i.on_data_length_update_evt  nrf_ble_gatt.o
    0x00031308   0x00031308   0x00000030   Code   RO         2134    i.on_data_length_update_request_evt  nrf_ble_gatt.o
    0x00031338   0x00031338   0x00000032   Code   RO         1306    i.on_disconnect     ble_conn_params.o
    0x0003136a   0x0003136a   0x00000014   Code   RO         8916    i.on_disconnect     notification_test.o
    0x0003137e   0x0003137e   0x00000032   Code   RO         1161    i.on_disconnected   ble_advertising.o
    0x000313b0   0x000313b0   0x00000014   Code   RO         2135    i.on_disconnected_evt  nrf_ble_gatt.o
    0x000313c4   0x000313c4   0x000000c8   Code   RO         2136    i.on_exchange_mtu_request_evt  nrf_ble_gatt.o
    0x0003148c   0x0003148c   0x00000064   Code   RO         2137    i.on_exchange_mtu_rsp_evt  nrf_ble_gatt.o
    0x000314f0   0x000314f0   0x00000024   Code   RO         7303    i.on_operation_failure  nrf_fstorage_sd.o
    0x00031514   0x00031514   0x00000060   Code   RO         7304    i.on_operation_success  nrf_fstorage_sd.o
    0x00031574   0x00031574   0x0000001c   Code   RO         5838    i.on_overflow_evt   app_timer2.o
    0x00031590   0x00031590   0x0000006a   Code   RO         2248    i.on_rw_authorize_request  nrf_ble_qwr.o
    0x000315fa   0x000315fa   0x00000040   Code   RO         1162    i.on_terminated     ble_advertising.o
    0x0003163a   0x0003163a   0x00000002   Code   RO         2249    i.on_user_mem_release  nrf_ble_qwr.o
    0x0003163c   0x0003163c   0x00000020   Code   RO         2250    i.on_user_mem_request  nrf_ble_qwr.o
    0x0003165c   0x0003165c   0x00000058   Code   RO         1307    i.on_write          ble_conn_params.o
    0x000316b4   0x000316b4   0x00000010   Code   RO         8917    i.on_write          notification_test.o
    0x000316c4   0x000316c4   0x00000034   Code   RO         6349    i.page_can_tag      fds.o
    0x000316f8   0x000316f8   0x00000048   Code   RO         6350    i.page_from_record  fds.o
    0x00031740   0x00031740   0x00000034   Code   RO         6351    i.page_has_space    fds.o
    0x00031774   0x00031774   0x00000030   Code   RO         6352    i.page_identify     fds.o
    0x000317a4   0x000317a4   0x0000001c   Code   RO         6353    i.page_offsets_update  fds.o
    0x000317c0   0x000317c0   0x00000078   Code   RO         6354    i.page_scan         fds.o
    0x00031838   0x00031838   0x00000020   Code   RO         6355    i.page_tag_write_data  fds.o
    0x00031858   0x00031858   0x00000024   Code   RO         6356    i.page_tag_write_swap  fds.o
    0x0003187c   0x0003187c   0x00000170   Code   RO         6357    i.pages_init        fds.o
    0x000319ec   0x000319ec   0x00000014   Code   RO         3229    i.pairing           security_dispatcher.o
    0x00031a00   0x00031a00   0x00000080   Code   RO         3230    i.pairing_failure   security_dispatcher.o
    0x00031a80   0x00031a80   0x00000034   Code   RO         3231    i.pairing_success_evt_send  security_dispatcher.o
    0x00031ab4   0x00031ab4   0x00000010   Code   RO         3417    i.params_reply_pending_handle  security_manager.o
    0x00031ac4   0x00031ac4   0x00000022   Code   RO         3418    i.params_req_send   security_manager.o
    0x00031ae6   0x00031ae6   0x00000002   PAD
    0x00031ae8   0x00031ae8   0x00000020   Code   RO         2480    i.pdb_evt_send      peer_database.o
    0x00031b08   0x00031b08   0x00000088   Code   RO         2481    i.pdb_init          peer_database.o
    0x00031b90   0x00031b90   0x0000006c   Code   RO         2482    i.pdb_pds_evt_handler  peer_database.o
    0x00031bfc   0x00031bfc   0x00000016   Code   RO         2483    i.pdb_peer_data_ptr_get  peer_database.o
    0x00031c12   0x00031c12   0x00000002   PAD
    0x00031c14   0x00031c14   0x000000ac   Code   RO         2484    i.pdb_peer_free     peer_database.o
    0x00031cc0   0x00031cc0   0x000000f0   Code   RO         2485    i.pdb_write_buf_get  peer_database.o
    0x00031db0   0x00031db0   0x00000020   Code   RO         2486    i.pdb_write_buf_release  peer_database.o
    0x00031dd0   0x00031dd0   0x00000044   Code   RO         2487    i.pdb_write_buf_store  peer_database.o
    0x00031e14   0x00031e14   0x00000024   Code   RO         2304    i.pds_evt_send      peer_data_storage.o
    0x00031e38   0x00031e38   0x000000b0   Code   RO         2305    i.pds_init          peer_data_storage.o
    0x00031ee8   0x00031ee8   0x0000000c   Code   RO         2306    i.pds_next_deleted_peer_id_get  peer_data_storage.o
    0x00031ef4   0x00031ef4   0x0000000c   Code   RO         2307    i.pds_next_peer_id_get  peer_data_storage.o
    0x00031f00   0x00031f00   0x0000006c   Code   RO         2310    i.pds_peer_data_iterate  peer_data_storage.o
    0x00031f6c   0x00031f6c   0x00000010   Code   RO         2311    i.pds_peer_data_iterate_prepare  peer_data_storage.o
    0x00031f7c   0x00031f7c   0x0000009a   Code   RO         2312    i.pds_peer_data_read  peer_data_storage.o
    0x00032016   0x00032016   0x00000002   PAD
    0x00032018   0x00032018   0x000000d4   Code   RO         2313    i.pds_peer_data_store  peer_data_storage.o
    0x000320ec   0x000320ec   0x0000000c   Code   RO         2314    i.pds_peer_id_allocate  peer_data_storage.o
    0x000320f8   0x000320f8   0x0000001e   Code   RO         2315    i.pds_peer_id_free  peer_data_storage.o
    0x00032116   0x00032116   0x0000000c   Code   RO         2316    i.pds_peer_id_is_allocated  peer_data_storage.o
    0x00032122   0x00032122   0x0000001c   Code   RO         2488    i.peer_data_const_point_to_buffer  peer_database.o
    0x0003213e   0x0003213e   0x00000002   PAD
    0x00032140   0x00032140   0x000000a8   Code   RO         2318    i.peer_data_delete_process  peer_data_storage.o
    0x000321e8   0x000321e8   0x00000040   Code   RO         2319    i.peer_data_find    peer_data_storage.o
    0x00032228   0x00032228   0x00000026   Code   RO         2320    i.peer_data_id_is_valid  peer_data_storage.o
    0x0003224e   0x0003224e   0x0000000a   Code   RO         2321    i.peer_data_id_to_record_key  peer_data_storage.o
    0x00032258   0x00032258   0x0000001a   Code   RO         2489    i.peer_data_point_to_buffer  peer_database.o
    0x00032272   0x00032272   0x00000002   PAD
    0x00032274   0x00032274   0x00000014   Code   RO         2636    i.peer_id_allocate  peer_id.o
    0x00032288   0x00032288   0x0000002c   Code   RO         2637    i.peer_id_delete    peer_id.o
    0x000322b4   0x000322b4   0x0000001c   Code   RO         2638    i.peer_id_free      peer_id.o
    0x000322d0   0x000322d0   0x00000014   Code   RO         2639    i.peer_id_get_next_deleted  peer_id.o
    0x000322e4   0x000322e4   0x00000038   Code   RO         2640    i.peer_id_get_next_used  peer_id.o
    0x0003231c   0x0003231c   0x00000010   Code   RO         2641    i.peer_id_init      peer_id.o
    0x0003232c   0x0003232c   0x0000001c   Code   RO         2642    i.peer_id_is_allocated  peer_id.o
    0x00032348   0x00032348   0x0000001c   Code   RO         2643    i.peer_id_is_deleted  peer_id.o
    0x00032364   0x00032364   0x0000000a   Code   RO         2322    i.peer_id_to_file_id  peer_data_storage.o
    0x0003236e   0x0003236e   0x00000046   Code   RO         2323    i.peer_ids_load     peer_data_storage.o
    0x000323b4   0x000323b4   0x000000ec   Code   RO           27    i.peer_manager_init  main.o
    0x000324a0   0x000324a0   0x0000001c   Code   RO         1163    i.phy_is_valid      ble_advertising.o
    0x000324bc   0x000324bc   0x00000020   Code   RO         4177    i.pin_configured_set  nrfx_gpiote.o
    0x000324dc   0x000324dc   0x0000001c   Code   RO         4178    i.pin_in_use_by_gpiote  nrfx_gpiote.o
    0x000324f8   0x000324f8   0x00000018   Code   RO         4179    i.pin_in_use_by_port  nrfx_gpiote.o
    0x00032510   0x00032510   0x00000020   Code   RO         4180    i.pin_in_use_by_te  nrfx_gpiote.o
    0x00032530   0x00032530   0x0000000c   Code   RO         4181    i.pin_in_use_clear  nrfx_gpiote.o
    0x0003253c   0x0003253c   0x00000062   Code   RO         3162    i.pm_buffer_block_acquire  pm_buffer.o
    0x0003259e   0x0003259e   0x0000002a   Code   RO         3163    i.pm_buffer_init    pm_buffer.o
    0x000325c8   0x000325c8   0x00000030   Code   RO         3164    i.pm_buffer_ptr_get  pm_buffer.o
    0x000325f8   0x000325f8   0x00000028   Code   RO         3165    i.pm_buffer_release  pm_buffer.o
    0x00032620   0x00032620   0x00000024   Code   RO         2738    i.pm_conn_sec_status_get  peer_manager.o
    0x00032644   0x00032644   0x0000002c   Code   RO         2739    i.pm_conn_secure    peer_manager.o
    0x00032670   0x00032670   0x0000002a   Code   RO           28    i.pm_evt_handler    main.o
    0x0003269a   0x0003269a   0x0000000c   Code   RO         2741    i.pm_gcm_evt_handler  peer_manager.o
    0x000326a6   0x000326a6   0x0000000c   Code   RO         2742    i.pm_gscm_evt_handler  peer_manager.o
    0x000326b2   0x000326b2   0x00000002   PAD
    0x000326b4   0x000326b4   0x00000070   Code   RO         3064    i.pm_handler_disconnect_on_sec_failure  peer_manager_handler.o
    0x00032724   0x00032724   0x00000318   Code   RO         3065    i.pm_handler_flash_clean  peer_manager_handler.o
    0x00032a3c   0x00032a3c   0x0000001c   Code   RO         3066    i.pm_handler_flash_clean_on_return  peer_manager_handler.o
    0x00032a58   0x00032a58   0x0000005c   Code   RO         3067    i.pm_handler_on_pm_evt  peer_manager_handler.o
    0x00032ab4   0x00032ab4   0x000003d8   Code   RO         3068    i.pm_handler_pm_evt_log  peer_manager_handler.o
    0x00032e8c   0x00032e8c   0x0000000c   Code   RO         2745    i.pm_im_evt_handler  peer_manager.o
    0x00032e98   0x00032e98   0x00000248   Code   RO         2746    i.pm_init           peer_manager.o
    0x000330e0   0x000330e0   0x0000017c   Code   RO         2750    i.pm_pdb_evt_handler  peer_manager.o
    0x0003325c   0x0003325c   0x00000020   Code   RO         2761    i.pm_peer_delete    peer_manager.o
    0x0003327c   0x0003327c   0x00000144   Code   RO         2765    i.pm_peer_rank_highest  peer_manager.o
    0x000333c0   0x000333c0   0x00000114   Code   RO         2766    i.pm_peer_ranks_get  peer_manager.o
    0x000334d4   0x000334d4   0x000000b4   Code   RO         2767    i.pm_peers_delete   peer_manager.o
    0x00033588   0x00033588   0x00000040   Code   RO         2770    i.pm_register       peer_manager.o
    0x000335c8   0x000335c8   0x00000024   Code   RO         2772    i.pm_sec_params_set  peer_manager.o
    0x000335ec   0x000335ec   0x00000016   Code   RO         2773    i.pm_sm_evt_handler  peer_manager.o
    0x00033602   0x00033602   0x00000002   PAD
    0x00033604   0x00033604   0x000000c4   Code   RO         4182    i.port_event_handle  nrfx_gpiote.o
    0x000336c8   0x000336c8   0x00000010   Code   RO         4183    i.port_handler_pin_get  nrfx_gpiote.o
    0x000336d8   0x000336d8   0x00000010   Code   RO         4184    i.port_handler_polarity_get  nrfx_gpiote.o
    0x000336e8   0x000336e8   0x00000048   Code   RO         8376    i.postfix_process   nrf_log_str_formatter.o
    0x00033730   0x00033730   0x0000001c   Code   RO           29    i.power_management_init  main.o
    0x0003374c   0x0003374c   0x000000a4   Code   RO         8377    i.prefix_process    nrf_log_str_formatter.o
    0x000337f0   0x000337f0   0x00000018   Code   RO         4503    i.prs_box_get       nrfx_prs.o
    0x00033808   0x00033808   0x00000020   Code   RO         6358    i.queue_buf_get     fds.o
    0x00033828   0x00033828   0x00000014   Code   RO         6359    i.queue_buf_store   fds.o
    0x0003383c   0x0003383c   0x00000014   Code   RO         6360    i.queue_free        fds.o
    0x00033850   0x00033850   0x00000018   Code   RO         7305    i.queue_free        nrf_fstorage_sd.o
    0x00033868   0x00033868   0x00000018   Code   RO         6361    i.queue_has_next    fds.o
    0x00033880   0x00033880   0x0000001c   Code   RO         6362    i.queue_init        fds.o
    0x0003389c   0x0003389c   0x00000014   Code   RO         6363    i.queue_load        fds.o
    0x000338b0   0x000338b0   0x0000002c   Code   RO         7306    i.queue_load_next   nrf_fstorage_sd.o
    0x000338dc   0x000338dc   0x000000c4   Code   RO         6364    i.queue_process     fds.o
    0x000339a0   0x000339a0   0x00000090   Code   RO         7307    i.queue_process     nrf_fstorage_sd.o
    0x00033a30   0x00033a30   0x00000018   Code   RO         6365    i.queue_start       fds.o
    0x00033a48   0x00033a48   0x0000001c   Code   RO         7308    i.queue_start       nrf_fstorage_sd.o
    0x00033a64   0x00033a64   0x00000010   Code   RO         8824    i.ram_end_address_get  nrf_sdh_ble.o
    0x00033a74   0x00033a74   0x0000001c   Code   RO         3071    i.rank_highest      peer_manager_handler.o
    0x00033a90   0x00033a90   0x00000008   Code   RO         2776    i.rank_init         peer_manager.o
    0x00033a98   0x00033a98   0x00000040   Code   RO         2777    i.rank_vars_update  peer_manager.o
    0x00033ad8   0x00033ad8   0x0000001c   Code   RO         7309    i.read              nrf_fstorage_sd.o
    0x00033af4   0x00033af4   0x00000078   Code   RO         2490    i.reattempt_previous_operations  peer_database.o
    0x00033b6c   0x00033b6c   0x00000028   Code   RO         1417    i.record_activate   ble_conn_state.o
    0x00033b94   0x00033b94   0x00000094   Code   RO         6366    i.record_find       fds.o
    0x00033c28   0x00033c28   0x0000003c   Code   RO         6367    i.record_find_and_delete  fds.o
    0x00033c64   0x00033c64   0x0000007c   Code   RO         6368    i.record_find_by_desc  fds.o
    0x00033ce0   0x00033ce0   0x00000078   Code   RO         6369    i.record_find_next  fds.o
    0x00033d58   0x00033d58   0x00000040   Code   RO         6370    i.record_header_flag_dirty  fds.o
    0x00033d98   0x00033d98   0x0000002c   Code   RO         6371    i.record_header_write_begin  fds.o
    0x00033dc4   0x00033dc4   0x00000038   Code   RO         6372    i.record_header_write_finalize  fds.o
    0x00033dfc   0x00033dfc   0x00000038   Code   RO         6373    i.record_header_write_id  fds.o
    0x00033e34   0x00033e34   0x00000010   Code   RO         6374    i.record_id_new     fds.o
    0x00033e44   0x00033e44   0x00000020   Code   RO         1418    i.record_invalidate  ble_conn_state.o
    0x00033e64   0x00033e64   0x00000006   Code   RO         2324    i.record_key_to_peer_data_id  peer_data_storage.o
    0x00033e6a   0x00033e6a   0x00000018   Code   RO         2325    i.record_key_within_pm_range  peer_data_storage.o
    0x00033e82   0x00033e82   0x00000002   PAD
    0x00033e84   0x00033e84   0x00000048   Code   RO         1419    i.record_purge_disconnected  ble_conn_state.o
    0x00033ecc   0x00033ecc   0x00000014   Code   RO         1420    i.record_set_disconnected  ble_conn_state.o
    0x00033ee0   0x00033ee0   0x00000030   Code   RO         6375    i.record_write_data  fds.o
    0x00033f10   0x00033f10   0x000000a4   Code   RO         6376    i.records_stat      fds.o
    0x00033fb4   0x00033fb4   0x00000014   Code   RO         2645    i.release           peer_id.o
    0x00033fc8   0x00033fc8   0x00000006   Code   RO         7310    i.rmap              nrf_fstorage_sd.o
    0x00033fce   0x00033fce   0x0000003e   Code   RO         5839    i.rtc_irq           app_timer2.o
    0x0003400c   0x0003400c   0x00000084   Code   RO         5840    i.rtc_schedule      app_timer2.o
    0x00034090   0x00034090   0x000000c0   Code   RO         5841    i.rtc_update        app_timer2.o
    0x00034150   0x00034150   0x0000003e   Code   RO         4586    i.rx_byte           nrfx_uart.o
    0x0003418e   0x0003418e   0x0000001c   Code   RO         4587    i.rx_done_event     nrfx_uart.o
    0x000341aa   0x000341aa   0x0000001c   Code   RO         4837    i.rx_done_event     nrfx_uarte.o
    0x000341c6   0x000341c6   0x00000022   Code   RO         4588    i.rx_enable         nrfx_uart.o
    0x000341e8   0x000341e8   0x00000002   Code   RO           30    i.saadc_callback    main.o
    0x000341ea   0x000341ea   0x00000002   PAD
    0x000341ec   0x000341ec   0x0000016c   Code   RO           31    i.saadc_init        main.o
    0x00034358   0x00034358   0x00000074   Code   RO           34    i.saadc_sampling_event_init  main.o
    0x000343cc   0x000343cc   0x00000044   Code   RO           35    i.saadc_timeout     main.o
    0x00034410   0x00034410   0x00000010   Code   RO           36    i.saadc_timer_disable  main.o
    0x00034420   0x00034420   0x00000010   Code   RO           37    i.saadc_timer_enable  main.o
    0x00034430   0x00034430   0x00000020   Code   RO         1676    i.sc_send_pending_handle  gatt_cache_manager.o
    0x00034450   0x00034450   0x0000007c   Code   RO         8700    i.sd_nvic_DisableIRQ  nrf_sdh.o
    0x000344cc   0x000344cc   0x000000a4   Code   RO         8701    i.sd_nvic_EnableIRQ  nrf_sdh.o
    0x00034570   0x00034570   0x00000068   Code   RO         5989    i.sd_nvic_critical_region_enter  app_util_platform.o
    0x000345d8   0x000345d8   0x00000090   Code   RO         3617    i.sd_state_evt_handler  nrf_drv_clock.o
    0x00034668   0x00034668   0x0000003c   Code   RO         8702    i.sdh_request_observer_notify  nrf_sdh.o
    0x000346a4   0x000346a4   0x00000034   Code   RO         8703    i.sdh_state_observer_notify  nrf_sdh.o
    0x000346d8   0x000346d8   0x000000f8   Code   RO         3232    i.sec_info_request_process  security_dispatcher.o
    0x000347d0   0x000347d0   0x00000110   Code   RO         3233    i.sec_keyset_fill   security_dispatcher.o
    0x000348e0   0x000348e0   0x00000030   Code   RO         3234    i.sec_params_request_process  security_dispatcher.o
    0x00034910   0x00034910   0x000000e8   Code   RO         3419    i.sec_params_verify  security_manager.o
    0x000349f8   0x000349f8   0x00000058   Code   RO         3235    i.sec_proc_start    security_dispatcher.o
    0x00034a50   0x00034a50   0x00000068   Code   RO         3420    i.sec_req_process   security_manager.o
    0x00034ab8   0x00034ab8   0x00000028   Code   RO         3236    i.sec_start_send    security_dispatcher.o
    0x00034ae0   0x00034ae0   0x00000022   Code   RO         3237    i.send_config_req   security_dispatcher.o
    0x00034b02   0x00034b02   0x00000002   PAD
    0x00034b04   0x00034b04   0x00000018   Code   RO         1308    i.send_error_evt    ble_conn_params.o
    0x00034b1c   0x00034b1c   0x00000028   Code   RO         3238    i.send_params_req   security_dispatcher.o
    0x00034b44   0x00034b44   0x00000024   Code   RO         3239    i.send_storage_full_evt  security_dispatcher.o
    0x00034b68   0x00034b68   0x00000028   Code   RO         1677    i.send_unexpected_error  gatt_cache_manager.o
    0x00034b90   0x00034b90   0x00000028   Code   RO         2326    i.send_unexpected_error  peer_data_storage.o
    0x00034bb8   0x00034bb8   0x00000028   Code   RO         3240    i.send_unexpected_error  security_dispatcher.o
    0x00034be0   0x00034be0   0x0000001e   Code   RO         3421    i.send_unexpected_error  security_manager.o
    0x00034bfe   0x00034bfe   0x00000024   Code   RO         1309    i.send_update_request  ble_conn_params.o
    0x00034c22   0x00034c22   0x00000002   PAD
    0x00034c24   0x00034c24   0x00000084   Code   RO         8008    i.serial_tx         nrf_log_backend_rtt.o
    0x00034ca8   0x00034ca8   0x00000074   Code   RO         1678    i.service_changed_cccd  gatt_cache_manager.o
    0x00034d1c   0x00034d1c   0x00000020   Code   RO         1679    i.service_changed_needed  gatt_cache_manager.o
    0x00034d3c   0x00034d3c   0x00000018   Code   RO         1680    i.service_changed_pending_flags_check  gatt_cache_manager.o
    0x00034d54   0x00034d54   0x000000a8   Code   RO         1860    i.service_changed_pending_set  gatts_cache_manager.o
    0x00034dfc   0x00034dfc   0x00000124   Code   RO         1681    i.service_changed_send_in_evt  gatt_cache_manager.o
    0x00034f20   0x00034f20   0x00000096   Code   RO         1032    i.service_data_encode  ble_advdata.o
    0x00034fb6   0x00034fb6   0x00000002   PAD
    0x00034fb8   0x00034fb8   0x00000070   Code   RO           38    i.services_init     main.o
    0x00035028   0x00035028   0x00000030   Code   RO         1164    i.set_adv_mode_directed  ble_advertising.o
    0x00035058   0x00035058   0x00000024   Code   RO         1165    i.set_adv_mode_directed_high_duty  ble_advertising.o
    0x0003507c   0x0003507c   0x0000005c   Code   RO         1166    i.set_adv_mode_fast  ble_advertising.o
    0x000350d8   0x000350d8   0x0000005c   Code   RO         1167    i.set_adv_mode_slow  ble_advertising.o
    0x00035134   0x00035134   0x000000be   Code   RO         1594    i.set_security_req  ble_srv_common.o
    0x000351f2   0x000351f2   0x0000004c   Code   RO           39    i.sleep_mode_enter  main.o
    0x0003523e   0x0003523e   0x00000002   PAD
    0x00035240   0x00035240   0x00000034   Code   RO         3422    i.sm_ble_evt_handler  security_manager.o
    0x00035274   0x00035274   0x0000009a   Code   RO         3424    i.sm_conn_sec_status_get  security_manager.o
    0x0003530e   0x0003530e   0x00000002   PAD
    0x00035310   0x00035310   0x00000064   Code   RO         3425    i.sm_init           security_manager.o
    0x00035374   0x00035374   0x00000018   Code   RO         3427    i.sm_link_secure    security_manager.o
    0x0003538c   0x0003538c   0x00000058   Code   RO         3428    i.sm_pdb_evt_handler  security_manager.o
    0x000353e4   0x000353e4   0x00000030   Code   RO         3429    i.sm_sec_is_sufficient  security_manager.o
    0x00035414   0x00035414   0x00000048   Code   RO         3431    i.sm_sec_params_set  security_manager.o
    0x0003545c   0x0003545c   0x00000032   Code   RO         3432    i.sm_smd_evt_handler  security_manager.o
    0x0003548e   0x0003548e   0x0000004c   Code   RO         3241    i.smd_ble_evt_handler  security_dispatcher.o
    0x000354da   0x000354da   0x00000002   PAD
    0x000354dc   0x000354dc   0x0000007c   Code   RO         3243    i.smd_init          security_dispatcher.o
    0x00035558   0x00035558   0x00000028   Code   RO         3244    i.smd_link_secure   security_dispatcher.o
    0x00035580   0x00035580   0x000000c0   Code   RO         3245    i.smd_params_reply  security_dispatcher.o
    0x00035640   0x00035640   0x00000040   Code   RO         3433    i.smd_params_reply_perform  security_manager.o
    0x00035680   0x00035680   0x0000001c   Code   RO         3618    i.soc_evt_handler   nrf_drv_clock.o
    0x0003569c   0x0003569c   0x0000001e   Code   RO         8704    i.softdevice_evt_irq_disable  nrf_sdh.o
    0x000356ba   0x000356ba   0x0000001e   Code   RO         8705    i.softdevices_evt_irq_enable  nrf_sdh.o
    0x000356d8   0x000356d8   0x00000018   Code   RO         5842    i.sorted_list_stop_all  app_timer2.o
    0x000356f0   0x000356f0   0x00000018   Code   RO         5843    i.sortlist_pop      app_timer2.o
    0x00035708   0x00035708   0x00000026   Code   RO          886    i.startup_event_extract  bsp_btn_ble.o
    0x0003572e   0x0003572e   0x00000002   PAD
    0x00035730   0x00035730   0x00000020   Code   RO         5571    i.state_get         app_button.o
    0x00035750   0x00035750   0x00000048   Code   RO         5572    i.state_set         app_button.o
    0x00035798   0x00035798   0x00000064   Code   RO         8192    i.std_header_set    nrf_log_frontend.o
    0x000357fc   0x000357fc   0x00000074   Code   RO         8193    i.std_n             nrf_log_frontend.o
    0x00035870   0x00035870   0x00000078   Code   RO         1682    i.store_car_value   gatt_cache_manager.o
    0x000358e8   0x000358e8   0x00000074   Code   RO         7161    i.string_print      nrf_fprintf_format.o
    0x0003595c   0x0003595c   0x0000000a   Code   RO         6119    i.ticks_sub         drv_rtc.o
    0x00035966   0x00035966   0x00000002   PAD
    0x00035968   0x00035968   0x000000b4   Code   RO         5844    i.timer_expire      app_timer2.o
    0x00035a1c   0x00035a1c   0x00000098   Code   RO         5845    i.timer_req_process  app_timer2.o
    0x00035ab4   0x00035ab4   0x00000040   Code   RO         5846    i.timer_req_schedule  app_timer2.o
    0x00035af4   0x00035af4   0x00000020   Code   RO         5573    i.timer_start       app_button.o
    0x00035b14   0x00035b14   0x0000001c   Code   RO           42    i.timers_init       main.o
    0x00035b30   0x00035b30   0x00000002   Code   RO         8378    i.timestamp_print   nrf_log_str_formatter.o
    0x00035b32   0x00035b32   0x00000036   Code   RO         4589    i.tx_blocking       nrfx_uart.o
    0x00035b68   0x00035b68   0x00000026   Code   RO         4590    i.tx_byte           nrfx_uart.o
    0x00035b8e   0x00035b8e   0x00000020   Code   RO         4591    i.tx_done_event     nrfx_uart.o
    0x00035bae   0x00035bae   0x00000020   Code   RO         4838    i.tx_done_event     nrfx_uarte.o
    0x00035bce   0x00035bce   0x00000036   Code   RO         1033    i.tx_power_level_encode  ble_advdata.o
    0x00035c04   0x00035c04   0x00000026   Code   RO           43    i.uart_error_handle  main.o
    0x00035c2a   0x00035c2a   0x00000002   PAD
    0x00035c2c   0x00035c2c   0x000000e4   Code   RO         7810    i.uart_event_handler  app_uart_fifo.o
    0x00035d10   0x00035d10   0x00000038   Code   RO         3769    i.uart_evt_handler  nrf_drv_uart.o
    0x00035d48   0x00035d48   0x0000005c   Code   RO           44    i.uart_init         main.o
    0x00035da4   0x00035da4   0x0000014e   Code   RO         4592    i.uart_irq_handler  nrfx_uart.o
    0x00035ef2   0x00035ef2   0x00000002   PAD
    0x00035ef4   0x00035ef4   0x00000038   Code   RO         3770    i.uarte_evt_handler  nrf_drv_uart.o
    0x00035f2c   0x00035f2c   0x00000134   Code   RO         4839    i.uarte_irq_handler  nrfx_uarte.o
    0x00036060   0x00036060   0x0000000c   Code   RO         1595    i.uint16_decode     ble_srv_common.o
    0x0003606c   0x0003606c   0x0000000c   Code   RO         1034    i.uint16_encode     ble_advdata.o
    0x00036078   0x00036078   0x00000024   Code   RO         7311    i.uninit            nrf_fstorage_sd.o
    0x0003609c   0x0003609c   0x000000b8   Code   RO         7162    i.unsigned_print    nrf_fprintf_format.o
    0x00036154   0x00036154   0x00000034   Code   RO         1683    i.update_pending_flags_check  gatt_cache_manager.o
    0x00036188   0x00036188   0x00000074   Code   RO         1310    i.update_timeout_handler  ble_conn_params.o
    0x000361fc   0x000361fc   0x0000001e   Code   RO         1168    i.use_whitelist     ble_advertising.o
    0x0003621a   0x0003621a   0x00000002   PAD
    0x0003621c   0x0003621c   0x00000014   Code   RO         1421    i.user_flag_is_acquired  ble_conn_state.o
    0x00036230   0x00036230   0x0000002c   Code   RO         2251    i.user_mem_reply    nrf_ble_qwr.o
    0x0003625c   0x0003625c   0x0000001e   Code   RO         5574    i.usr_event         app_button.o
    0x0003627a   0x0003627a   0x0000004e   Code   RO         1035    i.uuid_list_encode  ble_advdata.o
    0x000362c8   0x000362c8   0x000000d6   Code   RO         1036    i.uuid_list_sized_encode  ble_advdata.o
    0x0003639e   0x0003639e   0x00000002   PAD
    0x000363a0   0x000363a0   0x00000068   Code   RO          776    i.wakeup_button_cfg  bsp.o
    0x00036408   0x00036408   0x00000008   Code   RO         1169    i.whitelist_has_entries  ble_advertising.o
    0x00036410   0x00036410   0x00000006   Code   RO         7312    i.wmap              nrf_fstorage_sd.o
    0x00036416   0x00036416   0x00000002   PAD
    0x00036418   0x00036418   0x00000054   Code   RO         7313    i.write             nrf_fstorage_sd.o
    0x0003646c   0x0003646c   0x00000038   Code   RO         2491    i.write_buf_length_words_set  peer_database.o
    0x000364a4   0x000364a4   0x00000160   Code   RO         2492    i.write_buf_store   peer_database.o
    0x00036604   0x00036604   0x00000070   Code   RO         2493    i.write_buf_store_in_event  peer_database.o
    0x00036674   0x00036674   0x00000024   Code   RO         2494    i.write_buffer_record_acquire  peer_database.o
    0x00036698   0x00036698   0x0000004c   Code   RO         2495    i.write_buffer_record_find  peer_database.o
    0x000366e4   0x000366e4   0x00000034   Code   RO         2496    i.write_buffer_record_find_next  peer_database.o
    0x00036718   0x00036718   0x00000030   Code   RO         2497    i.write_buffer_record_find_stored  peer_database.o
    0x00036748   0x00036748   0x0000000e   Code   RO         2498    i.write_buffer_record_find_unused  peer_database.o
    0x00036756   0x00036756   0x00000024   Code   RO         2499    i.write_buffer_record_invalidate  peer_database.o
    0x0003677a   0x0003677a   0x00000002   PAD
    0x0003677c   0x0003677c   0x00000028   Code   RO         2500    i.write_buffer_record_release  peer_database.o
    0x000367a4   0x000367a4   0x000000e8   Code   RO         6377    i.write_enqueue     fds.o
    0x0003688c   0x0003688c   0x000000c8   Code   RO         6378    i.write_execute     fds.o
    0x00036954   0x00036954   0x00000058   Code   RO         7314    i.write_execute     nrf_fstorage_sd.o
    0x000369ac   0x000369ac   0x00000024   Code   RO         6379    i.write_space_free  fds.o
    0x000369d0   0x000369d0   0x0000007c   Code   RO         6380    i.write_space_reserve  fds.o
    0x00036a4c   0x00036a4c   0x00000074   Data   RO           46    .constdata          main.o
    0x00036ac0   0x00036ac0   0x0000000d   Data   RO          615    .constdata          boards.o
    0x00036acd   0x00036acd   0x00000003   PAD
    0x00036ad0   0x00036ad0   0x0000002c   Data   RO          778    .constdata          bsp.o
    0x00036afc   0x00036afc   0x0000006c   Data   RO         1684    .constdata          gatt_cache_manager.o
    0x00036b68   0x00036b68   0x00000018   Data   RO         1861    .constdata          gatts_cache_manager.o
    0x00036b80   0x00036b80   0x00000008   Data   RO         1973    .constdata          id_manager.o
    0x00036b88   0x00036b88   0x00000016   Data   RO         2138    .constdata          nrf_ble_gatt.o
    0x00036b9e   0x00036b9e   0x00000002   PAD
    0x00036ba0   0x00036ba0   0x00000018   Data   RO         2327    .constdata          peer_data_storage.o
    0x00036bb8   0x00036bb8   0x00000010   Data   RO         2502    .constdata          peer_database.o
    0x00036bc8   0x00036bc8   0x0000002c   Data   RO         2779    .constdata          peer_manager.o
    0x00036bf4   0x00036bf4   0x00000034   Data   RO         3074    .constdata          peer_manager_handler.o
    0x00036c28   0x00036c28   0x00000078   Data   RO         3247    .constdata          security_dispatcher.o
    0x00036ca0   0x00036ca0   0x00000005   Data   RO         3434    .constdata          security_manager.o
    0x00036ca5   0x00036ca5   0x00000003   PAD
    0x00036ca8   0x00036ca8   0x00000042   Data   RO         4186    .constdata          nrfx_gpiote.o
    0x00036cea   0x00036cea   0x00000002   PAD
    0x00036cec   0x00036cec   0x0000002e   Data   RO         4594    .constdata          nrfx_uart.o
    0x00036d1a   0x00036d1a   0x00000002   PAD
    0x00036d1c   0x00036d1c   0x00000030   Data   RO         4841    .constdata          nrfx_uarte.o
    0x00036d4c   0x00036d4c   0x00000004   PAD
    0x00036d50   0x00036d50   0x000000aa   Data   RO         5054    .constdata          nrfx_saadc.o
    0x00036dfa   0x00036dfa   0x00000002   PAD
    0x00036dfc   0x00036dfc   0x00000007   Data   RO         5576    .constdata          app_button.o
    0x00036e03   0x00036e03   0x00000001   PAD
    0x00036e04   0x00036e04   0x00000014   Data   RO         5848    .constdata          app_timer2.o
    0x00036e18   0x00036e18   0x00000008   PAD
    0x00036e20   0x00036e20   0x00000006   Data   RO         6120    .constdata          drv_rtc.o
    0x00036e26   0x00036e26   0x00000002   PAD
    0x00036e28   0x00036e28   0x00000018   Data   RO         6382    .constdata          fds.o
    0x00036e40   0x00036e40   0x00000010   Data   RO         7163    .constdata          nrf_fprintf_format.o
    0x00036e50   0x00036e50   0x0000005e   Data   RO         7214    .constdata          nrf_fstorage.o
    0x00036eae   0x00036eae   0x00000002   PAD
    0x00036eb0   0x00036eb0   0x00000030   Data   RO         7316    .constdata          nrf_fstorage_sd.o
    0x00036ee0   0x00036ee0   0x00000024   Data   RO         7515    .constdata          nrf_pwr_mgmt.o
    0x00036f04   0x00036f04   0x0000013c   Data   RO         7741    .constdata          nrf_strerror.o
    0x00037040   0x00037040   0x00000020   Data   RO         7812    .constdata          app_uart_fifo.o
    0x00037060   0x00037060   0x00000016   Data   RO         8010    .constdata          nrf_log_backend_rtt.o
    0x00037076   0x00037076   0x00000002   PAD
    0x00037078   0x00037078   0x0000000c   Data   RO         8195    .constdata          nrf_log_frontend.o
    0x00037084   0x00037084   0x00000058   Data   RO         8706    .constdata          nrf_sdh.o
    0x000370dc   0x000370dc   0x00000030   Data   RO         8825    .constdata          nrf_sdh_ble.o
    0x0003710c   0x0003710c   0x0000001c   Data   RO         8880    .constdata          nrf_sdh_soc.o
    0x00037128   0x00037128   0x00000014   Data   RO         8918    .constdata          notification_test.o
    0x0003713c   0x0003713c   0x00000081   Data   RO        10951    .constdata          mc_w.l(ctype_o.o)
    0x000371bd   0x000371bd   0x00000003   PAD
    0x000371c0   0x000371c0   0x00000004   Data   RO        10952    .constdata          mc_w.l(ctype_o.o)
    0x000371c4   0x000371c4   0x000001a4   Data   RO         1685    .conststring        gatt_cache_manager.o
    0x00037368   0x00037368   0x0000019c   Data   RO         1862    .conststring        gatts_cache_manager.o
    0x00037504   0x00037504   0x000000a2   Data   RO         2139    .conststring        nrf_ble_gatt.o
    0x000375a6   0x000375a6   0x00000002   PAD
    0x000375a8   0x000375a8   0x000000e8   Data   RO         2328    .conststring        peer_data_storage.o
    0x00037690   0x00037690   0x00000180   Data   RO         2503    .conststring        peer_database.o
    0x00037810   0x00037810   0x00000090   Data   RO         2780    .conststring        peer_manager.o
    0x000378a0   0x000378a0   0x0000062b   Data   RO         3075    .conststring        peer_manager_handler.o
    0x00037ecb   0x00037ecb   0x00000001   PAD
    0x00037ecc   0x00037ecc   0x000002b2   Data   RO         3248    .conststring        security_dispatcher.o
    0x0003817e   0x0003817e   0x00000002   PAD
    0x00038180   0x00038180   0x0000017b   Data   RO         3435    .conststring        security_manager.o
    0x000382fb   0x000382fb   0x00000001   PAD
    0x000382fc   0x000382fc   0x0000004f   Data   RO         7215    .conststring        nrf_fstorage.o
    0x0003834b   0x0003834b   0x00000001   PAD
    0x0003834c   0x0003834c   0x000003eb   Data   RO         7742    .conststring        nrf_strerror.o
    0x00038737   0x00038737   0x00000001   PAD
    0x00038738   0x00038738   0x00000066   Data   RO         8379    .conststring        nrf_log_str_formatter.o
    0x0003879e   0x0003879e   0x00000002   PAD
    0x000387a0   0x000387a0   0x000001cf   Data   RO         8826    .conststring        nrf_sdh_ble.o
    0x0003896f   0x0003896f   0x00000001   PAD
    0x00038970   0x00038970   0x00000011   Data   RO         1686    .conststrlit        gatt_cache_manager.o
    0x00038981   0x00038981   0x00000003   PAD
    0x00038984   0x00038984   0x00000012   Data   RO         1863    .conststrlit        gatts_cache_manager.o
    0x00038996   0x00038996   0x00000002   PAD
    0x00038998   0x00038998   0x00000010   Data   RO         1975    .conststrlit        id_manager.o
    0x000389a8   0x000389a8   0x0000000d   Data   RO         2140    .conststrlit        nrf_ble_gatt.o
    0x000389b5   0x000389b5   0x00000003   PAD
    0x000389b8   0x000389b8   0x00000011   Data   RO         2329    .conststrlit        peer_data_storage.o
    0x000389c9   0x000389c9   0x00000003   PAD
    0x000389cc   0x000389cc   0x00000011   Data   RO         2504    .conststrlit        peer_database.o
    0x000389dd   0x000389dd   0x00000003   PAD
    0x000389e0   0x000389e0   0x0000000d   Data   RO         2781    .conststrlit        peer_manager.o
    0x000389ed   0x000389ed   0x00000003   PAD
    0x000389f0   0x000389f0   0x00000015   Data   RO         3076    .conststrlit        peer_manager_handler.o
    0x00038a05   0x00038a05   0x00000003   PAD
    0x00038a08   0x00038a08   0x00000011   Data   RO         3249    .conststrlit        security_dispatcher.o
    0x00038a19   0x00038a19   0x00000003   PAD
    0x00038a1c   0x00038a1c   0x00000010   Data   RO         3436    .conststrlit        security_manager.o
    0x00038a2c   0x00038a2c   0x00000006   Data   RO         3621    .conststrlit        nrf_drv_clock.o
    0x00038a32   0x00038a32   0x00000002   PAD
    0x00038a34   0x00038a34   0x00000006   Data   RO         3983    .conststrlit        nrfx_clock.o
    0x00038a3a   0x00038a3a   0x00000002   PAD
    0x00038a3c   0x00038a3c   0x00000007   Data   RO         4187    .conststrlit        nrfx_gpiote.o
    0x00038a43   0x00038a43   0x00000001   PAD
    0x00038a44   0x00038a44   0x00000004   Data   RO         4505    .conststrlit        nrfx_prs.o
    0x00038a48   0x00038a48   0x00000005   Data   RO         4595    .conststrlit        nrfx_uart.o
    0x00038a4d   0x00038a4d   0x00000003   PAD
    0x00038a50   0x00038a50   0x00000006   Data   RO         4842    .conststrlit        nrfx_uarte.o
    0x00038a56   0x00038a56   0x00000002   PAD
    0x00038a58   0x00038a58   0x00000006   Data   RO         5055    .conststrlit        nrfx_saadc.o
    0x00038a5e   0x00038a5e   0x00000002   PAD
    0x00038a60   0x00038a60   0x00000004   Data   RO         5215    .conststrlit        nrfx_ppi.o
    0x00038a64   0x00038a64   0x00000006   Data   RO         5380    .conststrlit        nrfx_timer.o
    0x00038a6a   0x00038a6a   0x00000002   PAD
    0x00038a6c   0x00038a6c   0x0000000b   Data   RO         5577    .conststrlit        app_button.o
    0x00038a77   0x00038a77   0x00000001   PAD
    0x00038a78   0x00038a78   0x0000000a   Data   RO         5849    .conststrlit        app_timer2.o
    0x00038a82   0x00038a82   0x00000002   PAD
    0x00038a84   0x00038a84   0x0000000d   Data   RO         7216    .conststrlit        nrf_fstorage.o
    0x00038a91   0x00038a91   0x00000003   PAD
    0x00038a94   0x00038a94   0x00000009   Data   RO         7516    .conststrlit        nrf_pwr_mgmt.o
    0x00038a9d   0x00038a9d   0x00000003   PAD
    0x00038aa0   0x00038aa0   0x00000009   Data   RO         7688    .conststrlit        nrf_sortlist.o
    0x00038aa9   0x00038aa9   0x00000003   PAD
    0x00038aac   0x00038aac   0x00000010   Data   RO         8128    .conststrlit        nrf_log_default_backends.o
    0x00038abc   0x00038abc   0x00000004   Data   RO         8196    .conststrlit        nrf_log_frontend.o
    0x00038ac0   0x00038ac0   0x00000008   Data   RO         8707    .conststrlit        nrf_sdh.o
    0x00038ac8   0x00038ac8   0x0000000c   Data   RO         8827    .conststrlit        nrf_sdh_ble.o
    0x00038ad4   0x00038ad4   0x0000000c   Data   RO         8881    .conststrlit        nrf_sdh_soc.o
    0x00038ae0   0x00038ae0   0x00000020   Data   RO        11286    Region$$Table       anon$$obj.o
    0x00038b00   0x00038b00   0x00000010   Data   RO         8130    log_backends        nrf_log_default_backends.o
    0x00038b10   0x00038b10   0x00000008   Data   RO         1688    log_const_data      gatt_cache_manager.o
    0x00038b18   0x00038b18   0x00000008   Data   RO         1865    log_const_data      gatts_cache_manager.o
    0x00038b20   0x00038b20   0x00000008   Data   RO         1977    log_const_data      id_manager.o
    0x00038b28   0x00038b28   0x00000008   Data   RO         2141    log_const_data      nrf_ble_gatt.o
    0x00038b30   0x00038b30   0x00000008   Data   RO         2331    log_const_data      peer_data_storage.o
    0x00038b38   0x00038b38   0x00000008   Data   RO         2506    log_const_data      peer_database.o
    0x00038b40   0x00038b40   0x00000008   Data   RO         2783    log_const_data      peer_manager.o
    0x00038b48   0x00038b48   0x00000008   Data   RO         3078    log_const_data      peer_manager_handler.o
    0x00038b50   0x00038b50   0x00000008   Data   RO         3251    log_const_data      security_dispatcher.o
    0x00038b58   0x00038b58   0x00000008   Data   RO         3438    log_const_data      security_manager.o
    0x00038b60   0x00038b60   0x00000008   Data   RO         3622    log_const_data      nrf_drv_clock.o
    0x00038b68   0x00038b68   0x00000008   Data   RO         3985    log_const_data      nrfx_clock.o
    0x00038b70   0x00038b70   0x00000008   Data   RO         4188    log_const_data      nrfx_gpiote.o
    0x00038b78   0x00038b78   0x00000008   Data   RO         4507    log_const_data      nrfx_prs.o
    0x00038b80   0x00038b80   0x00000008   Data   RO         4596    log_const_data      nrfx_uart.o
    0x00038b88   0x00038b88   0x00000008   Data   RO         4843    log_const_data      nrfx_uarte.o
    0x00038b90   0x00038b90   0x00000008   Data   RO         5056    log_const_data      nrfx_saadc.o
    0x00038b98   0x00038b98   0x00000008   Data   RO         5217    log_const_data      nrfx_ppi.o
    0x00038ba0   0x00038ba0   0x00000008   Data   RO         5381    log_const_data      nrfx_timer.o
    0x00038ba8   0x00038ba8   0x00000008   Data   RO         5579    log_const_data      app_button.o
    0x00038bb0   0x00038bb0   0x00000008   Data   RO         5851    log_const_data      app_timer2.o
    0x00038bb8   0x00038bb8   0x00000008   Data   RO         7217    log_const_data      nrf_fstorage.o
    0x00038bc0   0x00038bc0   0x00000008   Data   RO         7518    log_const_data      nrf_pwr_mgmt.o
    0x00038bc8   0x00038bc8   0x00000008   Data   RO         7689    log_const_data      nrf_sortlist.o
    0x00038bd0   0x00038bd0   0x00000008   Data   RO         8198    log_const_data      nrf_log_frontend.o
    0x00038bd8   0x00038bd8   0x00000008   Data   RO         8709    log_const_data      nrf_sdh.o
    0x00038be0   0x00038be0   0x00000008   Data   RO         8829    log_const_data      nrf_sdh_ble.o
    0x00038be8   0x00038be8   0x00000008   Data   RO         8882    log_const_data      nrf_sdh_soc.o
    0x00038bf0   0x00038bf0   0x00000014   Data   RO         8199    nrf_balloc          nrf_log_frontend.o
    0x00038c04   0x00038c04   0x00000008   Data   RO         1423    sdh_ble_observers0  ble_conn_state.o
    0x00038c0c   0x00038c0c   0x00000010   Data   RO           48    sdh_ble_observers1  main.o
    0x00038c1c   0x00038c1c   0x00000008   Data   RO          888    sdh_ble_observers1  bsp_btn_ble.o
    0x00038c24   0x00038c24   0x00000008   Data   RO         1313    sdh_ble_observers1  ble_conn_params.o
    0x00038c2c   0x00038c2c   0x00000008   Data   RO         2784    sdh_ble_observers1  peer_manager.o
    0x00038c34   0x00038c34   0x00000010   Data   RO           49    sdh_ble_observers2  main.o
    0x00038c44   0x00038c44   0x00000008   Data   RO           50    sdh_ble_observers3  main.o
    0x00038c4c   0x00038c4c   0x00000008   Data   RO         7318    sdh_req_observers0  nrf_fstorage_sd.o
    0x00038c54   0x00038c54   0x00000008   Data   RO         3623    sdh_soc_observers0  nrf_drv_clock.o
    0x00038c5c   0x00038c5c   0x00000008   Data   RO         7319    sdh_soc_observers0  nrf_fstorage_sd.o
    0x00038c64   0x00038c64   0x00000008   Data   RO         8830    sdh_stack_observers0  nrf_sdh_ble.o
    0x00038c6c   0x00038c6c   0x00000008   Data   RO         8883    sdh_stack_observers0  nrf_sdh_soc.o
    0x00038c74   0x00038c74   0x00000008   Data   RO         3624    sdh_state_observers0  nrf_drv_clock.o
    0x00038c7c   0x00038c7c   0x00000008   Data   RO         7320    sdh_state_observers0  nrf_fstorage_sd.o


    Execution Region RW_IRAM1 (Exec base: 0x20010000, Load base: 0x00038c84, Size: 0x00003c30, Max: 0x00030000, ABSOLUTE, COMPRESSED[0x000000f8])

    Exec Addr    Load Addr    Size         Type   Attr      Idx    E Section Name        Object

    0x20010000   COMPRESSED   0x0000001e   Data   RW           47    .data               main.o
    0x2001001e   COMPRESSED   0x00000002   PAD
    0x20010020   COMPRESSED   0x0000007d   Data   RW          779    .data               bsp.o
    0x2001009d   COMPRESSED   0x00000003   PAD
    0x200100a0   COMPRESSED   0x00000008   Data   RW          887    .data               bsp_btn_ble.o
    0x200100a8   COMPRESSED   0x00000008   Data   RW         1312    .data               ble_conn_params.o
    0x200100b0   COMPRESSED   0x00000013   Data   RW         1687    .data               gatt_cache_manager.o
    0x200100c3   COMPRESSED   0x00000001   PAD
    0x200100c4   COMPRESSED   0x0000000a   Data   RW         1864    .data               gatts_cache_manager.o
    0x200100ce   COMPRESSED   0x00000002   PAD
    0x200100d0   COMPRESSED   0x0000000c   Data   RW         2330    .data               peer_data_storage.o
    0x200100dc   COMPRESSED   0x00000008   Data   RW         2505    .data               peer_database.o
    0x200100e4   COMPRESSED   0x00000010   Data   RW         2782    .data               peer_manager.o
    0x200100f4   COMPRESSED   0x000000b8   Data   RW         3077    .data               peer_manager_handler.o
    0x200101ac   COMPRESSED   0x00000005   Data   RW         3250    .data               security_dispatcher.o
    0x200101b1   COMPRESSED   0x00000003   PAD
    0x200101b4   COMPRESSED   0x00000018   Data   RW         3437    .data               security_manager.o
    0x200101cc   COMPRESSED   0x00000012   Data   RW         3771    .data               nrf_drv_uart.o
    0x200101de   COMPRESSED   0x00000002   PAD
    0x200101e0   COMPRESSED   0x00000008   Data   RW         3984    .data               nrfx_clock.o
    0x200101e8   COMPRESSED   0x00000008   Data   RW         4506    .data               nrfx_prs.o
    0x200101f0   COMPRESSED   0x00000038   Data   RW         5578    .data               app_button.o
    0x20010228   COMPRESSED   0x00000024   Data   RW         5850    .data               app_timer2.o
    0x2001024c   COMPRESSED   0x0000000c   Data   RW         6121    .data               drv_rtc.o
    0x20010258   COMPRESSED   0x00000030   Data   RW         6383    .data               fds.o
    0x20010288   COMPRESSED   0x00000008   Data   RW         7317    .data               nrf_fstorage_sd.o
    0x20010290   COMPRESSED   0x00000009   Data   RW         7517    .data               nrf_pwr_mgmt.o
    0x20010299   COMPRESSED   0x00000003   PAD
    0x2001029c   COMPRESSED   0x0000001b   Data   RW         7813    .data               app_uart_fifo.o
    0x200102b7   COMPRESSED   0x00000001   PAD
    0x200102b8   COMPRESSED   0x00000008   Data   RW         7889    .data               retarget.o
    0x200102c0   COMPRESSED   0x00000001   Data   RW         8011    .data               nrf_log_backend_rtt.o
    0x200102c1   COMPRESSED   0x00000003   PAD
    0x200102c4   COMPRESSED   0x00000008   Data   RW         8129    .data               nrf_log_default_backends.o
    0x200102cc   COMPRESSED   0x00000014   Data   RW         8197    .data               nrf_log_frontend.o
    0x200102e0   COMPRESSED   0x00000040   Data   RW         8380    .data               nrf_log_str_formatter.o
    0x20010320   COMPRESSED   0x00000003   Data   RW         8708    .data               nrf_sdh.o
    0x20010323   COMPRESSED   0x00000001   Data   RW         8828    .data               nrf_sdh_ble.o
    0x20010324   COMPRESSED   0x00000004   Data   RW         9355    .data               system_nrf52.o
    0x20010328   COMPRESSED   0x00000014   Data   RW         6384    fs_data             fds.o
    0x2001033c        -       0x0000097e   Zero   RW           45    .bss                main.o
    0x20010cba        -       0x0000000c   Zero   RW          777    .bss                bsp.o
    0x20010cc6   COMPRESSED   0x00000002   PAD
    0x20010cc8        -       0x00000050   Zero   RW         1311    .bss                ble_conn_params.o
    0x20010d18        -       0x0000007c   Zero   RW         1422    .bss                ble_conn_state.o
    0x20010d94        -       0x000000d8   Zero   RW         1972    .bss                id_manager.o
    0x20010e6c        -       0x00000180   Zero   RW         2501    .bss                peer_database.o
    0x20010fec        -       0x00000040   Zero   RW         2646    .bss                peer_id.o
    0x2001102c        -       0x0000000c   Zero   RW         2778    .bss                peer_manager.o
    0x20011038        -       0x00000040   Zero   RW         3246    .bss                security_dispatcher.o
    0x20011078        -       0x00000014   Zero   RW         3619    .bss                nrf_drv_clock.o
    0x2001108c        -       0x0000006c   Zero   RW         4185    .bss                nrfx_gpiote.o
    0x200110f8        -       0x0000002c   Zero   RW         4593    .bss                nrfx_uart.o
    0x20011124        -       0x00000024   Zero   RW         4840    .bss                nrfx_uarte.o
    0x20011148        -       0x00000030   Zero   RW         5053    .bss                nrfx_saadc.o
    0x20011178        -       0x00000018   Zero   RW         5378    .bss                nrfx_timer.o
    0x20011190        -       0x00000020   Zero   RW         5575    .bss                app_button.o
    0x200111b0        -       0x00000068   Zero   RW         5847    .bss                app_timer2.o
    0x20011218        -       0x0000000c   Zero   RW         5990    .bss                app_util_platform.o
    0x20011224        -       0x000000f0   Zero   RW         6381    .bss                fds.o
    0x20011314        -       0x000000b0   Zero   RW         7315    .bss                nrf_fstorage_sd.o
    0x200113c4        -       0x0000000c   Zero   RW         7514    .bss                nrf_pwr_mgmt.o
    0x200113d0        -       0x00000020   Zero   RW         7811    .bss                app_uart_fifo.o
    0x200113f0        -       0x00000040   Zero   RW         8009    .bss                nrf_log_backend_rtt.o
    0x20011430        -       0x00000578   Zero   RW         8194    .bss                nrf_log_frontend.o
    0x200119a8        -       0x00000288   Zero   RW         8460    .bss                segger_rtt.o
    0x20011c30        -       0x00002000   Zero   RW         8960    STACK               arm_startup_nrf52840.o


==============================================================================

Image component sizes


      Code (inc. data)   RO Data    RW Data    ZI Data      Debug   Object Name

       838        104         26         56         32      16826   app_button.o
        28          0          0          0          0       2353   app_error.o
       192         46          0          0          0      33993   app_error_weak.o
       170          0          0          0          0       4906   app_fifo.o
         0          0          0          0          0      37058   app_scheduler.o
      1336        120         38         36        104      17617   app_timer2.o
       702         90         32         27         32      15163   app_uart_fifo.o
       200         24          0          0         12      10902   app_util_platform.o
        36          8        512          0       8192        876   arm_startup_nrf52840.o
      1770          0          0          0          0      54388   ble_advdata.o
      1454          6          0          0          0      15955   ble_advertising.o
       936         56          8          8         80      10855   ble_conn_params.o
       876         82          8          0        124      15582   ble_conn_state.o
       676          6          0          0          0      40729   ble_srv_common.o
       572         46         13          0          0      15443   boards.o
      1632        128         44        125         12      14663   bsp.o
       420         16          8          8          0       5416   bsp_btn_ble.o
      1010         98          6         12          0      50929   drv_rtc.o
      5240        482         24         68        240      56390   fds.o
      2614        620        553         19          0      33871   gatt_cache_manager.o
      1048        146        462         10          0      16043   gatts_cache_manager.o
      1080         34         32          0        216      15798   id_manager.o
      3110        356        156         30       2430     235879   main.o
       446          6         20          0          0       5767   notification_test.o
       374          0          0          0          0       6100   nrf_atfifo.o
       232          0          0          0          0       4492   nrf_atflags.o
       444          0          0          0          0       9328   nrf_atomic.o
       218          0          0          0          0       3443   nrf_balloc.o
      1218        278        205          0          0      37979   nrf_ble_gatt.o
       390          0          0          0          0       5569   nrf_ble_qwr.o
       440         52         30          0         20      43524   nrf_drv_clock.o
       252         42          0         18          0      16948   nrf_drv_uart.o
        70          0          0          0          0       3245   nrf_fprintf.o
      1030          6         16          0          0       6702   nrf_fprintf_format.o
      1216        430        194          0          0       7372   nrf_fstorage.o
      1118        118         72          8        176      17359   nrf_fstorage_sd.o
       176         16         22          1         64       6173   nrf_log_backend_rtt.o
       242          0          0          0          0      10613   nrf_log_backend_serial.o
        40          6         32          8          0       3061   nrf_log_default_backends.o
      2164        148         44         20       1400      31575   nrf_log_frontend.o
       626        112        102         64          0       5444   nrf_log_str_formatter.o
       514          0          0          0          0       8971   nrf_memobj.o
       172         22         53          9         12      41118   nrf_pwr_mgmt.o
        28          0          0          0          0       2079   nrf_ringbuf.o
       862         86        104          3          0      43922   nrf_sdh.o
       904        240        539          1          0       5959   nrf_sdh_ble.o
        84          4         56          0          0       2420   nrf_sdh_soc.o
       112          0          0          0          0       2492   nrf_section_iter.o
       110          0         17          0          0       3557   nrf_sortlist.o
        92         10       1319          0          0       2431   nrf_strerror.o
       424         32         14          8          0      47676   nrfx_clock.o
      1822        130         81          0        108      68814   nrfx_gpiote.o
         0          0         12          0          0        344   nrfx_ppi.o
       118         14         12          8          0       3413   nrfx_prs.o
      1276         78        184          0         48      21859   nrfx_saadc.o
       678         46         14          0         24      18744   nrfx_timer.o
      1748         52         59          0         44      33005   nrfx_uart.o
      1660         52         62          0         36      28739   nrfx_uarte.o
      1488        150        281         12          0      20082   peer_data_storage.o
      1838        276        425          8        384      20826   peer_database.o
       402         46          0          0         64       8667   peer_id.o
      2306        524        217         16         12      19599   peer_manager.o
      2452        904       1660        184          0       8619   peer_manager_handler.o
       330          0          0          0          0       5851   pm_buffer.o
        16          0          0          8          0       2638   retarget.o
      2368        290        835          5         64      29495   security_dispatcher.o
      1778        164        408         24          0      53730   security_manager.o
       470         44          0          0        648       7793   segger_rtt.o
      1140        170          0          4          0       8965   system_nrf52.o

    ----------------------------------------------------------------------
     61942       7016       9136        828      14580    1468137   Object Totals
         0          0         32          0          0          0   (incl. Generated)
       114          0         93         20          2          0   (incl. Padding)

    ----------------------------------------------------------------------

      Code (inc. data)   RO Data    RW Data    ZI Data      Debug   Library Member Name

        86          0          0          0          0          0   __dczerorl2.o
         8          4        133          0          0         68   ctype_o.o
         0          0          0          0          0          0   entry.o
         0          0          0          0          0          0   entry10a.o
         0          0          0          0          0          0   entry11a.o
         4          0          0          0          0          0   entry12b.o
         8          4          0          0          0          0   entry2.o
         4          0          0          0          0          0   entry5.o
         0          0          0          0          0          0   entry7b.o
         0          0          0          0          0          0   entry8b.o
         8          4          0          0          0          0   entry9a.o
        30          0          0          0          0          0   handlers.o
        36          8          0          0          0         68   init.o
        30          0          0          0          0         68   llshl.o
        32          0          0          0          0         68   llushr.o
        26          0          0          0          0         80   memcmp.o
        36          0          0          0          0         68   memcpya.o
        36          0          0          0          0        108   memseta.o
      1142         54          0          0          0        352   printf8.o
        18          0          0          0          0         68   strcpy.o
        14          0          0          0          0         68   strlen.o
        98          0          0          0          0         92   uldiv.o

    ----------------------------------------------------------------------
      1622         74        136          0          0       1108   Library Totals
         6          0          3          0          0          0   (incl. Padding)

    ----------------------------------------------------------------------

      Code (inc. data)   RO Data    RW Data    ZI Data      Debug   Library Name

      1616         74        133          0          0       1108   mc_w.l

    ----------------------------------------------------------------------
      1622         74        136          0          0       1108   Library Totals

    ----------------------------------------------------------------------

==============================================================================


      Code (inc. data)   RO Data    RW Data    ZI Data      Debug   

     63564       7090       9272        828      14580    1389861   Grand Totals
     63564       7090       9272        248      14580    1389861   ELF Image Totals (compressed)
     63564       7090       9272        248          0          0   ROM Totals

==============================================================================

    Total RO  Size (Code + RO Data)                72836 (  71.13kB)
    Total RW  Size (RW Data + ZI Data)             15408 (  15.05kB)
    Total ROM Size (Code + RO Data + RW Data)      73084 (  71.37kB)

==============================================================================

